
Running 267 tests using 4 workers

[1A[2K[1/267] [chromium] ΓÇ║ tests\alerts-frames\alerts.spec.ts:8:9 ΓÇ║ Alerts Tests ΓÇ║ should handle simple alert
[1A[2K[2/267] [chromium] ΓÇ║ tests\alerts-frames\alerts.spec.ts:29:9 ΓÇ║ Alerts Tests ΓÇ║ should accept confirm alert
[1A[2K[3/267] [chromium] ΓÇ║ tests\alerts-frames\alerts.spec.ts:23:9 ΓÇ║ Alerts Tests ΓÇ║ should handle delayed alert
[1A[2K[4/267] [chromium] ΓÇ║ tests\alerts-frames\alerts.spec.ts:15:9 ΓÇ║ Alerts Tests ΓÇ║ should accept simple alert
[1A[2K  1) [chromium] ΓÇ║ tests\alerts-frames\alerts.spec.ts:8:9 ΓÇ║ Alerts Tests ΓÇ║ should handle simple alert 

    TimeoutError: page.waitForEvent: Timeout 10000ms exceeded while waiting for event "dialog"
    =========================== logs ===========================
    waiting for event "dialog"
    ============================================================

       at ..\pages\AlertsPage.ts:27

      25 |     async triggerSimpleAlert() {
      26 |         const [alert] = await Promise.all([
    > 27 |             this.page.waitForEvent('dialog', { timeout: 10000 }),
         |                       ^
      28 |             this.selectElement(this.alertButton),
      29 |         ]);
      30 |         return alert.message();
        at AlertsPage.triggerSimpleAlert (C:\Users\S.M Wazid Ullah\Documents\Projects\WAZID-ULLAH-PLAYWRIGHT-467\pages\AlertsPage.ts:27:23)
        at C:\Users\S.M Wazid Ullah\Documents\Projects\WAZID-ULLAH-PLAYWRIGHT-467\tests\alerts-frames\alerts.spec.ts:9:47

    Error Context: test-results\alerts-frames-alerts-Alerts-Tests-should-handle-simple-alert-chromium\error-context.md


[1A[2K  2) [chromium] ΓÇ║ tests\alerts-frames\alerts.spec.ts:15:9 ΓÇ║ Alerts Tests ΓÇ║ should accept simple alert 

    TimeoutError: page.waitForEvent: Timeout 10000ms exceeded while waiting for event "dialog"
    =========================== logs ===========================
    waiting for event "dialog"
    ============================================================

       at ..\pages\AlertsPage.ts:35

      33 |     async handleSimpleAlert() {
      34 |         const [alert] = await Promise.all([
    > 35 |             this.page.waitForEvent('dialog', { timeout: 10000 }),
         |                       ^
      36 |             this.selectElement(this.alertButton),
      37 |         ]);
      38 |         await alert.accept();
        at AlertsPage.handleSimpleAlert (C:\Users\S.M Wazid Ullah\Documents\Projects\WAZID-ULLAH-PLAYWRIGHT-467\pages\AlertsPage.ts:35:23)
        at C:\Users\S.M Wazid Ullah\Documents\Projects\WAZID-ULLAH-PLAYWRIGHT-467\tests\alerts-frames\alerts.spec.ts:16:26

    Error Context: test-results\alerts-frames-alerts-Alerts-Tests-should-accept-simple-alert-chromium\error-context.md


[1A[2K  3) [chromium] ΓÇ║ tests\alerts-frames\alerts.spec.ts:29:9 ΓÇ║ Alerts Tests ΓÇ║ should accept confirm alert 

    TimeoutError: page.waitForEvent: Timeout 10000ms exceeded while waiting for event "dialog"
    =========================== logs ===========================
    waiting for event "dialog"
    ============================================================

       at ..\pages\AlertsPage.ts:51

      49 |     async handleConfirmAlert(accept: boolean = true) {
      50 |         const [alert] = await Promise.all([
    > 51 |             this.page.waitForEvent('dialog', { timeout: 10000 }),
         |                       ^
      52 |             this.selectElement(this.confirmAlertButton),
      53 |         ]);
      54 |         if (accept) {
        at AlertsPage.handleConfirmAlert (C:\Users\S.M Wazid Ullah\Documents\Projects\WAZID-ULLAH-PLAYWRIGHT-467\pages\AlertsPage.ts:51:23)
        at C:\Users\S.M Wazid Ullah\Documents\Projects\WAZID-ULLAH-PLAYWRIGHT-467\tests\alerts-frames\alerts.spec.ts:30:26

    Error Context: test-results\alerts-frames-alerts-Alert-1a861-should-accept-confirm-alert-chromium\error-context.md


[1A[2K[5/267] [chromium] ΓÇ║ tests\alerts-frames\alerts.spec.ts:36:9 ΓÇ║ Alerts Tests ΓÇ║ should dismiss confirm alert
[1A[2K[6/267] [chromium] ΓÇ║ tests\alerts-frames\alerts.spec.ts:43:9 ΓÇ║ Alerts Tests ΓÇ║ should handle prompt alert with text
[1A[2K[7/267] [chromium] ΓÇ║ tests\alerts-frames\alerts.spec.ts:51:9 ΓÇ║ Alerts Tests ΓÇ║ should verify alert label is displayed
[1A[2K  4) [chromium] ΓÇ║ tests\alerts-frames\alerts.spec.ts:23:9 ΓÇ║ Alerts Tests ΓÇ║ should handle delayed alert 

    TimeoutError: page.waitForEvent: Timeout 15000ms exceeded while waiting for event "dialog"
    =========================== logs ===========================
    waiting for event "dialog"
    ============================================================

       at ..\pages\AlertsPage.ts:43

      41 |     async triggerDelayedAlert() {
      42 |         const [alert] = await Promise.all([
    > 43 |             this.page.waitForEvent('dialog', { timeout: 15000 }),
         |                       ^
      44 |             this.selectElement(this.delayedAlertButton),
      45 |         ]);
      46 |         return alert.message();
        at AlertsPage.triggerDelayedAlert (C:\Users\S.M Wazid Ullah\Documents\Projects\WAZID-ULLAH-PLAYWRIGHT-467\pages\AlertsPage.ts:43:23)
        at C:\Users\S.M Wazid Ullah\Documents\Projects\WAZID-ULLAH-PLAYWRIGHT-467\tests\alerts-frames\alerts.spec.ts:24:47

    Error Context: test-results\alerts-frames-alerts-Alert-ead3f-should-handle-delayed-alert-chromium\error-context.md


[1A[2K[8/267] [chromium] ΓÇ║ tests\alerts-frames\frames.spec.ts:8:9 ΓÇ║ Frames Tests ΓÇ║ should verify large frame is visible
[1A[2K  5) [chromium] ΓÇ║ tests\alerts-frames\frames.spec.ts:8:9 ΓÇ║ Frames Tests ΓÇ║ should verify large frame is visible 

    Error: [2mexpect([22m[31mreceived[39m[2m).[22mtoBeTruthy[2m()[22m

    Received: [31mfalse[39m

       8 |     test('should verify large frame is visible', async ({ framesPage }) => {
       9 |         const isVisible = await framesPage.isLargeFrameVisible();
    > 10 |         expect(isVisible).toBeTruthy();
         |                           ^
      11 |     });
      12 |
      13 |     test('should verify small frame is visible', async ({ framesPage }) => {
        at C:\Users\S.M Wazid Ullah\Documents\Projects\WAZID-ULLAH-PLAYWRIGHT-467\tests\alerts-frames\frames.spec.ts:10:27

    Error Context: test-results\alerts-frames-frames-Frame-5f774-rify-large-frame-is-visible-chromium\error-context.md


[1A[2K[9/267] [chromium] ΓÇ║ tests\alerts-frames\frames.spec.ts:13:9 ΓÇ║ Frames Tests ΓÇ║ should verify small frame is visible
[1A[2K  6) [chromium] ΓÇ║ tests\alerts-frames\frames.spec.ts:13:9 ΓÇ║ Frames Tests ΓÇ║ should verify small frame is visible 

    Error: [2mexpect([22m[31mreceived[39m[2m).[22mtoBeTruthy[2m()[22m

    Received: [31mfalse[39m

      13 |     test('should verify small frame is visible', async ({ framesPage }) => {
      14 |         const isVisible = await framesPage.isSmallFrameVisible();
    > 15 |         expect(isVisible).toBeTruthy();
         |                           ^
      16 |     });
      17 |
      18 |     test('should get content from large frame', async ({ framesPage }) => {
        at C:\Users\S.M Wazid Ullah\Documents\Projects\WAZID-ULLAH-PLAYWRIGHT-467\tests\alerts-frames\frames.spec.ts:15:27

    Error Context: test-results\alerts-frames-frames-Frame-45cad-rify-small-frame-is-visible-chromium\error-context.md


[1A[2K[10/267] [chromium] ΓÇ║ tests\alerts-frames\frames.spec.ts:18:9 ΓÇ║ Frames Tests ΓÇ║ should get content from large frame
[1A[2K  7) [chromium] ΓÇ║ tests\alerts-frames\alerts.spec.ts:51:9 ΓÇ║ Alerts Tests ΓÇ║ should verify alert label is displayed 

    TimeoutError: page.waitForEvent: Timeout 10000ms exceeded while waiting for event "dialog"
    =========================== logs ===========================
    waiting for event "dialog"
    ============================================================

       at ..\pages\AlertsPage.ts:35

      33 |     async handleSimpleAlert() {
      34 |         const [alert] = await Promise.all([
    > 35 |             this.page.waitForEvent('dialog', { timeout: 10000 }),
         |                       ^
      36 |             this.selectElement(this.alertButton),
      37 |         ]);
      38 |         await alert.accept();
        at AlertsPage.handleSimpleAlert (C:\Users\S.M Wazid Ullah\Documents\Projects\WAZID-ULLAH-PLAYWRIGHT-467\pages\AlertsPage.ts:35:23)
        at C:\Users\S.M Wazid Ullah\Documents\Projects\WAZID-ULLAH-PLAYWRIGHT-467\tests\alerts-frames\alerts.spec.ts:52:26

    Error Context: test-results\alerts-frames-alerts-Alert-1b1eb-fy-alert-label-is-displayed-chromium\error-context.md


[1A[2K  8) [chromium] ΓÇ║ tests\alerts-frames\alerts.spec.ts:43:9 ΓÇ║ Alerts Tests ΓÇ║ should handle prompt alert with text 

    TimeoutError: page.waitForEvent: Timeout 10000ms exceeded while waiting for event "dialog"
    =========================== logs ===========================
    waiting for event "dialog"
    ============================================================

       at ..\pages\AlertsPage.ts:63

      61 |     async handlePromptAlert(text: string) {
      62 |         const [alert] = await Promise.all([
    > 63 |             this.page.waitForEvent('dialog', { timeout: 10000 }),
         |                       ^
      64 |             this.selectElement(this.promtAlertButton),
      65 |         ]);
      66 |         await alert.accept(text);
        at AlertsPage.handlePromptAlert (C:\Users\S.M Wazid Ullah\Documents\Projects\WAZID-ULLAH-PLAYWRIGHT-467\pages\AlertsPage.ts:63:23)
        at C:\Users\S.M Wazid Ullah\Documents\Projects\WAZID-ULLAH-PLAYWRIGHT-467\tests\alerts-frames\alerts.spec.ts:45:26

    Error Context: test-results\alerts-frames-alerts-Alert-359e2-ndle-prompt-alert-with-text-chromium\error-context.md


[1A[2K  9) [chromium] ΓÇ║ tests\alerts-frames\alerts.spec.ts:36:9 ΓÇ║ Alerts Tests ΓÇ║ should dismiss confirm alert 

    TimeoutError: page.waitForEvent: Timeout 10000ms exceeded while waiting for event "dialog"
    =========================== logs ===========================
    waiting for event "dialog"
    ============================================================

       at ..\pages\AlertsPage.ts:51

      49 |     async handleConfirmAlert(accept: boolean = true) {
      50 |         const [alert] = await Promise.all([
    > 51 |             this.page.waitForEvent('dialog', { timeout: 10000 }),
         |                       ^
      52 |             this.selectElement(this.confirmAlertButton),
      53 |         ]);
      54 |         if (accept) {
        at AlertsPage.handleConfirmAlert (C:\Users\S.M Wazid Ullah\Documents\Projects\WAZID-ULLAH-PLAYWRIGHT-467\pages\AlertsPage.ts:51:23)
        at C:\Users\S.M Wazid Ullah\Documents\Projects\WAZID-ULLAH-PLAYWRIGHT-467\tests\alerts-frames\alerts.spec.ts:37:26

    Error Context: test-results\alerts-frames-alerts-Alert-9eb78-hould-dismiss-confirm-alert-chromium\error-context.md


[1A[2K[11/267] [chromium] ΓÇ║ tests\alerts-frames\frames.spec.ts:33:9 ΓÇ║ Frames Tests ΓÇ║ should verify small frame contains expected text
[1A[2K[12/267] [chromium] ΓÇ║ tests\alerts-frames\frames.spec.ts:23:9 ΓÇ║ Frames Tests ΓÇ║ should get content from small frame
[1A[2K[13/267] [chromium] ΓÇ║ tests\alerts-frames\frames.spec.ts:28:9 ΓÇ║ Frames Tests ΓÇ║ should verify large frame contains expected text
[1A[2K  10) [chromium] ΓÇ║ tests\alerts-frames\frames.spec.ts:18:9 ΓÇ║ Frames Tests ΓÇ║ should get content from large frame 

    [31mTest timeout of 30000ms exceeded.[39m

    Error: locator.textContent: Test timeout of 30000ms exceeded.
    Call log:
    [2m  - waiting for locator('#frame1').contentFrame().locator('h1')[22m


       at ..\pages\FramesPage.ts:27

      25 |     async getFrameTitle(): Promise<string> {
      26 |         const heading = this.largeFrameId.locator('h1');
    > 27 |         return await heading.textContent() || '';
         |                              ^
      28 |     }
      29 |
      30 |     async getSampleHeading(): Promise<string> {
        at FramesPage.getFrameTitle (C:\Users\S.M Wazid Ullah\Documents\Projects\WAZID-ULLAH-PLAYWRIGHT-467\pages\FramesPage.ts:27:30)
        at C:\Users\S.M Wazid Ullah\Documents\Projects\WAZID-ULLAH-PLAYWRIGHT-467\tests\alerts-frames\frames.spec.ts:19:40

    Error Context: test-results\alerts-frames-frames-Frame-97273-et-content-from-large-frame-chromium\error-context.md


[1A[2K[14/267] [chromium] ΓÇ║ tests\alerts-frames\frames.spec.ts:38:9 ΓÇ║ Frames Tests ΓÇ║ should navigate to frames and verify page structure
[1A[2K  11) [chromium] ΓÇ║ tests\alerts-frames\frames.spec.ts:33:9 ΓÇ║ Frames Tests ΓÇ║ should verify small frame contains expected text 

    [31mTest timeout of 30000ms exceeded.[39m

    Error: locator.textContent: Test timeout of 30000ms exceeded.
    Call log:
    [2m  - waiting for locator('#frame2').contentFrame().locator('body')[22m


       at ..\pages\FramesPage.ts:42

      40 |     async verifyFrameContent(frameLocator: FrameLocator, expectedText: string): Promise<boolean> {
      41 |         const content = frameLocator.locator('body');
    > 42 |         const text = await content.textContent() || '';
         |                                    ^
      43 |         return text.includes(expectedText);
      44 |     }
      45 |
        at FramesPage.verifyFrameContent (C:\Users\S.M Wazid Ullah\Documents\Projects\WAZID-ULLAH-PLAYWRIGHT-467\pages\FramesPage.ts:42:36)
        at C:\Users\S.M Wazid Ullah\Documents\Projects\WAZID-ULLAH-PLAYWRIGHT-467\tests\alerts-frames\frames.spec.ts:34:45

    Error Context: test-results\alerts-frames-frames-Frame-06a90-rame-contains-expected-text-chromium\error-context.md


[1A[2K  12) [chromium] ΓÇ║ tests\alerts-frames\frames.spec.ts:23:9 ΓÇ║ Frames Tests ΓÇ║ should get content from small frame 

    [31mTest timeout of 30000ms exceeded.[39m

    Error: locator.textContent: Test timeout of 30000ms exceeded.
    Call log:
    [2m  - waiting for locator('#frame2').contentFrame().locator('h1')[22m


       at ..\pages\FramesPage.ts:37

      35 |     async getSmallFrameText(): Promise<string> {
      36 |         const heading = this.smallFrameId.locator('h1');
    > 37 |         return await heading.textContent() || '';
         |                              ^
      38 |     }
      39 |
      40 |     async verifyFrameContent(frameLocator: FrameLocator, expectedText: string): Promise<boolean> {
        at FramesPage.getSmallFrameText (C:\Users\S.M Wazid Ullah\Documents\Projects\WAZID-ULLAH-PLAYWRIGHT-467\pages\FramesPage.ts:37:30)
        at C:\Users\S.M Wazid Ullah\Documents\Projects\WAZID-ULLAH-PLAYWRIGHT-467\tests\alerts-frames\frames.spec.ts:24:45

    Error Context: test-results\alerts-frames-frames-Frame-1f1ec-et-content-from-small-frame-chromium\error-context.md


[1A[2K  13) [chromium] ΓÇ║ tests\alerts-frames\frames.spec.ts:28:9 ΓÇ║ Frames Tests ΓÇ║ should verify large frame contains expected text 

    [31mTest timeout of 30000ms exceeded.[39m

    Error: locator.textContent: Test timeout of 30000ms exceeded.
    Call log:
    [2m  - waiting for locator('#frame1').contentFrame().locator('body')[22m


       at ..\pages\FramesPage.ts:42

      40 |     async verifyFrameContent(frameLocator: FrameLocator, expectedText: string): Promise<boolean> {
      41 |         const content = frameLocator.locator('body');
    > 42 |         const text = await content.textContent() || '';
         |                                    ^
      43 |         return text.includes(expectedText);
      44 |     }
      45 |
        at FramesPage.verifyFrameContent (C:\Users\S.M Wazid Ullah\Documents\Projects\WAZID-ULLAH-PLAYWRIGHT-467\pages\FramesPage.ts:42:36)
        at C:\Users\S.M Wazid Ullah\Documents\Projects\WAZID-ULLAH-PLAYWRIGHT-467\tests\alerts-frames\frames.spec.ts:29:45

    Error Context: test-results\alerts-frames-frames-Frame-28a0b-rame-contains-expected-text-chromium\error-context.md


[1A[2K  14) [chromium] ΓÇ║ tests\alerts-frames\frames.spec.ts:38:9 ΓÇ║ Frames Tests ΓÇ║ should navigate to frames and verify page structure 

    Error: [2mexpect([22m[31mreceived[39m[2m).[22mtoBeTruthy[2m()[22m

    Received: [31mfalse[39m

      43 |         const smallVisible = await framesPage.isSmallFrameVisible();
      44 |         
    > 45 |         expect(largeVisible).toBeTruthy();
         |                              ^
      46 |         expect(smallVisible).toBeTruthy();
      47 |     });
      48 | });
        at C:\Users\S.M Wazid Ullah\Documents\Projects\WAZID-ULLAH-PLAYWRIGHT-467\tests\alerts-frames\frames.spec.ts:45:30

    Error Context: test-results\alerts-frames-frames-Frame-6bc80-s-and-verify-page-structure-chromium\error-context.md


[1A[2K[15/267] [chromium] ΓÇ║ tests\BrowseWebsite.spec.js:3:1 ΓÇ║ Browse Website
[1A[2K[16/267] [chromium] ΓÇ║ tests\Codegen_Record_DemoLogin.spec.js:3:5 ΓÇ║ test
[1A[2K[17/267] [chromium] ΓÇ║ tests\e2e\demoqa.e2e.spec.ts:4:9 ΓÇ║ Demo QA E2E Tests ΓÇ║ should navigate to demoqa and verify all sections visible
[1A[2K[18/267] [chromium] ΓÇ║ tests\e2e\demoqa.e2e.spec.ts:16:9 ΓÇ║ Demo QA E2E Tests ΓÇ║ should navigate to elements section from home page
[1A[2K[19/267] [chromium] ΓÇ║ tests\e2e\demoqa.e2e.spec.ts:23:9 ΓÇ║ Demo QA E2E Tests ΓÇ║ should navigate to forms section from home page
[1A[2K[20/267] [chromium] ΓÇ║ tests\e2e\demoqa.e2e.spec.ts:30:9 ΓÇ║ Demo QA E2E Tests ΓÇ║ should navigate to alerts section from home page
[1A[2K[chromium] ΓÇ║ tests\BrowseWebsite.spec.js:3:1 ΓÇ║ Browse Website
Website browsing Successful

[1A[2K[21/267] [chromium] ΓÇ║ tests\e2e\demoqa.e2e.spec.ts:37:9 ΓÇ║ Demo QA E2E Tests ΓÇ║ should navigate to widgets section from home page
[1A[2K[22/267] [chromium] ΓÇ║ tests\e2e\demoqa.e2e.spec.ts:44:9 ΓÇ║ Demo QA E2E Tests ΓÇ║ should navigate to interactions section from home page
[1A[2K  15) [chromium] ΓÇ║ tests\e2e\demoqa.e2e.spec.ts:4:9 ΓÇ║ Demo QA E2E Tests ΓÇ║ should navigate to demoqa and verify all sections visible 

    Error: [2mexpect([22m[31mpage[39m[2m).[22mtoHaveTitle[2m([22m[32mexpected[39m[2m)[22m failed

    Expected pattern: [32m/.*DEMOQA.*/i[39m
    Received string:  [31m"demosite"[39m
    Timeout: 5000ms

    Call log:
    [2m  - Expect "toHaveTitle" with timeout 5000ms[22m
    [2m    8 ├ù unexpected value "demosite"[22m


       5 |         await homePage.navigateTo();
       6 |         
    >  7 |         await expect(homePage.page).toHaveTitle(/.*DEMOQA.*/i);
         |                                     ^
       8 |         await expect(homePage.elementsCard).toBeVisible();
       9 |         await expect(homePage.formsCard).toBeVisible();
      10 |         await expect(homePage.alertsCard).toBeVisible();
        at C:\Users\S.M Wazid Ullah\Documents\Projects\WAZID-ULLAH-PLAYWRIGHT-467\tests\e2e\demoqa.e2e.spec.ts:7:37

    Error Context: test-results\e2e-demoqa.e2e-Demo-QA-E2E-95347-verify-all-sections-visible-chromium\error-context.md


[1A[2K[23/267] [chromium] ΓÇ║ tests\elements\buttons.spec.ts:18:9 ΓÇ║ Buttons Tests ΓÇ║ should handle right click button
[1A[2K  16) [chromium] ΓÇ║ tests\elements\buttons.spec.ts:18:9 ΓÇ║ Buttons Tests ΓÇ║ should handle right click button 

    TypeError: buttonsPage.rightClickButton is not a function

      17 |
      18 |     test('should handle right click button', async ({ buttonsPage }) => {
    > 19 |         await buttonsPage.rightClickButton();
         |                           ^
      20 |         
      21 |         const isMessageDisplayed = await buttonsPage.isRightClickMessageDisplayed();
      22 |         expect(isMessageDisplayed).toBeTruthy();
        at C:\Users\S.M Wazid Ullah\Documents\Projects\WAZID-ULLAH-PLAYWRIGHT-467\tests\elements\buttons.spec.ts:19:27

    Error Context: test-results\elements-buttons-Buttons-T-ebee4-d-handle-right-click-button-chromium\error-context.md


[1A[2K[24/267] [chromium] ΓÇ║ tests\elements\buttons.spec.ts:38:9 ΓÇ║ Buttons Tests ΓÇ║ should perform all button click actions
[1A[2K[25/267] [chromium] ΓÇ║ tests\elements\buttons.spec.ts:8:9 ΓÇ║ Buttons Tests ΓÇ║ should handle double click button
[1A[2K[26/267] [chromium] ΓÇ║ tests\elements\checkBox.spec.ts:8:9 ΓÇ║ CheckBox Tests ΓÇ║ should expand all checkboxes
[1A[2K  17) [chromium] ΓÇ║ tests\elements\buttons.spec.ts:38:9 ΓÇ║ Buttons Tests ΓÇ║ should perform all button click actions 

    TypeError: buttonsPage.doubleClickButton is not a function

      38 |     test('should perform all button click actions', async ({ buttonsPage }) => {
      39 |         // Double click
    > 40 |         await buttonsPage.doubleClickButton();
         |                           ^
      41 |         let isDisplayed = await buttonsPage.isDoubleClickMessageDisplayed();
      42 |         expect(isDisplayed).toBeTruthy();
      43 |         
        at C:\Users\S.M Wazid Ullah\Documents\Projects\WAZID-ULLAH-PLAYWRIGHT-467\tests\elements\buttons.spec.ts:40:27

    Error Context: test-results\elements-buttons-Buttons-T-072b1-rm-all-button-click-actions-chromium\error-context.md


[1A[2K  18) [chromium] ΓÇ║ tests\elements\checkBox.spec.ts:8:9 ΓÇ║ CheckBox Tests ΓÇ║ should expand all checkboxes 

    Error: [2mexpect([22m[31mreceived[39m[2m).[22mtoBeGreaterThan[2m([22m[32mexpected[39m[2m)[22m

    Expected: > [32m0[39m
    Received:   [31m0[39m

      10 |         
      11 |         const checkboxCount = await checkBoxPage.getElementCount(checkBoxPage.checkboxes);
    > 12 |         expect(checkboxCount).toBeGreaterThan(0);
         |                               ^
      13 |     });
      14 |
      15 |     test('should select home checkbox', async ({ checkBoxPage }) => {
        at C:\Users\S.M Wazid Ullah\Documents\Projects\WAZID-ULLAH-PLAYWRIGHT-467\tests\elements\checkBox.spec.ts:12:31

    Error Context: test-results\elements-checkBox-CheckBox-552c2-hould-expand-all-checkboxes-chromium\error-context.md


[1A[2K  19) [chromium] ΓÇ║ tests\elements\buttons.spec.ts:8:9 ΓÇ║ Buttons Tests ΓÇ║ should handle double click button 

    TypeError: buttonsPage.doubleClickButton is not a function

       7 |
       8 |     test('should handle double click button', async ({ buttonsPage }) => {
    >  9 |         await buttonsPage.doubleClickButton();
         |                           ^
      10 |         
      11 |         const isMessageDisplayed = await buttonsPage.isDoubleClickMessageDisplayed();
      12 |         expect(isMessageDisplayed).toBeTruthy();
        at C:\Users\S.M Wazid Ullah\Documents\Projects\WAZID-ULLAH-PLAYWRIGHT-467\tests\elements\buttons.spec.ts:9:27

    Error Context: test-results\elements-buttons-Buttons-T-58380--handle-double-click-button-chromium\error-context.md


[1A[2K[27/267] [chromium] ΓÇ║ tests\elements\buttons.spec.ts:28:9 ΓÇ║ Buttons Tests ΓÇ║ should handle single click button
[1A[2K[28/267] [chromium] ΓÇ║ tests\elements\checkBox.spec.ts:15:9 ΓÇ║ CheckBox Tests ΓÇ║ should select home checkbox
[1A[2K[29/267] [chromium] ΓÇ║ tests\elements\checkBox.spec.ts:23:9 ΓÇ║ CheckBox Tests ΓÇ║ should select multiple checkboxes and verify
[1A[2K[30/267] [chromium] ΓÇ║ tests\elements\checkBox.spec.ts:35:9 ΓÇ║ CheckBox Tests ΓÇ║ should display result when checkbox is selected
[1A[2K  20) [chromium] ΓÇ║ tests\elements\buttons.spec.ts:28:9 ΓÇ║ Buttons Tests ΓÇ║ should handle single click button 

    [31mTest timeout of 30000ms exceeded.[39m

    Error: locator.click: Test timeout of 30000ms exceeded.
    Call log:
    [2m  - waiting for locator('button:has-text("Click Me")')[22m


       at ..\pages\base\BasePage.ts:44

      42 |      */
      43 |     async selectElement(locator: Locator) {
    > 44 |         await locator.click();
         |                       ^
      45 |     }
      46 |
      47 |     /**
        at ButtonsPage.selectElement (C:\Users\S.M Wazid Ullah\Documents\Projects\WAZID-ULLAH-PLAYWRIGHT-467\pages\base\BasePage.ts:44:23)
        at ButtonsPage.singleClickButton (C:\Users\S.M Wazid Ullah\Documents\Projects\WAZID-ULLAH-PLAYWRIGHT-467\pages\ButtonsPage.ts:36:20)
        at C:\Users\S.M Wazid Ullah\Documents\Projects\WAZID-ULLAH-PLAYWRIGHT-467\tests\elements\buttons.spec.ts:29:27

    Error Context: test-results\elements-buttons-Buttons-T-69294--handle-single-click-button-chromium\error-context.md


[1A[2K  21) [chromium] ΓÇ║ tests\elements\checkBox.spec.ts:15:9 ΓÇ║ CheckBox Tests ΓÇ║ should select home checkbox 

    [31mTest timeout of 30000ms exceeded.[39m

    Error: locator.click: Test timeout of 30000ms exceeded.
    Call log:
    [2m  - waiting for locator('label:has-text("Home") input[type="checkbox"]')[22m


       at ..\pages\base\BasePage.ts:44

      42 |      */
      43 |     async selectElement(locator: Locator) {
    > 44 |         await locator.click();
         |                       ^
      45 |     }
      46 |
      47 |     /**
        at CheckBoxPage.selectElement (C:\Users\S.M Wazid Ullah\Documents\Projects\WAZID-ULLAH-PLAYWRIGHT-467\pages\base\BasePage.ts:44:23)
        at CheckBoxPage.selectCheckbox (C:\Users\S.M Wazid Ullah\Documents\Projects\WAZID-ULLAH-PLAYWRIGHT-467\pages\CheckBoxPage.ts:43:20)
        at C:\Users\S.M Wazid Ullah\Documents\Projects\WAZID-ULLAH-PLAYWRIGHT-467\tests\elements\checkBox.spec.ts:17:28

    Error Context: test-results\elements-checkBox-CheckBox-Tests-should-select-home-checkbox-chromium\error-context.md


[1A[2K[31/267] [chromium] ΓÇ║ tests\elements\checkBox.spec.ts:46:9 ΓÇ║ CheckBox Tests ΓÇ║ should verify checkbox item expansion
[1A[2K  22) [chromium] ΓÇ║ tests\elements\checkBox.spec.ts:23:9 ΓÇ║ CheckBox Tests ΓÇ║ should select multiple checkboxes and verify 

    [31mTest timeout of 30000ms exceeded.[39m

    Error: locator.click: Test timeout of 30000ms exceeded.
    Call log:
    [2m  - waiting for locator('label:has-text("Home") input[type="checkbox"]')[22m


       at ..\pages\base\BasePage.ts:44

      42 |      */
      43 |     async selectElement(locator: Locator) {
    > 44 |         await locator.click();
         |                       ^
      45 |     }
      46 |
      47 |     /**
        at CheckBoxPage.selectElement (C:\Users\S.M Wazid Ullah\Documents\Projects\WAZID-ULLAH-PLAYWRIGHT-467\pages\base\BasePage.ts:44:23)
        at CheckBoxPage.selectCheckbox (C:\Users\S.M Wazid Ullah\Documents\Projects\WAZID-ULLAH-PLAYWRIGHT-467\pages\CheckBoxPage.ts:43:20)
        at CheckBoxPage.selectMultipleCheckboxes (C:\Users\S.M Wazid Ullah\Documents\Projects\WAZID-ULLAH-PLAYWRIGHT-467\pages\CheckBoxPage.ts:48:24)
        at C:\Users\S.M Wazid Ullah\Documents\Projects\WAZID-ULLAH-PLAYWRIGHT-467\tests\elements\checkBox.spec.ts:27:28

    Error Context: test-results\elements-checkBox-CheckBox-a448f-tiple-checkboxes-and-verify-chromium\error-context.md


[1A[2K  23) [chromium] ΓÇ║ tests\elements\checkBox.spec.ts:35:9 ΓÇ║ CheckBox Tests ΓÇ║ should display result when checkbox is selected 

    [31mTest timeout of 30000ms exceeded.[39m

    Error: locator.click: Test timeout of 30000ms exceeded.
    Call log:
    [2m  - waiting for locator('label:has-text("Home") input[type="checkbox"]')[22m


       at ..\pages\base\BasePage.ts:44

      42 |      */
      43 |     async selectElement(locator: Locator) {
    > 44 |         await locator.click();
         |                       ^
      45 |     }
      46 |
      47 |     /**
        at CheckBoxPage.selectElement (C:\Users\S.M Wazid Ullah\Documents\Projects\WAZID-ULLAH-PLAYWRIGHT-467\pages\base\BasePage.ts:44:23)
        at CheckBoxPage.selectCheckbox (C:\Users\S.M Wazid Ullah\Documents\Projects\WAZID-ULLAH-PLAYWRIGHT-467\pages\CheckBoxPage.ts:43:20)
        at C:\Users\S.M Wazid Ullah\Documents\Projects\WAZID-ULLAH-PLAYWRIGHT-467\tests\elements\checkBox.spec.ts:37:28

    Error Context: test-results\elements-checkBox-CheckBox-30d5e-t-when-checkbox-is-selected-chromium\error-context.md


[1A[2K[32/267] [chromium] ΓÇ║ tests\elements\links.spec.ts:8:9 ΓÇ║ Links Tests ΓÇ║ should click home link and verify navigation
[1A[2K[33/267] [chromium] ΓÇ║ tests\elements\links.spec.ts:20:9 ΓÇ║ Links Tests ΓÇ║ should click dynamic link
[1A[2K[34/267] [chromium] ΓÇ║ tests\elements\links.spec.ts:29:9 ΓÇ║ Links Tests ΓÇ║ should verify created link response
[1A[2K[35/267] [chromium] ΓÇ║ tests\elements\links.spec.ts:39:9 ΓÇ║ Links Tests ΓÇ║ should verify no content link response
[1A[2K  24) [chromium] ΓÇ║ tests\elements\checkBox.spec.ts:46:9 ΓÇ║ CheckBox Tests ΓÇ║ should verify checkbox item expansion 

    [31mTest timeout of 30000ms exceeded.[39m

    Error: locator.click: Test timeout of 30000ms exceeded.
    Call log:
    [2m  - waiting for locator('button.rct-collapse-btn').first()[22m


       at ..\pages\base\BasePage.ts:44

      42 |      */
      43 |     async selectElement(locator: Locator) {
    > 44 |         await locator.click();
         |                       ^
      45 |     }
      46 |
      47 |     /**
        at CheckBoxPage.selectElement (C:\Users\S.M Wazid Ullah\Documents\Projects\WAZID-ULLAH-PLAYWRIGHT-467\pages\base\BasePage.ts:44:23)
        at CheckBoxPage.clickExpandButton (C:\Users\S.M Wazid Ullah\Documents\Projects\WAZID-ULLAH-PLAYWRIGHT-467\pages\CheckBoxPage.ts:30:20)
        at C:\Users\S.M Wazid Ullah\Documents\Projects\WAZID-ULLAH-PLAYWRIGHT-467\tests\elements\checkBox.spec.ts:47:28

    Error Context: test-results\elements-checkBox-CheckBox-baec8-ify-checkbox-item-expansion-chromium\error-context.md


[1A[2K  25) [chromium] ΓÇ║ tests\elements\links.spec.ts:8:9 ΓÇ║ Links Tests ΓÇ║ should click home link and verify navigation 

    [31mTest timeout of 30000ms exceeded.[39m

    Error: locator.textContent: Target page, context or browser has been closed

       at ..\pages\base\BasePage.ts:65

      63 |      */
      64 |     async getElementText(locator: Locator): Promise<string> {
    > 65 |         return await locator.textContent() || '';
         |                              ^
      66 |     }
      67 |
      68 |     /**
        at LinksPage.getElementText (C:\Users\S.M Wazid Ullah\Documents\Projects\WAZID-ULLAH-PLAYWRIGHT-467\pages\base\BasePage.ts:65:30)
        at LinksPage.getResponseMessage (C:\Users\S.M Wazid Ullah\Documents\Projects\WAZID-ULLAH-PLAYWRIGHT-467\pages\LinksPage.ts:48:27)
        at C:\Users\S.M Wazid Ullah\Documents\Projects\WAZID-ULLAH-PLAYWRIGHT-467\tests\elements\links.spec.ts:16:49

    Error Context: test-results\elements-links-Links-Tests-cd02f--link-and-verify-navigation-chromium\error-context.md


[1A[2K[36/267] [chromium] ΓÇ║ tests\elements\links.spec.ts:49:9 ΓÇ║ Links Tests ΓÇ║ should verify moved permanently link response
[1A[2K  26) [chromium] ΓÇ║ tests\elements\links.spec.ts:29:9 ΓÇ║ Links Tests ΓÇ║ should verify created link response 

    [31mTest timeout of 30000ms exceeded.[39m

    Error: locator.click: Test timeout of 30000ms exceeded.
    Call log:
    [2m  - waiting for locator('a:has-text("Created")')[22m


       at ..\pages\base\BasePage.ts:44

      42 |      */
      43 |     async selectElement(locator: Locator) {
    > 44 |         await locator.click();
         |                       ^
      45 |     }
      46 |
      47 |     /**
        at LinksPage.selectElement (C:\Users\S.M Wazid Ullah\Documents\Projects\WAZID-ULLAH-PLAYWRIGHT-467\pages\base\BasePage.ts:44:23)
        at LinksPage.clickLinkByText (C:\Users\S.M Wazid Ullah\Documents\Projects\WAZID-ULLAH-PLAYWRIGHT-467\pages\LinksPage.ts:44:20)
        at C:\Users\S.M Wazid Ullah\Documents\Projects\WAZID-ULLAH-PLAYWRIGHT-467\tests\elements\links.spec.ts:30:25

    Error Context: test-results\elements-links-Links-Tests-295ee-erify-created-link-response-chromium\error-context.md


[1A[2K[37/267] [chromium] ΓÇ║ tests\elements\links.spec.ts:59:9 ΓÇ║ Links Tests ΓÇ║ should copy link href
[1A[2K  27) [chromium] ΓÇ║ tests\elements\links.spec.ts:39:9 ΓÇ║ Links Tests ΓÇ║ should verify no content link response 

    [31mTest timeout of 30000ms exceeded.[39m

    Error: locator.click: Test timeout of 30000ms exceeded.
    Call log:
    [2m  - waiting for locator('a:has-text("No Content")')[22m


       at ..\pages\base\BasePage.ts:44

      42 |      */
      43 |     async selectElement(locator: Locator) {
    > 44 |         await locator.click();
         |                       ^
      45 |     }
      46 |
      47 |     /**
        at LinksPage.selectElement (C:\Users\S.M Wazid Ullah\Documents\Projects\WAZID-ULLAH-PLAYWRIGHT-467\pages\base\BasePage.ts:44:23)
        at LinksPage.clickLinkByText (C:\Users\S.M Wazid Ullah\Documents\Projects\WAZID-ULLAH-PLAYWRIGHT-467\pages\LinksPage.ts:44:20)
        at C:\Users\S.M Wazid Ullah\Documents\Projects\WAZID-ULLAH-PLAYWRIGHT-467\tests\elements\links.spec.ts:40:25

    Error Context: test-results\elements-links-Links-Tests-fe4bb-fy-no-content-link-response-chromium\error-context.md


[1A[2K[38/267] [chromium] ΓÇ║ tests\elements\radioButton.spec.ts:8:9 ΓÇ║ RadioButton Tests ΓÇ║ should select yes radio button
[1A[2K[39/267] [chromium] ΓÇ║ tests\elements\radioButton.spec.ts:15:9 ΓÇ║ RadioButton Tests ΓÇ║ should select impressive radio button
[1A[2K  28) [chromium] ΓÇ║ tests\elements\links.spec.ts:49:9 ΓÇ║ Links Tests ΓÇ║ should verify moved permanently link response 

    [31mTest timeout of 30000ms exceeded.[39m

    Error: locator.click: Test timeout of 30000ms exceeded.
    Call log:
    [2m  - waiting for locator('a:has-text("Moved Permanently")')[22m


       at ..\pages\base\BasePage.ts:44

      42 |      */
      43 |     async selectElement(locator: Locator) {
    > 44 |         await locator.click();
         |                       ^
      45 |     }
      46 |
      47 |     /**
        at LinksPage.selectElement (C:\Users\S.M Wazid Ullah\Documents\Projects\WAZID-ULLAH-PLAYWRIGHT-467\pages\base\BasePage.ts:44:23)
        at LinksPage.clickLinkByText (C:\Users\S.M Wazid Ullah\Documents\Projects\WAZID-ULLAH-PLAYWRIGHT-467\pages\LinksPage.ts:44:20)
        at C:\Users\S.M Wazid Ullah\Documents\Projects\WAZID-ULLAH-PLAYWRIGHT-467\tests\elements\links.spec.ts:50:25

    Error Context: test-results\elements-links-Links-Tests-a4724-d-permanently-link-response-chromium\error-context.md


[1A[2K  29) [chromium] ΓÇ║ tests\elements\links.spec.ts:59:9 ΓÇ║ Links Tests ΓÇ║ should copy link href ΓöÇΓöÇΓöÇΓöÇΓöÇΓöÇΓöÇΓöÇΓöÇ

    [31mTest timeout of 30000ms exceeded.[39m

    Error: locator.getAttribute: Test timeout of 30000ms exceeded.
    Call log:
    [2m  - waiting for locator('a:has-text("Home")')[22m


       at ..\pages\base\BasePage.ts:72

      70 |      */
      71 |     async getAttribute(locator: Locator, attributeName: string): Promise<string | null> {
    > 72 |         return await locator.getAttribute(attributeName);
         |                              ^
      73 |     }
      74 |
      75 |     /**
        at LinksPage.getAttribute (C:\Users\S.M Wazid Ullah\Documents\Projects\WAZID-ULLAH-PLAYWRIGHT-467\pages\base\BasePage.ts:72:30)
        at LinksPage.copyLink (C:\Users\S.M Wazid Ullah\Documents\Projects\WAZID-ULLAH-PLAYWRIGHT-467\pages\LinksPage.ts:57:33)
        at C:\Users\S.M Wazid Ullah\Documents\Projects\WAZID-ULLAH-PLAYWRIGHT-467\tests\elements\links.spec.ts:60:38

    Error Context: test-results\elements-links-Links-Tests-should-copy-link-href-chromium\error-context.md


[1A[2K[40/267] [chromium] ΓÇ║ tests\elements\radioButton.spec.ts:22:9 ΓÇ║ RadioButton Tests ΓÇ║ should not be able to select no option
[1A[2K  30) [chromium] ΓÇ║ tests\elements\radioButton.spec.ts:8:9 ΓÇ║ RadioButton Tests ΓÇ║ should select yes radio button 

    [31mTest timeout of 30000ms exceeded.[39m

    Error: locator.click: Test timeout of 30000ms exceeded.
    Call log:
    [2m  - waiting for locator('label').filter({ hasText: 'Yes' })[22m


       at ..\pages\base\BasePage.ts:44

      42 |      */
      43 |     async selectElement(locator: Locator) {
    > 44 |         await locator.click();
         |                       ^
      45 |     }
      46 |
      47 |     /**
        at RadioButtonPage.selectElement (C:\Users\S.M Wazid Ullah\Documents\Projects\WAZID-ULLAH-PLAYWRIGHT-467\pages\base\BasePage.ts:44:23)
        at RadioButtonPage.selectYesOption (C:\Users\S.M Wazid Ullah\Documents\Projects\WAZID-ULLAH-PLAYWRIGHT-467\pages\RadioButtonPage.ts:24:20)
        at C:\Users\S.M Wazid Ullah\Documents\Projects\WAZID-ULLAH-PLAYWRIGHT-467\tests\elements\radioButton.spec.ts:9:31

    Error Context: test-results\elements-radioButton-Radio-3e317-uld-select-yes-radio-button-chromium\error-context.md


[1A[2K  31) [chromium] ΓÇ║ tests\elements\radioButton.spec.ts:15:9 ΓÇ║ RadioButton Tests ΓÇ║ should select impressive radio button 

    [31mTest timeout of 30000ms exceeded.[39m

    Error: locator.click: Test timeout of 30000ms exceeded.
    Call log:
    [2m  - waiting for locator('label').filter({ hasText: 'Impressive' })[22m


       at ..\pages\base\BasePage.ts:44

      42 |      */
      43 |     async selectElement(locator: Locator) {
    > 44 |         await locator.click();
         |                       ^
      45 |     }
      46 |
      47 |     /**
        at RadioButtonPage.selectElement (C:\Users\S.M Wazid Ullah\Documents\Projects\WAZID-ULLAH-PLAYWRIGHT-467\pages\base\BasePage.ts:44:23)
        at RadioButtonPage.selectImpressiveOption (C:\Users\S.M Wazid Ullah\Documents\Projects\WAZID-ULLAH-PLAYWRIGHT-467\pages\RadioButtonPage.ts:28:20)
        at C:\Users\S.M Wazid Ullah\Documents\Projects\WAZID-ULLAH-PLAYWRIGHT-467\tests\elements\radioButton.spec.ts:16:31

    Error Context: test-results\elements-radioButton-Radio-50010-ect-impressive-radio-button-chromium\error-context.md


[1A[2K[41/267] [chromium] ΓÇ║ tests\elements\radioButton.spec.ts:27:9 ΓÇ║ RadioButton Tests ΓÇ║ should verify radio button selection with different values
[1A[2K[42/267] [chromium] ΓÇ║ tests\elements\radioButton.spec.ts:37:9 ΓÇ║ RadioButton Tests ΓÇ║ should change selection from one radio button to another
[1A[2K[43/267] [chromium] ΓÇ║ tests\elements\textBox.spec.ts:9:9 ΓÇ║ TextBox Tests ΓÇ║ should fill textbox with valid data and verify output
[1A[2K  32) [chromium] ΓÇ║ tests\elements\radioButton.spec.ts:22:9 ΓÇ║ RadioButton Tests ΓÇ║ should not be able to select no option 

    [31mTest timeout of 30000ms exceeded.[39m

    Error: locator.isEnabled: Test timeout of 30000ms exceeded.
    Call log:
    [2m  - waiting for locator('label').filter({ hasText: 'No' }).locator('input[type="radio"]')[22m


       at ..\pages\base\BasePage.ts:86

      84 |      */
      85 |     async isElementEnabled(locator: Locator): Promise<boolean> {
    > 86 |         return await locator.isEnabled();
         |                              ^
      87 |     }
      88 |
      89 |     /**
        at RadioButtonPage.isElementEnabled (C:\Users\S.M Wazid Ullah\Documents\Projects\WAZID-ULLAH-PLAYWRIGHT-467\pages\base\BasePage.ts:86:30)
        at RadioButtonPage.isNoOptionDisabled (C:\Users\S.M Wazid Ullah\Documents\Projects\WAZID-ULLAH-PLAYWRIGHT-467\pages\RadioButtonPage.ts:47:29)
        at C:\Users\S.M Wazid Ullah\Documents\Projects\WAZID-ULLAH-PLAYWRIGHT-467\tests\elements\radioButton.spec.ts:23:50

    Error Context: test-results\elements-radioButton-Radio-0efcf-be-able-to-select-no-option-chromium\error-context.md


[1A[2K[44/267] [chromium] ΓÇ║ tests\elements\textBox.spec.ts:25:9 ΓÇ║ TextBox Tests ΓÇ║ should fill only required fields and submit
[1A[2K  33) [chromium] ΓÇ║ tests\elements\radioButton.spec.ts:27:9 ΓÇ║ RadioButton Tests ΓÇ║ should verify radio button selection with different values 

    [31mTest timeout of 30000ms exceeded.[39m

    Error: locator.click: Test timeout of 30000ms exceeded.
    Call log:
    [2m  - waiting for locator('label:has-text("Yes")')[22m


       at ..\pages\base\BasePage.ts:44

      42 |      */
      43 |     async selectElement(locator: Locator) {
    > 44 |         await locator.click();
         |                       ^
      45 |     }
      46 |
      47 |     /**
        at RadioButtonPage.selectElement (C:\Users\S.M Wazid Ullah\Documents\Projects\WAZID-ULLAH-PLAYWRIGHT-467\pages\base\BasePage.ts:44:23)
        at RadioButtonPage.selectRadioByValue (C:\Users\S.M Wazid Ullah\Documents\Projects\WAZID-ULLAH-PLAYWRIGHT-467\pages\RadioButtonPage.ts:37:20)
        at C:\Users\S.M Wazid Ullah\Documents\Projects\WAZID-ULLAH-PLAYWRIGHT-467\tests\elements\radioButton.spec.ts:31:35

    Error Context: test-results\elements-radioButton-Radio-1acd0-ction-with-different-values-chromium\error-context.md


[1A[2K  34) [chromium] ΓÇ║ tests\elements\radioButton.spec.ts:37:9 ΓÇ║ RadioButton Tests ΓÇ║ should change selection from one radio button to another 

    [31mTest timeout of 30000ms exceeded.[39m

    Error: locator.click: Test timeout of 30000ms exceeded.
    Call log:
    [2m  - waiting for locator('label').filter({ hasText: 'Yes' })[22m


       at ..\pages\base\BasePage.ts:44

      42 |      */
      43 |     async selectElement(locator: Locator) {
    > 44 |         await locator.click();
         |                       ^
      45 |     }
      46 |
      47 |     /**
        at RadioButtonPage.selectElement (C:\Users\S.M Wazid Ullah\Documents\Projects\WAZID-ULLAH-PLAYWRIGHT-467\pages\base\BasePage.ts:44:23)
        at RadioButtonPage.selectYesOption (C:\Users\S.M Wazid Ullah\Documents\Projects\WAZID-ULLAH-PLAYWRIGHT-467\pages\RadioButtonPage.ts:24:20)
        at C:\Users\S.M Wazid Ullah\Documents\Projects\WAZID-ULLAH-PLAYWRIGHT-467\tests\elements\radioButton.spec.ts:38:31

    Error Context: test-results\elements-radioButton-Radio-cae06-one-radio-button-to-another-chromium\error-context.md


[1A[2K[45/267] [chromium] ΓÇ║ tests\elements\textBox.spec.ts:36:9 ΓÇ║ TextBox Tests ΓÇ║ should verify multiple text inputs filling
[1A[2K  35) [chromium] ΓÇ║ tests\elements\textBox.spec.ts:9:9 ΓÇ║ TextBox Tests ΓÇ║ should fill textbox with valid data and verify output 

    [31mTest timeout of 30000ms exceeded.[39m

    Error: locator.fill: Test timeout of 30000ms exceeded.
    Call log:
    [2m  - waiting for locator('#fullName')[22m


       at ..\pages\base\BasePage.ts:51

      49 |      */
      50 |     async enterText(locator: Locator, text: string) {
    > 51 |         await locator.fill(text);
         |                       ^
      52 |     }
      53 |
      54 |     /**
        at TextBoxPage.enterText (C:\Users\S.M Wazid Ullah\Documents\Projects\WAZID-ULLAH-PLAYWRIGHT-467\pages\base\BasePage.ts:51:23)
        at TextBoxPage.fillFullName (C:\Users\S.M Wazid Ullah\Documents\Projects\WAZID-ULLAH-PLAYWRIGHT-467\pages\TextBoxPage.ts:36:20)
        at TextBoxPage.fillAndSubmitForm (C:\Users\S.M Wazid Ullah\Documents\Projects\WAZID-ULLAH-PLAYWRIGHT-467\pages\TextBoxPage.ts:56:20)
        at C:\Users\S.M Wazid Ullah\Documents\Projects\WAZID-ULLAH-PLAYWRIGHT-467\tests\elements\textBox.spec.ts:15:27

    Error Context: test-results\elements-textBox-TextBox-T-c6338-alid-data-and-verify-output-chromium\error-context.md


[1A[2K  36) [chromium] ΓÇ║ tests\elements\textBox.spec.ts:36:9 ΓÇ║ TextBox Tests ΓÇ║ should verify multiple text inputs filling 

    TypeError: textBoxPage.fillFirstName is not a function

      38 |         const user = testData.user1;
      39 |
    > 40 |         await textBoxPage.fillFirstName(user.firstName);
         |                           ^
      41 |         await textBoxPage.fillEmail(user.email);
      42 |         await textBoxPage.fillCurrentAddress(user.address);
      43 |
        at C:\Users\S.M Wazid Ullah\Documents\Projects\WAZID-ULLAH-PLAYWRIGHT-467\tests\elements\textBox.spec.ts:40:27

    Error Context: test-results\elements-textBox-TextBox-T-f005c-ultiple-text-inputs-filling-chromium\error-context.md


[1A[2K[46/267] [chromium] ΓÇ║ tests\elements\textBox.spec.ts:48:9 ΓÇ║ TextBox Tests ΓÇ║ should clear and re-enter text in textbox
[1A[2K[47/267] [chromium] ΓÇ║ tests\elements\textBox.spec.ts:60:9 ΓÇ║ TextBox Tests ΓÇ║ should verify email field validation with special characters
[1A[2K[48/267] [chromium] ΓÇ║ tests\elements\uploadDownload.spec.ts:10:9 ΓÇ║ Upload and Download Tests ΓÇ║ should download file
[1A[2K  37) [chromium] ΓÇ║ tests\elements\textBox.spec.ts:25:9 ΓÇ║ TextBox Tests ΓÇ║ should fill only required fields and submit 

    [31mTest timeout of 30000ms exceeded.[39m

    Error: locator.fill: Test timeout of 30000ms exceeded.
    Call log:
    [2m  - waiting for locator('#fullName')[22m


       at ..\pages\base\BasePage.ts:51

      49 |      */
      50 |     async enterText(locator: Locator, text: string) {
    > 51 |         await locator.fill(text);
         |                       ^
      52 |     }
      53 |
      54 |     /**
        at TextBoxPage.enterText (C:\Users\S.M Wazid Ullah\Documents\Projects\WAZID-ULLAH-PLAYWRIGHT-467\pages\base\BasePage.ts:51:23)
        at TextBoxPage.fillFullName (C:\Users\S.M Wazid Ullah\Documents\Projects\WAZID-ULLAH-PLAYWRIGHT-467\pages\TextBoxPage.ts:36:20)
        at C:\Users\S.M Wazid Ullah\Documents\Projects\WAZID-ULLAH-PLAYWRIGHT-467\tests\elements\textBox.spec.ts:29:27

    Error Context: test-results\elements-textBox-TextBox-T-3619a--required-fields-and-submit-chromium\error-context.md


[1A[2K[49/267] [chromium] ΓÇ║ tests\elements\uploadDownload.spec.ts:16:9 ΓÇ║ Upload and Download Tests ΓÇ║ should upload file
[1A[2K  38) [chromium] ΓÇ║ tests\elements\textBox.spec.ts:48:9 ΓÇ║ TextBox Tests ΓÇ║ should clear and re-enter text in textbox 

    [31mTest timeout of 30000ms exceeded.[39m

    Error: locator.fill: Test timeout of 30000ms exceeded.
    Call log:
    [2m  - waiting for locator('#fullName')[22m


       at ..\pages\base\BasePage.ts:51

      49 |      */
      50 |     async enterText(locator: Locator, text: string) {
    > 51 |         await locator.fill(text);
         |                       ^
      52 |     }
      53 |
      54 |     /**
        at TextBoxPage.enterText (C:\Users\S.M Wazid Ullah\Documents\Projects\WAZID-ULLAH-PLAYWRIGHT-467\pages\base\BasePage.ts:51:23)
        at TextBoxPage.fillFullName (C:\Users\S.M Wazid Ullah\Documents\Projects\WAZID-ULLAH-PLAYWRIGHT-467\pages\TextBoxPage.ts:36:20)
        at C:\Users\S.M Wazid Ullah\Documents\Projects\WAZID-ULLAH-PLAYWRIGHT-467\tests\elements\textBox.spec.ts:52:27

    Error Context: test-results\elements-textBox-TextBox-T-3a92f-nd-re-enter-text-in-textbox-chromium\error-context.md


[1A[2K  39) [chromium] ΓÇ║ tests\elements\textBox.spec.ts:60:9 ΓÇ║ TextBox Tests ΓÇ║ should verify email field validation with special characters 

    [31mTest timeout of 30000ms exceeded.[39m

    Error: locator.fill: Test timeout of 30000ms exceeded.
    Call log:
    [2m  - waiting for locator('#userEmail')[22m


       at ..\pages\base\BasePage.ts:51

      49 |      */
      50 |     async enterText(locator: Locator, text: string) {
    > 51 |         await locator.fill(text);
         |                       ^
      52 |     }
      53 |
      54 |     /**
        at TextBoxPage.enterText (C:\Users\S.M Wazid Ullah\Documents\Projects\WAZID-ULLAH-PLAYWRIGHT-467\pages\base\BasePage.ts:51:23)
        at TextBoxPage.fillEmail (C:\Users\S.M Wazid Ullah\Documents\Projects\WAZID-ULLAH-PLAYWRIGHT-467\pages\TextBoxPage.ts:40:20)
        at C:\Users\S.M Wazid Ullah\Documents\Projects\WAZID-ULLAH-PLAYWRIGHT-467\tests\elements\textBox.spec.ts:63:27

    Error Context: test-results\elements-textBox-TextBox-T-9c228-ion-with-special-characters-chromium\error-context.md


[1A[2K  40) [chromium] ΓÇ║ tests\elements\uploadDownload.spec.ts:10:9 ΓÇ║ Upload and Download Tests ΓÇ║ should download file 

    [31mTest timeout of 30000ms exceeded.[39m

    Error: page.waitForEvent: Test timeout of 30000ms exceeded.
    =========================== logs ===========================
    waiting for event "download"
    ============================================================

       at ..\pages\UploadDownloadPage.ts:23

      21 |     async clickDownloadButton() {
      22 |         // Handle file download
    > 23 |         const downloadPromise = this.page.waitForEvent('download');
         |                                           ^
      24 |         await this.selectElement(this.downloadButton);
      25 |         const download = await downloadPromise;
      26 |         return download;
        at UploadDownloadPage.clickDownloadButton (C:\Users\S.M Wazid Ullah\Documents\Projects\WAZID-ULLAH-PLAYWRIGHT-467\pages\UploadDownloadPage.ts:23:43)
        at C:\Users\S.M Wazid Ullah\Documents\Projects\WAZID-ULLAH-PLAYWRIGHT-467\tests\elements\uploadDownload.spec.ts:11:51

    Error: locator.click: Test timeout of 30000ms exceeded.
    Call log:
    [2m  - waiting for locator('#downloadButton')[22m


       at ..\pages\base\BasePage.ts:44

      42 |      */
      43 |     async selectElement(locator: Locator) {
    > 44 |         await locator.click();
         |                       ^
      45 |     }
      46 |
      47 |     /**
        at UploadDownloadPage.selectElement (C:\Users\S.M Wazid Ullah\Documents\Projects\WAZID-ULLAH-PLAYWRIGHT-467\pages\base\BasePage.ts:44:23)
        at UploadDownloadPage.clickDownloadButton (C:\Users\S.M Wazid Ullah\Documents\Projects\WAZID-ULLAH-PLAYWRIGHT-467\pages\UploadDownloadPage.ts:24:20)
        at C:\Users\S.M Wazid Ullah\Documents\Projects\WAZID-ULLAH-PLAYWRIGHT-467\tests\elements\uploadDownload.spec.ts:11:51

    Error Context: test-results\elements-uploadDownload-Up-044d8--Tests-should-download-file-chromium\error-context.md


[1A[2K[50/267] [chromium] ΓÇ║ tests\elements\uploadDownload.spec.ts:28:9 ΓÇ║ Upload and Download Tests ΓÇ║ should verify uploaded file path in display
[1A[2K[51/267] [chromium] ΓÇ║ tests\elements\webTables.spec.ts:9:9 ΓÇ║ WebTables Tests ΓÇ║ should verify web table is visible
[1A[2K[52/267] [chromium] ΓÇ║ tests\elements\webTables.spec.ts:14:9 ΓÇ║ WebTables Tests ΓÇ║ should add new record to table
[1A[2K  41) [chromium] ΓÇ║ tests\elements\webTables.spec.ts:9:9 ΓÇ║ WebTables Tests ΓÇ║ should verify web table is visible 

    Error: [2mexpect([22m[31mreceived[39m[2m).[22mtoBeTruthy[2m()[22m

    Received: [31mfalse[39m

       9 |     test('should verify web table is visible', async ({ webTablesPage }) => {
      10 |         const isTableVisible = await webTablesPage.isTableVisible();
    > 11 |         expect(isTableVisible).toBeTruthy();
         |                                ^
      12 |     });
      13 |
      14 |     test('should add new record to table', async ({ webTablesPage }) => {
        at C:\Users\S.M Wazid Ullah\Documents\Projects\WAZID-ULLAH-PLAYWRIGHT-467\tests\elements\webTables.spec.ts:11:32

    Error Context: test-results\elements-webTables-WebTabl-18192-verify-web-table-is-visible-chromium\error-context.md


[1A[2K[53/267] [chromium] ΓÇ║ tests\elements\webTables.spec.ts:33:9 ΓÇ║ WebTables Tests ΓÇ║ should search for record in table
[1A[2K  42) [chromium] ΓÇ║ tests\elements\uploadDownload.spec.ts:16:9 ΓÇ║ Upload and Download Tests ΓÇ║ should upload file 

    [31mTest timeout of 30000ms exceeded.[39m

    Error: locator.setInputFiles: Test timeout of 30000ms exceeded.
    Call log:
    [2m  - waiting for locator('#uploadFile')[22m


       at ..\pages\UploadDownloadPage.ts:30

      28 |
      29 |     async uploadFile(filePath: string) {
    > 30 |         await this.uploadInput.setInputFiles(filePath);
         |         ^
      31 |     }
      32 |
      33 |     async getUploadedFilePath(): Promise<string> {
        at UploadDownloadPage.uploadFile (C:\Users\S.M Wazid Ullah\Documents\Projects\WAZID-ULLAH-PLAYWRIGHT-467\pages\UploadDownloadPage.ts:30:9)
        at C:\Users\S.M Wazid Ullah\Documents\Projects\WAZID-ULLAH-PLAYWRIGHT-467\tests\elements\uploadDownload.spec.ts:19:9

    Error Context: test-results\elements-uploadDownload-Up-9b89f-ad-Tests-should-upload-file-chromium\error-context.md


[1A[2K[54/267] [chromium] ΓÇ║ tests\elements\webTables.spec.ts:41:9 ΓÇ║ WebTables Tests ΓÇ║ should edit first record in table
[1A[2K  43) [chromium] ΓÇ║ tests\elements\uploadDownload.spec.ts:28:9 ΓÇ║ Upload and Download Tests ΓÇ║ should verify uploaded file path in display 

    [31mTest timeout of 30000ms exceeded.[39m

    Error: locator.setInputFiles: Test timeout of 30000ms exceeded.
    Call log:
    [2m  - waiting for locator('#uploadFile')[22m


       at ..\pages\UploadDownloadPage.ts:30

      28 |
      29 |     async uploadFile(filePath: string) {
    > 30 |         await this.uploadInput.setInputFiles(filePath);
         |         ^
      31 |     }
      32 |
      33 |     async getUploadedFilePath(): Promise<string> {
        at UploadDownloadPage.uploadFile (C:\Users\S.M Wazid Ullah\Documents\Projects\WAZID-ULLAH-PLAYWRIGHT-467\pages\UploadDownloadPage.ts:30:9)
        at C:\Users\S.M Wazid Ullah\Documents\Projects\WAZID-ULLAH-PLAYWRIGHT-467\tests\elements\uploadDownload.spec.ts:36:9

    Error Context: test-results\elements-uploadDownload-Up-74fda-loaded-file-path-in-display-chromium\error-context.md


[1A[2K  44) [chromium] ΓÇ║ tests\elements\webTables.spec.ts:14:9 ΓÇ║ WebTables Tests ΓÇ║ should add new record to table 

    [31mTest timeout of 30000ms exceeded.[39m

    Error: locator.click: Test timeout of 30000ms exceeded.
    Call log:
    [2m  - waiting for locator('#addNewRecordButton')[22m


       at ..\pages\base\BasePage.ts:44

      42 |      */
      43 |     async selectElement(locator: Locator) {
    > 44 |         await locator.click();
         |                       ^
      45 |     }
      46 |
      47 |     /**
        at WebTablesPage.selectElement (C:\Users\S.M Wazid Ullah\Documents\Projects\WAZID-ULLAH-PLAYWRIGHT-467\pages\base\BasePage.ts:44:23)
        at WebTablesPage.clickAddNewButton (C:\Users\S.M Wazid Ullah\Documents\Projects\WAZID-ULLAH-PLAYWRIGHT-467\pages\WebTablesPage.ts:40:20)
        at WebTablesPage.addNewRecord (C:\Users\S.M Wazid Ullah\Documents\Projects\WAZID-ULLAH-PLAYWRIGHT-467\pages\WebTablesPage.ts:57:20)
        at C:\Users\S.M Wazid Ullah\Documents\Projects\WAZID-ULLAH-PLAYWRIGHT-467\tests\elements\webTables.spec.ts:18:29

    Error Context: test-results\elements-webTables-WebTabl-02c68-uld-add-new-record-to-table-chromium\error-context.md


[1A[2K[55/267] [chromium] ΓÇ║ tests\elements\webTables.spec.ts:49:9 ΓÇ║ WebTables Tests ΓÇ║ should delete record from table
[1A[2K[56/267] [chromium] ΓÇ║ tests\elements\webTables.spec.ts:61:9 ΓÇ║ WebTables Tests ΓÇ║ should change table rows per page
[1A[2K  45) [chromium] ΓÇ║ tests\elements\webTables.spec.ts:33:9 ΓÇ║ WebTables Tests ΓÇ║ should search for record in table 

    [31mTest timeout of 30000ms exceeded.[39m

    Error: locator.fill: Test timeout of 30000ms exceeded.
    Call log:
    [2m  - waiting for locator('#searchBox')[22m


       at ..\pages\base\BasePage.ts:51

      49 |      */
      50 |     async enterText(locator: Locator, text: string) {
    > 51 |         await locator.fill(text);
         |                       ^
      52 |     }
      53 |
      54 |     /**
        at WebTablesPage.enterText (C:\Users\S.M Wazid Ullah\Documents\Projects\WAZID-ULLAH-PLAYWRIGHT-467\pages\base\BasePage.ts:51:23)
        at WebTablesPage.searchRecord (C:\Users\S.M Wazid Ullah\Documents\Projects\WAZID-ULLAH-PLAYWRIGHT-467\pages\WebTablesPage.ts:63:20)
        at C:\Users\S.M Wazid Ullah\Documents\Projects\WAZID-ULLAH-PLAYWRIGHT-467\tests\elements\webTables.spec.ts:35:29

    Error Context: test-results\elements-webTables-WebTabl-01293--search-for-record-in-table-chromium\error-context.md


[1A[2K[57/267] [chromium] ΓÇ║ tests\forms\practiceForm.spec.ts:9:9 ΓÇ║ Practice Form Tests ΓÇ║ should fill complete form with all fields
[1A[2K  46) [chromium] ΓÇ║ tests\elements\webTables.spec.ts:41:9 ΓÇ║ WebTables Tests ΓÇ║ should edit first record in table 

    [31mTest timeout of 30000ms exceeded.[39m

    Error: locator.click: Test timeout of 30000ms exceeded.
    Call log:
    [2m  - waiting for locator('span[title="Edit"]').first()[22m


       at ..\pages\base\BasePage.ts:44

      42 |      */
      43 |     async selectElement(locator: Locator) {
    > 44 |         await locator.click();
         |                       ^
      45 |     }
      46 |
      47 |     /**
        at WebTablesPage.selectElement (C:\Users\S.M Wazid Ullah\Documents\Projects\WAZID-ULLAH-PLAYWRIGHT-467\pages\base\BasePage.ts:44:23)
        at WebTablesPage.editRecord (C:\Users\S.M Wazid Ullah\Documents\Projects\WAZID-ULLAH-PLAYWRIGHT-467\pages\WebTablesPage.ts:72:20)
        at C:\Users\S.M Wazid Ullah\Documents\Projects\WAZID-ULLAH-PLAYWRIGHT-467\tests\elements\webTables.spec.ts:42:29

    Error Context: test-results\elements-webTables-WebTabl-6f5da--edit-first-record-in-table-chromium\error-context.md


[1A[2K[58/267] [chromium] ΓÇ║ tests\forms\practiceForm.spec.ts:30:9 ΓÇ║ Practice Form Tests ΓÇ║ should fill form with male gender
[1A[2K  47) [chromium] ΓÇ║ tests\elements\webTables.spec.ts:49:9 ΓÇ║ WebTables Tests ΓÇ║ should delete record from table 

    [31mTest timeout of 30000ms exceeded.[39m

    Error: locator.click: Test timeout of 30000ms exceeded.
    Call log:
    [2m  - waiting for locator('span[title="Delete"]').first()[22m


       at ..\pages\base\BasePage.ts:44

      42 |      */
      43 |     async selectElement(locator: Locator) {
    > 44 |         await locator.click();
         |                       ^
      45 |     }
      46 |
      47 |     /**
        at WebTablesPage.selectElement (C:\Users\S.M Wazid Ullah\Documents\Projects\WAZID-ULLAH-PLAYWRIGHT-467\pages\base\BasePage.ts:44:23)
        at WebTablesPage.deleteRecord (C:\Users\S.M Wazid Ullah\Documents\Projects\WAZID-ULLAH-PLAYWRIGHT-467\pages\WebTablesPage.ts:77:20)
        at C:\Users\S.M Wazid Ullah\Documents\Projects\WAZID-ULLAH-PLAYWRIGHT-467\tests\elements\webTables.spec.ts:52:29

    Error Context: test-results\elements-webTables-WebTabl-56bc6-ld-delete-record-from-table-chromium\error-context.md


[1A[2K  48) [chromium] ΓÇ║ tests\elements\webTables.spec.ts:61:9 ΓÇ║ WebTables Tests ΓÇ║ should change table rows per page 

    [31mTest timeout of 30000ms exceeded.[39m

    Error: locator.selectOption: Test timeout of 30000ms exceeded.
    Call log:
    [2m  - waiting for locator('select.-pageSize')[22m


      61 |     test('should change table rows per page', async ({ webTablesPage }) => {
      62 |         const rowsPerPageSelect = webTablesPage.page.locator('select.-pageSize');
    > 63 |         await rowsPerPageSelect.selectOption('10');
         |                                 ^
      64 |         
      65 |         const selectedValue = await rowsPerPageSelect.inputValue();
      66 |         expect(selectedValue).toBe('10');
        at C:\Users\S.M Wazid Ullah\Documents\Projects\WAZID-ULLAH-PLAYWRIGHT-467\tests\elements\webTables.spec.ts:63:33

    Error Context: test-results\elements-webTables-WebTabl-58616--change-table-rows-per-page-chromium\error-context.md


[1A[2K[59/267] [chromium] ΓÇ║ tests\forms\practiceForm.spec.ts:46:9 ΓÇ║ Practice Form Tests ΓÇ║ should fill form with female gender
[1A[2K  49) [chromium] ΓÇ║ tests\forms\practiceForm.spec.ts:9:9 ΓÇ║ Practice Form Tests ΓÇ║ should fill complete form with all fields 

    [31mTest timeout of 30000ms exceeded.[39m

    Error: locator.fill: Test timeout of 30000ms exceeded.
    Call log:
    [2m  - waiting for locator('#firstName')[22m


       at ..\pages\base\BasePage.ts:51

      49 |      */
      50 |     async enterText(locator: Locator, text: string) {
    > 51 |         await locator.fill(text);
         |                       ^
      52 |     }
      53 |
      54 |     /**
        at PracticeFormPage.enterText (C:\Users\S.M Wazid Ullah\Documents\Projects\WAZID-ULLAH-PLAYWRIGHT-467\pages\base\BasePage.ts:51:23)
        at PracticeFormPage.fillFirstName (C:\Users\S.M Wazid Ullah\Documents\Projects\WAZID-ULLAH-PLAYWRIGHT-467\pages\PracticeFormPage.ts:50:20)
        at C:\Users\S.M Wazid Ullah\Documents\Projects\WAZID-ULLAH-PLAYWRIGHT-467\tests\forms\practiceForm.spec.ts:13:32

    Error Context: test-results\forms-practiceForm-Practic-d32eb-mplete-form-with-all-fields-chromium\error-context.md


[1A[2K[60/267] [chromium] ΓÇ║ tests\forms\practiceForm.spec.ts:62:9 ΓÇ║ Practice Form Tests ΓÇ║ should fill form with multiple hobbies
[1A[2K[61/267] [chromium] ΓÇ║ tests\forms\practiceForm.spec.ts:83:9 ΓÇ║ Practice Form Tests ΓÇ║ should verify form validation with empty fields
[1A[2K  50) [chromium] ΓÇ║ tests\forms\practiceForm.spec.ts:30:9 ΓÇ║ Practice Form Tests ΓÇ║ should fill form with male gender 

    [31mTest timeout of 30000ms exceeded.[39m

    Error: locator.fill: Test timeout of 30000ms exceeded.
    Call log:
    [2m  - waiting for locator('#firstName')[22m


       at ..\pages\base\BasePage.ts:51

      49 |      */
      50 |     async enterText(locator: Locator, text: string) {
    > 51 |         await locator.fill(text);
         |                       ^
      52 |     }
      53 |
      54 |     /**
        at PracticeFormPage.enterText (C:\Users\S.M Wazid Ullah\Documents\Projects\WAZID-ULLAH-PLAYWRIGHT-467\pages\base\BasePage.ts:51:23)
        at PracticeFormPage.fillFirstName (C:\Users\S.M Wazid Ullah\Documents\Projects\WAZID-ULLAH-PLAYWRIGHT-467\pages\PracticeFormPage.ts:50:20)
        at C:\Users\S.M Wazid Ullah\Documents\Projects\WAZID-ULLAH-PLAYWRIGHT-467\tests\forms\practiceForm.spec.ts:34:32

    Error Context: test-results\forms-practiceForm-Practic-bbbb2--fill-form-with-male-gender-chromium\error-context.md


[1A[2K[62/267] [chromium] ΓÇ║ tests\forms\practiceForm.spec.ts:91:9 ΓÇ║ Practice Form Tests ΓÇ║ should clear and update form fields
[1A[2K  51) [chromium] ΓÇ║ tests\forms\practiceForm.spec.ts:46:9 ΓÇ║ Practice Form Tests ΓÇ║ should fill form with female gender 

    [31mTest timeout of 30000ms exceeded.[39m

    Error: locator.fill: Test timeout of 30000ms exceeded.
    Call log:
    [2m  - waiting for locator('#firstName')[22m


       at ..\pages\base\BasePage.ts:51

      49 |      */
      50 |     async enterText(locator: Locator, text: string) {
    > 51 |         await locator.fill(text);
         |                       ^
      52 |     }
      53 |
      54 |     /**
        at PracticeFormPage.enterText (C:\Users\S.M Wazid Ullah\Documents\Projects\WAZID-ULLAH-PLAYWRIGHT-467\pages\base\BasePage.ts:51:23)
        at PracticeFormPage.fillFirstName (C:\Users\S.M Wazid Ullah\Documents\Projects\WAZID-ULLAH-PLAYWRIGHT-467\pages\PracticeFormPage.ts:50:20)
        at C:\Users\S.M Wazid Ullah\Documents\Projects\WAZID-ULLAH-PLAYWRIGHT-467\tests\forms\practiceForm.spec.ts:50:32

    Error Context: test-results\forms-practiceForm-Practic-ce5d8-ill-form-with-female-gender-chromium\error-context.md


[1A[2K  52) [chromium] ΓÇ║ tests\forms\practiceForm.spec.ts:62:9 ΓÇ║ Practice Form Tests ΓÇ║ should fill form with multiple hobbies 

    [31mTest timeout of 30000ms exceeded.[39m

    Error: locator.fill: Test timeout of 30000ms exceeded.
    Call log:
    [2m  - waiting for locator('#firstName')[22m


       at ..\pages\base\BasePage.ts:51

      49 |      */
      50 |     async enterText(locator: Locator, text: string) {
    > 51 |         await locator.fill(text);
         |                       ^
      52 |     }
      53 |
      54 |     /**
        at PracticeFormPage.enterText (C:\Users\S.M Wazid Ullah\Documents\Projects\WAZID-ULLAH-PLAYWRIGHT-467\pages\base\BasePage.ts:51:23)
        at PracticeFormPage.fillFirstName (C:\Users\S.M Wazid Ullah\Documents\Projects\WAZID-ULLAH-PLAYWRIGHT-467\pages\PracticeFormPage.ts:50:20)
        at C:\Users\S.M Wazid Ullah\Documents\Projects\WAZID-ULLAH-PLAYWRIGHT-467\tests\forms\practiceForm.spec.ts:66:32

    Error Context: test-results\forms-practiceForm-Practic-9e71b--form-with-multiple-hobbies-chromium\error-context.md


[1A[2K[63/267] [chromium] ΓÇ║ tests\HomePage.spec.ts:6:7 ΓÇ║ HomePage Tests ΓÇ║ verify homepage and  all cards
[1A[2K  53) [chromium] ΓÇ║ tests\forms\practiceForm.spec.ts:83:9 ΓÇ║ Practice Form Tests ΓÇ║ should verify form validation with empty fields 

    [31mTest timeout of 30000ms exceeded.[39m

    Error: locator.click: Test timeout of 30000ms exceeded.
    Call log:
    [2m  - waiting for locator('#submit')[22m


       at ..\pages\base\BasePage.ts:44

      42 |      */
      43 |     async selectElement(locator: Locator) {
    > 44 |         await locator.click();
         |                       ^
      45 |     }
      46 |
      47 |     /**
        at PracticeFormPage.selectElement (C:\Users\S.M Wazid Ullah\Documents\Projects\WAZID-ULLAH-PLAYWRIGHT-467\pages\base\BasePage.ts:44:23)
        at PracticeFormPage.submitForm (C:\Users\S.M Wazid Ullah\Documents\Projects\WAZID-ULLAH-PLAYWRIGHT-467\pages\PracticeFormPage.ts:106:20)
        at C:\Users\S.M Wazid Ullah\Documents\Projects\WAZID-ULLAH-PLAYWRIGHT-467\tests\forms\practiceForm.spec.ts:84:32

    Error Context: test-results\forms-practiceForm-Practic-bde0a-alidation-with-empty-fields-chromium\error-context.md


[1A[2K[64/267] [chromium] ΓÇ║ tests\HomePage.spec.ts:19:7 ΓÇ║ HomePage Tests ΓÇ║ verify Elements section
[1A[2K[65/267] [chromium] ΓÇ║ tests\HomePage.spec.ts:27:7 ΓÇ║ HomePage Tests ΓÇ║ verify Forms section
[1A[2K[66/267] [chromium] ΓÇ║ tests\HomePage.spec.ts:35:7 ΓÇ║ HomePage Tests ΓÇ║ verify Alerts section
[1A[2K[67/267] [chromium] ΓÇ║ tests\interactions\dragAndDrop.spec.ts:8:9 ΓÇ║ Drag and Drop Tests ΓÇ║ should drag element and drop it
[1A[2K[68/267] [chromium] ΓÇ║ tests\interactions\dragAndDrop.spec.ts:15:9 ΓÇ║ Drag and Drop Tests ΓÇ║ should verify drag and drop message text
[1A[2K  54) [chromium] ΓÇ║ tests\HomePage.spec.ts:6:7 ΓÇ║ HomePage Tests ΓÇ║ verify homepage and  all cards ΓöÇΓöÇΓöÇΓöÇ

    Error: [2mexpect([22m[31mpage[39m[2m).[22mtoHaveTitle[2m([22m[32mexpected[39m[2m)[22m failed

    Expected pattern: [32m/DEMOQA/[39m
    Received string:  [31m"demosite"[39m
    Timeout: 5000ms

    Call log:
    [2m  - Expect "toHaveTitle" with timeout 5000ms[22m
    [2m    8 ├ù unexpected value "demosite"[22m


       8 |     await homePage.navigateTo();
       9 |     
    > 10 |     await expect(page).toHaveTitle(/DEMOQA/);
         |                        ^
      11 |     await homePage.verifyElementsVisible();
      12 |     await homePage.verifyFormsVisible();
      13 |     await homePage.verifyAlertsVisible();
        at C:\Users\S.M Wazid Ullah\Documents\Projects\WAZID-ULLAH-PLAYWRIGHT-467\tests\HomePage.spec.ts:10:24

    Error Context: test-results\HomePage-HomePage-Tests-verify-homepage-and-all-cards-chromium\error-context.md


[1A[2K[69/267] [chromium] ΓÇ║ tests\interactions\dragAndDrop.spec.ts:22:9 ΓÇ║ Drag and Drop Tests ΓÇ║ should enter correct drag and drop behavior
[1A[2K  55) [chromium] ΓÇ║ tests\forms\practiceForm.spec.ts:91:9 ΓÇ║ Practice Form Tests ΓÇ║ should clear and update form fields 

    [31mTest timeout of 30000ms exceeded.[39m

    Error: locator.fill: Test timeout of 30000ms exceeded.
    Call log:
    [2m  - waiting for locator('#firstName')[22m


       at ..\pages\base\BasePage.ts:51

      49 |      */
      50 |     async enterText(locator: Locator, text: string) {
    > 51 |         await locator.fill(text);
         |                       ^
      52 |     }
      53 |
      54 |     /**
        at PracticeFormPage.enterText (C:\Users\S.M Wazid Ullah\Documents\Projects\WAZID-ULLAH-PLAYWRIGHT-467\pages\base\BasePage.ts:51:23)
        at PracticeFormPage.fillFirstName (C:\Users\S.M Wazid Ullah\Documents\Projects\WAZID-ULLAH-PLAYWRIGHT-467\pages\PracticeFormPage.ts:50:20)
        at C:\Users\S.M Wazid Ullah\Documents\Projects\WAZID-ULLAH-PLAYWRIGHT-467\tests\forms\practiceForm.spec.ts:95:32

    Error Context: test-results\forms-practiceForm-Practic-0275c-lear-and-update-form-fields-chromium\error-context.md


[1A[2K[70/267] [chromium] ΓÇ║ tests\interactions\dragAndDrop.spec.ts:37:9 ΓÇ║ Sortable Tests ΓÇ║ should sort items
[1A[2K  56) [chromium] ΓÇ║ tests\interactions\dragAndDrop.spec.ts:8:9 ΓÇ║ Drag and Drop Tests ΓÇ║ should drag element and drop it 

    [31mTest timeout of 30000ms exceeded.[39m

    Error: locator.dragTo: Test timeout of 30000ms exceeded.
    Call log:
    [2m  - waiting for locator('#draggable')[22m


       at ..\pages\InteractionsPage.ts:42

      40 |
      41 |     async dragAndDrop(sourceElement: Locator, targetElement: Locator) {
    > 42 |         await sourceElement.dragTo(targetElement);
         |                             ^
      43 |     }
      44 |
      45 |     async performDragDropAction() {
        at InteractionsPage.dragAndDrop (C:\Users\S.M Wazid Ullah\Documents\Projects\WAZID-ULLAH-PLAYWRIGHT-467\pages\InteractionsPage.ts:42:29)
        at InteractionsPage.performDragDropAction (C:\Users\S.M Wazid Ullah\Documents\Projects\WAZID-ULLAH-PLAYWRIGHT-467\pages\InteractionsPage.ts:46:20)
        at C:\Users\S.M Wazid Ullah\Documents\Projects\WAZID-ULLAH-PLAYWRIGHT-467\tests\interactions\dragAndDrop.spec.ts:9:32

    Error Context: test-results\interactions-dragAndDrop-D-f63a0-ld-drag-element-and-drop-it-chromium\error-context.md


[1A[2K[71/267] [chromium] ΓÇ║ tests\interactions\dragAndDrop.spec.ts:51:9 ΓÇ║ Selectable Tests ΓÇ║ should select single item
[1A[2K  57) [chromium] ΓÇ║ tests\interactions\dragAndDrop.spec.ts:15:9 ΓÇ║ Drag and Drop Tests ΓÇ║ should verify drag and drop message text 

    [31mTest timeout of 30000ms exceeded.[39m

    Error: locator.dragTo: Test timeout of 30000ms exceeded.
    Call log:
    [2m  - waiting for locator('#draggable')[22m


       at ..\pages\InteractionsPage.ts:42

      40 |
      41 |     async dragAndDrop(sourceElement: Locator, targetElement: Locator) {
    > 42 |         await sourceElement.dragTo(targetElement);
         |                             ^
      43 |     }
      44 |
      45 |     async performDragDropAction() {
        at InteractionsPage.dragAndDrop (C:\Users\S.M Wazid Ullah\Documents\Projects\WAZID-ULLAH-PLAYWRIGHT-467\pages\InteractionsPage.ts:42:29)
        at InteractionsPage.performDragDropAction (C:\Users\S.M Wazid Ullah\Documents\Projects\WAZID-ULLAH-PLAYWRIGHT-467\pages\InteractionsPage.ts:46:20)
        at C:\Users\S.M Wazid Ullah\Documents\Projects\WAZID-ULLAH-PLAYWRIGHT-467\tests\interactions\dragAndDrop.spec.ts:16:32

    Error Context: test-results\interactions-dragAndDrop-D-08c8f--drag-and-drop-message-text-chromium\error-context.md


[1A[2K[72/267] [chromium] ΓÇ║ tests\interactions\dragAndDrop.spec.ts:58:9 ΓÇ║ Selectable Tests ΓÇ║ should select multiple items
[1A[2K  58) [chromium] ΓÇ║ tests\interactions\dragAndDrop.spec.ts:22:9 ΓÇ║ Drag and Drop Tests ΓÇ║ should enter correct drag and drop behavior 

    [31mTest timeout of 30000ms exceeded.[39m

    Error: locator.textContent: Test timeout of 30000ms exceeded.
    Call log:
    [2m  - waiting for locator('#droppable p')[22m


       at ..\pages\base\BasePage.ts:65

      63 |      */
      64 |     async getElementText(locator: Locator): Promise<string> {
    > 65 |         return await locator.textContent() || '';
         |                              ^
      66 |     }
      67 |
      68 |     /**
        at InteractionsPage.getElementText (C:\Users\S.M Wazid Ullah\Documents\Projects\WAZID-ULLAH-PLAYWRIGHT-467\pages\base\BasePage.ts:65:30)
        at InteractionsPage.getDragDropMessage (C:\Users\S.M Wazid Ullah\Documents\Projects\WAZID-ULLAH-PLAYWRIGHT-467\pages\InteractionsPage.ts:51:27)
        at C:\Users\S.M Wazid Ullah\Documents\Projects\WAZID-ULLAH-PLAYWRIGHT-467\tests\interactions\dragAndDrop.spec.ts:23:55

    Error Context: test-results\interactions-dragAndDrop-D-d7561-rect-drag-and-drop-behavior-chromium\error-context.md


[1A[2K[73/267] [chromium] ΓÇ║ tests\PageLocator.spec.js:3:1 ΓÇ║ Click on Element Card
[1A[2K[74/267] [chromium] ΓÇ║ tests\PageLocator.spec.js:14:1 ΓÇ║ Click on Forms card
[1A[2K  59) [chromium] ΓÇ║ tests\interactions\dragAndDrop.spec.ts:37:9 ΓÇ║ Sortable Tests ΓÇ║ should sort items 

    [31mTest timeout of 30000ms exceeded.[39m

    Error: locator.dragTo: Test timeout of 30000ms exceeded.
    Call log:
    [2m  - waiting for locator('div.list-group-item').first()[22m


       at ..\pages\InteractionsPage.ts:56

      54 |     async sortItems() {
      55 |         // Drag item 1 and drop it after item 2
    > 56 |         await this.sortableItem1.dragTo(this.sortableItem2);
         |                                  ^
      57 |     }
      58 |
      59 |     async selectItem(itemIndex: number) {
        at InteractionsPage.sortItems (C:\Users\S.M Wazid Ullah\Documents\Projects\WAZID-ULLAH-PLAYWRIGHT-467\pages\InteractionsPage.ts:56:34)
        at C:\Users\S.M Wazid Ullah\Documents\Projects\WAZID-ULLAH-PLAYWRIGHT-467\tests\interactions\dragAndDrop.spec.ts:38:32

    Error Context: test-results\interactions-dragAndDrop-Sortable-Tests-should-sort-items-chromium\error-context.md


[1A[2K[75/267] [chromium] ΓÇ║ tests\PageLocator.spec.js:24:1 ΓÇ║ Click on Interactions card
[1A[2K[76/267] [chromium] ΓÇ║ tests\TextBox.spec.js:3:1 ΓÇ║ Fill out Text Boxes and Submit
[1A[2K[77/267] [chromium] ΓÇ║ tests\VerifyPageTitle_URL.spec.js:3:1 ΓÇ║ Verify Page Title and URL
[1A[2K  60) [chromium] ΓÇ║ tests\interactions\dragAndDrop.spec.ts:51:9 ΓÇ║ Selectable Tests ΓÇ║ should select single item 

    [31mTest timeout of 30000ms exceeded.[39m

    Error: locator.click: Test timeout of 30000ms exceeded.
    Call log:
    [2m  - waiting for locator('.list-group-item').first()[22m


       at ..\pages\base\BasePage.ts:44

      42 |      */
      43 |     async selectElement(locator: Locator) {
    > 44 |         await locator.click();
         |                       ^
      45 |     }
      46 |
      47 |     /**
        at InteractionsPage.selectElement (C:\Users\S.M Wazid Ullah\Documents\Projects\WAZID-ULLAH-PLAYWRIGHT-467\pages\base\BasePage.ts:44:23)
        at InteractionsPage.selectItem (C:\Users\S.M Wazid Ullah\Documents\Projects\WAZID-ULLAH-PLAYWRIGHT-467\pages\InteractionsPage.ts:61:20)
        at C:\Users\S.M Wazid Ullah\Documents\Projects\WAZID-ULLAH-PLAYWRIGHT-467\tests\interactions\dragAndDrop.spec.ts:52:32

    Error Context: test-results\interactions-dragAndDrop-S-5d10f-s-should-select-single-item-chromium\error-context.md


[1A[2K[78/267] [chromium] ΓÇ║ tests\widgets\datePicker.spec.ts:9:9 ΓÇ║ Date Picker Tests ΓÇ║ should select date from date picker
[1A[2K[chromium] ΓÇ║ tests\VerifyPageTitle_URL.spec.js:3:1 ΓÇ║ Verify Page Title and URL
Page Title is:  Promise { [36m<pending>[39m }

[1A[2K  61) [chromium] ΓÇ║ tests\interactions\dragAndDrop.spec.ts:58:9 ΓÇ║ Selectable Tests ΓÇ║ should select multiple items 

    [31mTest timeout of 30000ms exceeded.[39m

    Error: locator.click: Test timeout of 30000ms exceeded.
    Call log:
    [2m  - waiting for locator('.list-group-item').first()[22m


       at ..\pages\InteractionsPage.ts:68

      66 |             const item = this.selectableItem.nth(index);
      67 |             // Hold Ctrl/Cmd and click to select multiple
    > 68 |             await item.click({ modifiers: ['Control'] });
         |                        ^
      69 |         }
      70 |     }
      71 |
        at InteractionsPage.selectMultipleItems (C:\Users\S.M Wazid Ullah\Documents\Projects\WAZID-ULLAH-PLAYWRIGHT-467\pages\InteractionsPage.ts:68:24)
        at C:\Users\S.M Wazid Ullah\Documents\Projects\WAZID-ULLAH-PLAYWRIGHT-467\tests\interactions\dragAndDrop.spec.ts:61:32

    Error Context: test-results\interactions-dragAndDrop-S-17374-hould-select-multiple-items-chromium\error-context.md


[1A[2K[79/267] [chromium] ΓÇ║ tests\widgets\datePicker.spec.ts:18:9 ΓÇ║ Date Picker Tests ΓÇ║ should select date with specific offset
[1A[2K  62) [chromium] ΓÇ║ tests\VerifyPageTitle_URL.spec.js:3:1 ΓÇ║ Verify Page Title and URL ΓöÇΓöÇΓöÇΓöÇΓöÇΓöÇΓöÇΓöÇΓöÇΓöÇΓöÇΓöÇΓöÇΓöÇΓöÇ

    Error: [2mexpect([22m[31mpage[39m[2m).[22mtoHaveTitle[2m([22m[32mexpected[39m[2m)[22m failed

    Expected: [32m"DEMOQA"[39m
    Received: [31m"demosite"[39m
    Timeout:  5000ms

    Call log:
    [2m  - Expect "toHaveTitle" with timeout 5000ms[22m
    [2m    8 ├ù unexpected value "demosite"[22m


       8 | console.log('Page Title is: ', pageTitle);
       9 |
    > 10 | await expect(page).toHaveTitle('DEMOQA');
         |                    ^
      11 |
      12 | const pageUrl = page.url();
      13 | console.log('page URL is: ', pageUrl);
        at C:\Users\S.M Wazid Ullah\Documents\Projects\WAZID-ULLAH-PLAYWRIGHT-467\tests\VerifyPageTitle_URL.spec.js:10:20

    Error Context: test-results\VerifyPageTitle_URL-Verify-Page-Title-and-URL-chromium\error-context.md


[1A[2K[80/267] [chromium] ΓÇ║ tests\widgets\datePicker.spec.ts:27:9 ΓÇ║ Date Picker Tests ΓÇ║ should clear and reselect date
[1A[2K  63) [chromium] ΓÇ║ tests\TextBox.spec.js:3:1 ΓÇ║ Fill out Text Boxes and Submit ΓöÇΓöÇΓöÇΓöÇΓöÇΓöÇΓöÇΓöÇΓöÇΓöÇΓöÇΓöÇΓöÇΓöÇΓöÇΓöÇΓöÇΓöÇΓöÇΓöÇΓöÇΓöÇ

    [31mTest timeout of 30000ms exceeded.[39m

    Error: page.fill: Test timeout of 30000ms exceeded.
    Call log:
    [2m  - waiting for locator('#userName')[22m


       6 | await page.goto('https://demoqa.com/text-box');
       7 |
    >  8 | await page.fill('#userName', 'DSI');
         |            ^
       9 | await page.fill('#userEmail', 'DSI@dsi.com');
      10 | await page.fill('#currentAddress', 'Mohakhali');
      11 | await page.fill('#permanentAddress', 'Dhaka');
        at C:\Users\S.M Wazid Ullah\Documents\Projects\WAZID-ULLAH-PLAYWRIGHT-467\tests\TextBox.spec.js:8:12

    Error Context: test-results\TextBox-Fill-out-Text-Boxes-and-Submit-chromium\error-context.md


[1A[2K[81/267] [chromium] ΓÇ║ tests\widgets\datePicker.spec.ts:39:9 ΓÇ║ Date Picker Tests ΓÇ║ should select month and year
[1A[2K  64) [chromium] ΓÇ║ tests\widgets\datePicker.spec.ts:9:9 ΓÇ║ Date Picker Tests ΓÇ║ should select date from date picker 

    [31mTest timeout of 30000ms exceeded.[39m

    Error: locator.fill: Test timeout of 30000ms exceeded.
    Call log:
    [2m  - waiting for locator('#datePickerMonthYearInput')[22m


       at ..\pages\base\BasePage.ts:51

      49 |      */
      50 |     async enterText(locator: Locator, text: string) {
    > 51 |         await locator.fill(text);
         |                       ^
      52 |     }
      53 |
      54 |     /**
        at WidgetsPage.enterText (C:\Users\S.M Wazid Ullah\Documents\Projects\WAZID-ULLAH-PLAYWRIGHT-467\pages\base\BasePage.ts:51:23)
        at WidgetsPage.selectDate (C:\Users\S.M Wazid Ullah\Documents\Projects\WAZID-ULLAH-PLAYWRIGHT-467\pages\WidgetsPage.ts:44:20)
        at C:\Users\S.M Wazid Ullah\Documents\Projects\WAZID-ULLAH-PLAYWRIGHT-467\tests\widgets\datePicker.spec.ts:12:27

    Error Context: test-results\widgets-datePicker-Date-Pi-9a826-elect-date-from-date-picker-chromium\error-context.md


[1A[2K[82/267] [chromium] ΓÇ║ tests\widgets\datePicker.spec.ts:48:9 ΓÇ║ Date Picker Tests ΓÇ║ should select time
[1A[2K  65) [chromium] ΓÇ║ tests\widgets\datePicker.spec.ts:18:9 ΓÇ║ Date Picker Tests ΓÇ║ should select date with specific offset 

    [31mTest timeout of 30000ms exceeded.[39m

    Error: locator.fill: Test timeout of 30000ms exceeded.
    Call log:
    [2m  - waiting for locator('#datePickerMonthYearInput')[22m


       at ..\pages\base\BasePage.ts:51

      49 |      */
      50 |     async enterText(locator: Locator, text: string) {
    > 51 |         await locator.fill(text);
         |                       ^
      52 |     }
      53 |
      54 |     /**
        at WidgetsPage.enterText (C:\Users\S.M Wazid Ullah\Documents\Projects\WAZID-ULLAH-PLAYWRIGHT-467\pages\base\BasePage.ts:51:23)
        at WidgetsPage.selectDate (C:\Users\S.M Wazid Ullah\Documents\Projects\WAZID-ULLAH-PLAYWRIGHT-467\pages\WidgetsPage.ts:44:20)
        at C:\Users\S.M Wazid Ullah\Documents\Projects\WAZID-ULLAH-PLAYWRIGHT-467\tests\widgets\datePicker.spec.ts:21:27

    Error Context: test-results\widgets-datePicker-Date-Pi-b76b3-t-date-with-specific-offset-chromium\error-context.md


[1A[2K[83/267] [chromium] ΓÇ║ tests\widgets\toolTips.spec.ts:8:9 ΓÇ║ ToolTips Tests ΓÇ║ should hover over button to see tooltip
[1A[2K  66) [chromium] ΓÇ║ tests\widgets\datePicker.spec.ts:27:9 ΓÇ║ Date Picker Tests ΓÇ║ should clear and reselect date 

    [31mTest timeout of 30000ms exceeded.[39m

    Error: locator.fill: Test timeout of 30000ms exceeded.
    Call log:
    [2m  - waiting for locator('#datePickerMonthYearInput')[22m


       at ..\pages\base\BasePage.ts:51

      49 |      */
      50 |     async enterText(locator: Locator, text: string) {
    > 51 |         await locator.fill(text);
         |                       ^
      52 |     }
      53 |
      54 |     /**
        at WidgetsPage.enterText (C:\Users\S.M Wazid Ullah\Documents\Projects\WAZID-ULLAH-PLAYWRIGHT-467\pages\base\BasePage.ts:51:23)
        at WidgetsPage.selectDate (C:\Users\S.M Wazid Ullah\Documents\Projects\WAZID-ULLAH-PLAYWRIGHT-467\pages\WidgetsPage.ts:44:20)
        at C:\Users\S.M Wazid Ullah\Documents\Projects\WAZID-ULLAH-PLAYWRIGHT-467\tests\widgets\datePicker.spec.ts:31:27

    Error Context: test-results\widgets-datePicker-Date-Pi-0b8f1-uld-clear-and-reselect-date-chromium\error-context.md


[1A[2K[84/267] [chromium] ΓÇ║ tests\widgets\toolTips.spec.ts:15:9 ΓÇ║ ToolTips Tests ΓÇ║ should get tooltip text on hover
[1A[2K  67) [chromium] ΓÇ║ tests\widgets\datePicker.spec.ts:39:9 ΓÇ║ Date Picker Tests ΓÇ║ should select month and year 

    [31mTest timeout of 30000ms exceeded.[39m

    Error: locator.fill: Test timeout of 30000ms exceeded.
    Call log:
    [2m  - waiting for locator('#datePickerMonthYearInput')[22m


       at ..\pages\base\BasePage.ts:51

      49 |      */
      50 |     async enterText(locator: Locator, text: string) {
    > 51 |         await locator.fill(text);
         |                       ^
      52 |     }
      53 |
      54 |     /**
        at WidgetsPage.enterText (C:\Users\S.M Wazid Ullah\Documents\Projects\WAZID-ULLAH-PLAYWRIGHT-467\pages\base\BasePage.ts:51:23)
        at WidgetsPage.selectMonth (C:\Users\S.M Wazid Ullah\Documents\Projects\WAZID-ULLAH-PLAYWRIGHT-467\pages\WidgetsPage.ts:52:20)
        at C:\Users\S.M Wazid Ullah\Documents\Projects\WAZID-ULLAH-PLAYWRIGHT-467\tests\widgets\datePicker.spec.ts:42:27

    Error Context: test-results\widgets-datePicker-Date-Pi-fd19c-hould-select-month-and-year-chromium\error-context.md


[1A[2K[85/267] [chromium] ΓÇ║ tests\widgets\toolTips.spec.ts:23:9 ΓÇ║ ToolTips Tests ΓÇ║ should interact with slider
[1A[2K  68) [chromium] ΓÇ║ tests\widgets\datePicker.spec.ts:48:9 ΓÇ║ Date Picker Tests ΓÇ║ should select time ΓöÇΓöÇ

    [31mTest timeout of 30000ms exceeded.[39m

    Error: locator.fill: Test timeout of 30000ms exceeded.
    Call log:
    [2m  - waiting for locator('#timePickerInput')[22m


       at ..\pages\base\BasePage.ts:51

      49 |      */
      50 |     async enterText(locator: Locator, text: string) {
    > 51 |         await locator.fill(text);
         |                       ^
      52 |     }
      53 |
      54 |     /**
        at WidgetsPage.enterText (C:\Users\S.M Wazid Ullah\Documents\Projects\WAZID-ULLAH-PLAYWRIGHT-467\pages\base\BasePage.ts:51:23)
        at WidgetsPage.selectTime (C:\Users\S.M Wazid Ullah\Documents\Projects\WAZID-ULLAH-PLAYWRIGHT-467\pages\WidgetsPage.ts:56:20)
        at C:\Users\S.M Wazid Ullah\Documents\Projects\WAZID-ULLAH-PLAYWRIGHT-467\tests\widgets\datePicker.spec.ts:51:27

    Error Context: test-results\widgets-datePicker-Date-Picker-Tests-should-select-time-chromium\error-context.md


[1A[2K[86/267] [chromium] ΓÇ║ tests\widgets\toolTips.spec.ts:30:9 ΓÇ║ ToolTips Tests ΓÇ║ should set slider to maximum value
[1A[2K  69) [chromium] ΓÇ║ tests\widgets\toolTips.spec.ts:8:9 ΓÇ║ ToolTips Tests ΓÇ║ should hover over button to see tooltip 

    [31mTest timeout of 30000ms exceeded.[39m

    Error: locator.hover: Test timeout of 30000ms exceeded.
    Call log:
    [2m  - waiting for locator('[data-testid="hooverMeToSeePrivateText"]')[22m


       at ..\pages\base\BasePage.ts:100

       98 |      */
       99 |     async hoverElement(locator: Locator) {
    > 100 |         await locator.hover();
          |                       ^
      101 |     }
      102 |
      103 |     /**
        at WidgetsPage.hoverElement (C:\Users\S.M Wazid Ullah\Documents\Projects\WAZID-ULLAH-PLAYWRIGHT-467\pages\base\BasePage.ts:100:23)
        at WidgetsPage.hoverToolTip (C:\Users\S.M Wazid Ullah\Documents\Projects\WAZID-ULLAH-PLAYWRIGHT-467\pages\WidgetsPage.ts:60:20)
        at C:\Users\S.M Wazid Ullah\Documents\Projects\WAZID-ULLAH-PLAYWRIGHT-467\tests\widgets\toolTips.spec.ts:9:27

    Error Context: test-results\widgets-toolTips-ToolTips--b6b86--over-button-to-see-tooltip-chromium\error-context.md


[1A[2K[87/267] [chromium] ΓÇ║ tests\widgets\toolTips.spec.ts:37:9 ΓÇ║ ToolTips Tests ΓÇ║ should set slider to minimum value
[1A[2K  70) [chromium] ΓÇ║ tests\widgets\toolTips.spec.ts:15:9 ΓÇ║ ToolTips Tests ΓÇ║ should get tooltip text on hover 

    [31mTest timeout of 30000ms exceeded.[39m

    Error: locator.hover: Test timeout of 30000ms exceeded.
    Call log:
    [2m  - waiting for locator('[data-testid="hooverMeToSeePrivateText"]')[22m


       at ..\pages\base\BasePage.ts:100

       98 |      */
       99 |     async hoverElement(locator: Locator) {
    > 100 |         await locator.hover();
          |                       ^
      101 |     }
      102 |
      103 |     /**
        at WidgetsPage.hoverElement (C:\Users\S.M Wazid Ullah\Documents\Projects\WAZID-ULLAH-PLAYWRIGHT-467\pages\base\BasePage.ts:100:23)
        at WidgetsPage.hoverToolTip (C:\Users\S.M Wazid Ullah\Documents\Projects\WAZID-ULLAH-PLAYWRIGHT-467\pages\WidgetsPage.ts:60:20)
        at C:\Users\S.M Wazid Ullah\Documents\Projects\WAZID-ULLAH-PLAYWRIGHT-467\tests\widgets\toolTips.spec.ts:16:27

    Error Context: test-results\widgets-toolTips-ToolTips--5723d-d-get-tooltip-text-on-hover-chromium\error-context.md


[1A[2K[88/267] [chromium] ΓÇ║ tests\widgets\toolTips.spec.ts:44:9 ΓÇ║ ToolTips Tests ΓÇ║ should start and reset progress bar
[1A[2K  71) [chromium] ΓÇ║ tests\widgets\toolTips.spec.ts:23:9 ΓÇ║ ToolTips Tests ΓÇ║ should interact with slider 

    [31mTest timeout of 30000ms exceeded.[39m

    Error: locator.fill: Test timeout of 30000ms exceeded.
    Call log:
    [2m  - waiting for locator('input[type="range"]')[22m


       at ..\pages\WidgetsPage.ts:68

      66 |
      67 |     async setSliderValue(value: string) {
    > 68 |         await this.sliderInput.fill(value);
         |                                ^
      69 |     }
      70 |
      71 |     async getSliderValue(): Promise<string> {
        at WidgetsPage.setSliderValue (C:\Users\S.M Wazid Ullah\Documents\Projects\WAZID-ULLAH-PLAYWRIGHT-467\pages\WidgetsPage.ts:68:32)
        at C:\Users\S.M Wazid Ullah\Documents\Projects\WAZID-ULLAH-PLAYWRIGHT-467\tests\widgets\toolTips.spec.ts:24:27

    Error Context: test-results\widgets-toolTips-ToolTips-Tests-should-interact-with-slider-chromium\error-context.md


[1A[2K[89/267] [chromium] ΓÇ║ tests\widgets\toolTips.spec.ts:54:9 ΓÇ║ ToolTips Tests ΓÇ║ should fill autocomplete field
[1A[2K  72) [chromium] ΓÇ║ tests\widgets\toolTips.spec.ts:30:9 ΓÇ║ ToolTips Tests ΓÇ║ should set slider to maximum value 

    [31mTest timeout of 30000ms exceeded.[39m

    Error: locator.fill: Test timeout of 30000ms exceeded.
    Call log:
    [2m  - waiting for locator('input[type="range"]')[22m


       at ..\pages\WidgetsPage.ts:68

      66 |
      67 |     async setSliderValue(value: string) {
    > 68 |         await this.sliderInput.fill(value);
         |                                ^
      69 |     }
      70 |
      71 |     async getSliderValue(): Promise<string> {
        at WidgetsPage.setSliderValue (C:\Users\S.M Wazid Ullah\Documents\Projects\WAZID-ULLAH-PLAYWRIGHT-467\pages\WidgetsPage.ts:68:32)
        at C:\Users\S.M Wazid Ullah\Documents\Projects\WAZID-ULLAH-PLAYWRIGHT-467\tests\widgets\toolTips.spec.ts:31:27

    Error Context: test-results\widgets-toolTips-ToolTips--7b961-set-slider-to-maximum-value-chromium\error-context.md


[1A[2K[90/267] [firefox] ΓÇ║ tests\alerts-frames\alerts.spec.ts:8:9 ΓÇ║ Alerts Tests ΓÇ║ should handle simple alert
[1A[2K  73) [chromium] ΓÇ║ tests\widgets\toolTips.spec.ts:37:9 ΓÇ║ ToolTips Tests ΓÇ║ should set slider to minimum value 

    [31mTest timeout of 30000ms exceeded.[39m

    Error: locator.fill: Test timeout of 30000ms exceeded.
    Call log:
    [2m  - waiting for locator('input[type="range"]')[22m


       at ..\pages\WidgetsPage.ts:68

      66 |
      67 |     async setSliderValue(value: string) {
    > 68 |         await this.sliderInput.fill(value);
         |                                ^
      69 |     }
      70 |
      71 |     async getSliderValue(): Promise<string> {
        at WidgetsPage.setSliderValue (C:\Users\S.M Wazid Ullah\Documents\Projects\WAZID-ULLAH-PLAYWRIGHT-467\pages\WidgetsPage.ts:68:32)
        at C:\Users\S.M Wazid Ullah\Documents\Projects\WAZID-ULLAH-PLAYWRIGHT-467\tests\widgets\toolTips.spec.ts:38:27

    Error Context: test-results\widgets-toolTips-ToolTips--99f88-set-slider-to-minimum-value-chromium\error-context.md


[1A[2K[91/267] [firefox] ΓÇ║ tests\alerts-frames\alerts.spec.ts:15:9 ΓÇ║ Alerts Tests ΓÇ║ should accept simple alert
[1A[2K  74) [chromium] ΓÇ║ tests\widgets\toolTips.spec.ts:44:9 ΓÇ║ ToolTips Tests ΓÇ║ should start and reset progress bar 

    [31mTest timeout of 30000ms exceeded.[39m

    Error: locator.click: Test timeout of 30000ms exceeded.
    Call log:
    [2m  - waiting for locator('#startStopButton')[22m


       at ..\pages\base\BasePage.ts:44

      42 |      */
      43 |     async selectElement(locator: Locator) {
    > 44 |         await locator.click();
         |                       ^
      45 |     }
      46 |
      47 |     /**
        at WidgetsPage.selectElement (C:\Users\S.M Wazid Ullah\Documents\Projects\WAZID-ULLAH-PLAYWRIGHT-467\pages\base\BasePage.ts:44:23)
        at WidgetsPage.startProgressBar (C:\Users\S.M Wazid Ullah\Documents\Projects\WAZID-ULLAH-PLAYWRIGHT-467\pages\WidgetsPage.ts:76:20)
        at C:\Users\S.M Wazid Ullah\Documents\Projects\WAZID-ULLAH-PLAYWRIGHT-467\tests\widgets\toolTips.spec.ts:45:27

    Error Context: test-results\widgets-toolTips-ToolTips--8742f-tart-and-reset-progress-bar-chromium\error-context.md


[1A[2K[92/267] [firefox] ΓÇ║ tests\alerts-frames\alerts.spec.ts:23:9 ΓÇ║ Alerts Tests ΓÇ║ should handle delayed alert
[1A[2K  75) [firefox] ΓÇ║ tests\alerts-frames\alerts.spec.ts:8:9 ΓÇ║ Alerts Tests ΓÇ║ should handle simple alert 

    TimeoutError: page.waitForEvent: Timeout 10000ms exceeded while waiting for event "dialog"
    =========================== logs ===========================
    waiting for event "dialog"
    ============================================================

       at ..\pages\AlertsPage.ts:27

      25 |     async triggerSimpleAlert() {
      26 |         const [alert] = await Promise.all([
    > 27 |             this.page.waitForEvent('dialog', { timeout: 10000 }),
         |                       ^
      28 |             this.selectElement(this.alertButton),
      29 |         ]);
      30 |         return alert.message();
        at AlertsPage.triggerSimpleAlert (C:\Users\S.M Wazid Ullah\Documents\Projects\WAZID-ULLAH-PLAYWRIGHT-467\pages\AlertsPage.ts:27:23)
        at C:\Users\S.M Wazid Ullah\Documents\Projects\WAZID-ULLAH-PLAYWRIGHT-467\tests\alerts-frames\alerts.spec.ts:9:47

    Error Context: test-results\alerts-frames-alerts-Alerts-Tests-should-handle-simple-alert-firefox\error-context.md


[1A[2K[93/267] [firefox] ΓÇ║ tests\alerts-frames\alerts.spec.ts:29:9 ΓÇ║ Alerts Tests ΓÇ║ should accept confirm alert
[1A[2K  76) [firefox] ΓÇ║ tests\alerts-frames\alerts.spec.ts:15:9 ΓÇ║ Alerts Tests ΓÇ║ should accept simple alert 

    TimeoutError: page.waitForEvent: Timeout 10000ms exceeded while waiting for event "dialog"
    =========================== logs ===========================
    waiting for event "dialog"
    ============================================================

       at ..\pages\AlertsPage.ts:35

      33 |     async handleSimpleAlert() {
      34 |         const [alert] = await Promise.all([
    > 35 |             this.page.waitForEvent('dialog', { timeout: 10000 }),
         |                       ^
      36 |             this.selectElement(this.alertButton),
      37 |         ]);
      38 |         await alert.accept();
        at AlertsPage.handleSimpleAlert (C:\Users\S.M Wazid Ullah\Documents\Projects\WAZID-ULLAH-PLAYWRIGHT-467\pages\AlertsPage.ts:35:23)
        at C:\Users\S.M Wazid Ullah\Documents\Projects\WAZID-ULLAH-PLAYWRIGHT-467\tests\alerts-frames\alerts.spec.ts:16:26

    Error Context: test-results\alerts-frames-alerts-Alerts-Tests-should-accept-simple-alert-firefox\error-context.md


[1A[2K  77) [chromium] ΓÇ║ tests\widgets\toolTips.spec.ts:54:9 ΓÇ║ ToolTips Tests ΓÇ║ should fill autocomplete field 

    [31mTest timeout of 30000ms exceeded.[39m

    Error: locator.fill: Test timeout of 30000ms exceeded.
    Call log:
    [2m  - waiting for locator('#autoCompleteMultipleInput')[22m


       at ..\pages\base\BasePage.ts:51

      49 |      */
      50 |     async enterText(locator: Locator, text: string) {
    > 51 |         await locator.fill(text);
         |                       ^
      52 |     }
      53 |
      54 |     /**
        at WidgetsPage.enterText (C:\Users\S.M Wazid Ullah\Documents\Projects\WAZID-ULLAH-PLAYWRIGHT-467\pages\base\BasePage.ts:51:23)
        at WidgetsPage.fillAutoComplete (C:\Users\S.M Wazid Ullah\Documents\Projects\WAZID-ULLAH-PLAYWRIGHT-467\pages\WidgetsPage.ts:89:20)
        at C:\Users\S.M Wazid Ullah\Documents\Projects\WAZID-ULLAH-PLAYWRIGHT-467\tests\widgets\toolTips.spec.ts:55:27

    Error Context: test-results\widgets-toolTips-ToolTips--b22de-uld-fill-autocomplete-field-chromium\error-context.md


[1A[2K[94/267] [firefox] ΓÇ║ tests\alerts-frames\alerts.spec.ts:36:9 ΓÇ║ Alerts Tests ΓÇ║ should dismiss confirm alert
[1A[2K[95/267] [firefox] ΓÇ║ tests\alerts-frames\alerts.spec.ts:43:9 ΓÇ║ Alerts Tests ΓÇ║ should handle prompt alert with text
[1A[2K  78) [firefox] ΓÇ║ tests\alerts-frames\alerts.spec.ts:23:9 ΓÇ║ Alerts Tests ΓÇ║ should handle delayed alert 

    TimeoutError: page.waitForEvent: Timeout 15000ms exceeded while waiting for event "dialog"
    =========================== logs ===========================
    waiting for event "dialog"
    ============================================================

       at ..\pages\AlertsPage.ts:43

      41 |     async triggerDelayedAlert() {
      42 |         const [alert] = await Promise.all([
    > 43 |             this.page.waitForEvent('dialog', { timeout: 15000 }),
         |                       ^
      44 |             this.selectElement(this.delayedAlertButton),
      45 |         ]);
      46 |         return alert.message();
        at AlertsPage.triggerDelayedAlert (C:\Users\S.M Wazid Ullah\Documents\Projects\WAZID-ULLAH-PLAYWRIGHT-467\pages\AlertsPage.ts:43:23)
        at C:\Users\S.M Wazid Ullah\Documents\Projects\WAZID-ULLAH-PLAYWRIGHT-467\tests\alerts-frames\alerts.spec.ts:24:47

    Error Context: test-results\alerts-frames-alerts-Alert-ead3f-should-handle-delayed-alert-firefox\error-context.md


[1A[2K[96/267] [firefox] ΓÇ║ tests\alerts-frames\alerts.spec.ts:51:9 ΓÇ║ Alerts Tests ΓÇ║ should verify alert label is displayed
[1A[2K  79) [firefox] ΓÇ║ tests\alerts-frames\alerts.spec.ts:29:9 ΓÇ║ Alerts Tests ΓÇ║ should accept confirm alert 

    TimeoutError: page.waitForEvent: Timeout 10000ms exceeded while waiting for event "dialog"
    =========================== logs ===========================
    waiting for event "dialog"
    ============================================================

       at ..\pages\AlertsPage.ts:51

      49 |     async handleConfirmAlert(accept: boolean = true) {
      50 |         const [alert] = await Promise.all([
    > 51 |             this.page.waitForEvent('dialog', { timeout: 10000 }),
         |                       ^
      52 |             this.selectElement(this.confirmAlertButton),
      53 |         ]);
      54 |         if (accept) {
        at AlertsPage.handleConfirmAlert (C:\Users\S.M Wazid Ullah\Documents\Projects\WAZID-ULLAH-PLAYWRIGHT-467\pages\AlertsPage.ts:51:23)
        at C:\Users\S.M Wazid Ullah\Documents\Projects\WAZID-ULLAH-PLAYWRIGHT-467\tests\alerts-frames\alerts.spec.ts:30:26

    Error Context: test-results\alerts-frames-alerts-Alert-1a861-should-accept-confirm-alert-firefox\error-context.md


[1A[2K[97/267] [firefox] ΓÇ║ tests\alerts-frames\frames.spec.ts:8:9 ΓÇ║ Frames Tests ΓÇ║ should verify large frame is visible
[1A[2K  80) [firefox] ΓÇ║ tests\alerts-frames\alerts.spec.ts:36:9 ΓÇ║ Alerts Tests ΓÇ║ should dismiss confirm alert 

    TimeoutError: page.waitForEvent: Timeout 10000ms exceeded while waiting for event "dialog"
    =========================== logs ===========================
    waiting for event "dialog"
    ============================================================

       at ..\pages\AlertsPage.ts:51

      49 |     async handleConfirmAlert(accept: boolean = true) {
      50 |         const [alert] = await Promise.all([
    > 51 |             this.page.waitForEvent('dialog', { timeout: 10000 }),
         |                       ^
      52 |             this.selectElement(this.confirmAlertButton),
      53 |         ]);
      54 |         if (accept) {
        at AlertsPage.handleConfirmAlert (C:\Users\S.M Wazid Ullah\Documents\Projects\WAZID-ULLAH-PLAYWRIGHT-467\pages\AlertsPage.ts:51:23)
        at C:\Users\S.M Wazid Ullah\Documents\Projects\WAZID-ULLAH-PLAYWRIGHT-467\tests\alerts-frames\alerts.spec.ts:37:26

    Error Context: test-results\alerts-frames-alerts-Alert-9eb78-hould-dismiss-confirm-alert-firefox\error-context.md


[1A[2K  81) [firefox] ΓÇ║ tests\alerts-frames\alerts.spec.ts:43:9 ΓÇ║ Alerts Tests ΓÇ║ should handle prompt alert with text 

    TimeoutError: page.waitForEvent: Timeout 10000ms exceeded while waiting for event "dialog"
    =========================== logs ===========================
    waiting for event "dialog"
    ============================================================

       at ..\pages\AlertsPage.ts:63

      61 |     async handlePromptAlert(text: string) {
      62 |         const [alert] = await Promise.all([
    > 63 |             this.page.waitForEvent('dialog', { timeout: 10000 }),
         |                       ^
      64 |             this.selectElement(this.promtAlertButton),
      65 |         ]);
      66 |         await alert.accept(text);
        at AlertsPage.handlePromptAlert (C:\Users\S.M Wazid Ullah\Documents\Projects\WAZID-ULLAH-PLAYWRIGHT-467\pages\AlertsPage.ts:63:23)
        at C:\Users\S.M Wazid Ullah\Documents\Projects\WAZID-ULLAH-PLAYWRIGHT-467\tests\alerts-frames\alerts.spec.ts:45:26

    Error Context: test-results\alerts-frames-alerts-Alert-359e2-ndle-prompt-alert-with-text-firefox\error-context.md


[1A[2K[98/267] [firefox] ΓÇ║ tests\alerts-frames\frames.spec.ts:13:9 ΓÇ║ Frames Tests ΓÇ║ should verify small frame is visible
[1A[2K[99/267] [firefox] ΓÇ║ tests\alerts-frames\frames.spec.ts:18:9 ΓÇ║ Frames Tests ΓÇ║ should get content from large frame
[1A[2K  82) [firefox] ΓÇ║ tests\alerts-frames\frames.spec.ts:8:9 ΓÇ║ Frames Tests ΓÇ║ should verify large frame is visible 

    Error: [2mexpect([22m[31mreceived[39m[2m).[22mtoBeTruthy[2m()[22m

    Received: [31mfalse[39m

       8 |     test('should verify frames page loaded', async ({ framesPage }) => {
       9 |         const url = framesPage.page.url();
    > 10 |         expect(url).toContain('frames');
         |                           ^
      11 |     });
      12 |
      13 |     test('should get content from large frame', async ({ framesPage }) => {
        at C:\Users\S.M Wazid Ullah\Documents\Projects\WAZID-ULLAH-PLAYWRIGHT-467\tests\alerts-frames\frames.spec.ts:10:27

    Error Context: test-results\alerts-frames-frames-Frame-5f774-rify-large-frame-is-visible-firefox\error-context.md


[1A[2K  83) [firefox] ΓÇ║ tests\alerts-frames\alerts.spec.ts:51:9 ΓÇ║ Alerts Tests ΓÇ║ should verify alert label is displayed 

    TimeoutError: page.waitForEvent: Timeout 10000ms exceeded while waiting for event "dialog"
    =========================== logs ===========================
    waiting for event "dialog"
    ============================================================

       at ..\pages\AlertsPage.ts:35

      33 |     async handleSimpleAlert() {
      34 |         const [alert] = await Promise.all([
    > 35 |             this.page.waitForEvent('dialog', { timeout: 10000 }),
         |                       ^
      36 |             this.selectElement(this.alertButton),
      37 |         ]);
      38 |         await alert.accept();
        at AlertsPage.handleSimpleAlert (C:\Users\S.M Wazid Ullah\Documents\Projects\WAZID-ULLAH-PLAYWRIGHT-467\pages\AlertsPage.ts:35:23)
        at C:\Users\S.M Wazid Ullah\Documents\Projects\WAZID-ULLAH-PLAYWRIGHT-467\tests\alerts-frames\alerts.spec.ts:52:26

    Error Context: test-results\alerts-frames-alerts-Alert-1b1eb-fy-alert-label-is-displayed-firefox\error-context.md


[1A[2K[100/267] [firefox] ΓÇ║ tests\alerts-frames\frames.spec.ts:23:9 ΓÇ║ Frames Tests ΓÇ║ should get content from small frame
[1A[2K  84) [firefox] ΓÇ║ tests\alerts-frames\frames.spec.ts:13:9 ΓÇ║ Frames Tests ΓÇ║ should verify small frame is visible 

    Error: [2mexpect([22m[31mreceived[39m[2m).[22mtoBeTruthy[2m()[22m

    Received: [31mfalse[39m

      13 |     test('should get content from large frame', async ({ framesPage }) => {
      14 |         const title = await framesPage.getFrameTitle();
    > 15 |         expect(title).toBeTruthy();
         |                           ^
      16 |         expect(title).toContain('This is a sample page');
      17 |     });
      18 |
        at C:\Users\S.M Wazid Ullah\Documents\Projects\WAZID-ULLAH-PLAYWRIGHT-467\tests\alerts-frames\frames.spec.ts:15:27

    Error Context: test-results\alerts-frames-frames-Frame-45cad-rify-small-frame-is-visible-firefox\error-context.md


[1A[2K[101/267] [firefox] ΓÇ║ tests\alerts-frames\frames.spec.ts:28:9 ΓÇ║ Frames Tests ΓÇ║ should verify large frame contains expected text
[1A[2K[102/267] [firefox] ΓÇ║ tests\alerts-frames\frames.spec.ts:33:9 ΓÇ║ Frames Tests ΓÇ║ should verify small frame contains expected text
[1A[2K  85) [firefox] ΓÇ║ tests\alerts-frames\frames.spec.ts:18:9 ΓÇ║ Frames Tests ΓÇ║ should get content from large frame 

    [31mTest timeout of 30000ms exceeded.[39m

    Error: locator.textContent: Test timeout of 30000ms exceeded.
    Call log:
    [2m  - waiting for locator('#frame1').contentFrame().locator('h1')[22m


       at ..\pages\FramesPage.ts:27

      25 |     async getFrameTitle(): Promise<string> {
      26 |         const heading = this.largeFrameId.locator('h1');
    > 27 |         return await heading.textContent() || '';
         |                              ^
      28 |     }
      29 |
      30 |     async getSampleHeading(): Promise<string> {
        at FramesPage.getFrameTitle (C:\Users\S.M Wazid Ullah\Documents\Projects\WAZID-ULLAH-PLAYWRIGHT-467\pages\FramesPage.ts:27:30)
        at C:\Users\S.M Wazid Ullah\Documents\Projects\WAZID-ULLAH-PLAYWRIGHT-467\tests\alerts-frames\frames.spec.ts:19:40

    Error Context: test-results\alerts-frames-frames-Frame-97273-et-content-from-large-frame-firefox\error-context.md


[1A[2K[103/267] [firefox] ΓÇ║ tests\alerts-frames\frames.spec.ts:38:9 ΓÇ║ Frames Tests ΓÇ║ should navigate to frames and verify page structure
[1A[2K  86) [firefox] ΓÇ║ tests\alerts-frames\frames.spec.ts:23:9 ΓÇ║ Frames Tests ΓÇ║ should get content from small frame 

    [31mTest timeout of 30000ms exceeded.[39m

    Error: locator.textContent: Test timeout of 30000ms exceeded.
    Call log:
    [2m  - waiting for locator('#frame2').contentFrame().locator('h1')[22m


       at ..\pages\FramesPage.ts:37

      35 |     async getSmallFrameText(): Promise<string> {
      36 |         const heading = this.smallFrameId.locator('h1');
    > 37 |         return await heading.textContent() || '';
         |                              ^
      38 |     }
      39 |
      40 |     async verifyFrameContent(frameLocator: FrameLocator, expectedText: string): Promise<boolean> {
        at FramesPage.getSmallFrameText (C:\Users\S.M Wazid Ullah\Documents\Projects\WAZID-ULLAH-PLAYWRIGHT-467\pages\FramesPage.ts:37:30)
        at C:\Users\S.M Wazid Ullah\Documents\Projects\WAZID-ULLAH-PLAYWRIGHT-467\tests\alerts-frames\frames.spec.ts:24:45

    Error Context: test-results\alerts-frames-frames-Frame-1f1ec-et-content-from-small-frame-firefox\error-context.md


[1A[2K[104/267] [firefox] ΓÇ║ tests\BrowseWebsite.spec.js:3:1 ΓÇ║ Browse Website
[1A[2K  87) [firefox] ΓÇ║ tests\alerts-frames\frames.spec.ts:38:9 ΓÇ║ Frames Tests ΓÇ║ should navigate to frames and verify page structure 

    Error: [2mexpect([22m[31mreceived[39m[2m).[22mtoBeTruthy[2m()[22m

    Received: [31mfalse[39m

      43 |         expect(url).toContain('frames');
      44 |         
    > 45 |         const largeElement = framesPage.page.locator('#frame1');
         |                              ^
      46 |         const smallElement = framesPage.page.locator('#frame2');
      47 |         
      48 |         expect(await largeElement.isVisible()).toBeTruthy();
        at C:\Users\S.M Wazid Ullah\Documents\Projects\WAZID-ULLAH-PLAYWRIGHT-467\tests\alerts-frames\frames.spec.ts:45:30

    Error Context: test-results\alerts-frames-frames-Frame-6bc80-s-and-verify-page-structure-firefox\error-context.md


[1A[2K  88) [firefox] ΓÇ║ tests\alerts-frames\frames.spec.ts:28:9 ΓÇ║ Frames Tests ΓÇ║ should verify large frame contains expected text 

    [31mTest timeout of 30000ms exceeded.[39m

    Error: locator.textContent: Test timeout of 30000ms exceeded.
    Call log:
    [2m  - waiting for locator('#frame1').contentFrame().locator('body')[22m


       at ..\pages\FramesPage.ts:42

      40 |     async verifyFrameContent(frameLocator: FrameLocator, expectedText: string): Promise<boolean> {
      41 |         const content = frameLocator.locator('body');
    > 42 |         const text = await content.textContent() || '';
         |                                    ^
      43 |         return text.includes(expectedText);
      44 |     }
      45 |
        at FramesPage.verifyFrameContent (C:\Users\S.M Wazid Ullah\Documents\Projects\WAZID-ULLAH-PLAYWRIGHT-467\pages\FramesPage.ts:42:36)
        at C:\Users\S.M Wazid Ullah\Documents\Projects\WAZID-ULLAH-PLAYWRIGHT-467\tests\alerts-frames\frames.spec.ts:29:45

    Error Context: test-results\alerts-frames-frames-Frame-28a0b-rame-contains-expected-text-firefox\error-context.md


[1A[2K  89) [firefox] ΓÇ║ tests\alerts-frames\frames.spec.ts:33:9 ΓÇ║ Frames Tests ΓÇ║ should verify small frame contains expected text 

    [31mTest timeout of 30000ms exceeded.[39m

    Error: locator.textContent: Test timeout of 30000ms exceeded.
    Call log:
    [2m  - waiting for locator('#frame2').contentFrame().locator('body')[22m


       at ..\pages\FramesPage.ts:42

      40 |     async verifyFrameContent(frameLocator: FrameLocator, expectedText: string): Promise<boolean> {
      41 |         const content = frameLocator.locator('body');
    > 42 |         const text = await content.textContent() || '';
         |                                    ^
      43 |         return text.includes(expectedText);
      44 |     }
      45 |
        at FramesPage.verifyFrameContent (C:\Users\S.M Wazid Ullah\Documents\Projects\WAZID-ULLAH-PLAYWRIGHT-467\pages\FramesPage.ts:42:36)
        at C:\Users\S.M Wazid Ullah\Documents\Projects\WAZID-ULLAH-PLAYWRIGHT-467\tests\alerts-frames\frames.spec.ts:34:45

    Error Context: test-results\alerts-frames-frames-Frame-06a90-rame-contains-expected-text-firefox\error-context.md


[1A[2K[105/267] [firefox] ΓÇ║ tests\Codegen_Record_DemoLogin.spec.js:3:5 ΓÇ║ test
[1A[2K[106/267] [firefox] ΓÇ║ tests\e2e\demoqa.e2e.spec.ts:4:9 ΓÇ║ Demo QA E2E Tests ΓÇ║ should navigate to demoqa and verify all sections visible
[1A[2K[107/267] [firefox] ΓÇ║ tests\e2e\demoqa.e2e.spec.ts:16:9 ΓÇ║ Demo QA E2E Tests ΓÇ║ should navigate to elements section from home page
[1A[2K[firefox] ΓÇ║ tests\BrowseWebsite.spec.js:3:1 ΓÇ║ Browse Website
Website browsing Successful

[1A[2K[108/267] [firefox] ΓÇ║ tests\e2e\demoqa.e2e.spec.ts:23:9 ΓÇ║ Demo QA E2E Tests ΓÇ║ should navigate to forms section from home page
[1A[2K[109/267] [firefox] ΓÇ║ tests\e2e\demoqa.e2e.spec.ts:37:9 ΓÇ║ Demo QA E2E Tests ΓÇ║ should navigate to widgets section from home page
[1A[2K[110/267] [firefox] ΓÇ║ tests\e2e\demoqa.e2e.spec.ts:30:9 ΓÇ║ Demo QA E2E Tests ΓÇ║ should navigate to alerts section from home page
[1A[2K[111/267] [firefox] ΓÇ║ tests\e2e\demoqa.e2e.spec.ts:44:9 ΓÇ║ Demo QA E2E Tests ΓÇ║ should navigate to interactions section from home page
[1A[2K  90) [firefox] ΓÇ║ tests\e2e\demoqa.e2e.spec.ts:4:9 ΓÇ║ Demo QA E2E Tests ΓÇ║ should navigate to demoqa and verify all sections visible 

    Error: [2mexpect([22m[31mpage[39m[2m).[22mtoHaveTitle[2m([22m[32mexpected[39m[2m)[22m failed

    Expected pattern: [32m/.*DEMOQA.*/i[39m
    Received string:  [31m"demosite"[39m
    Timeout: 5000ms

    Call log:
    [2m  - Expect "toHaveTitle" with timeout 5000ms[22m
    [2m    8 ├ù unexpected value "demosite"[22m


       5 |         await homePage.navigateTo();
       6 |         
    >  7 |         await expect(homePage.page).toHaveTitle(/.*DEMOQA.*/i);
         |                                     ^
       8 |         await expect(homePage.elementsCard).toBeVisible();
       9 |         await expect(homePage.formsCard).toBeVisible();
      10 |         await expect(homePage.alertsCard).toBeVisible();
        at C:\Users\S.M Wazid Ullah\Documents\Projects\WAZID-ULLAH-PLAYWRIGHT-467\tests\e2e\demoqa.e2e.spec.ts:7:37

    Error Context: test-results\e2e-demoqa.e2e-Demo-QA-E2E-95347-verify-all-sections-visible-firefox\error-context.md


[1A[2K[112/267] [firefox] ΓÇ║ tests\elements\buttons.spec.ts:18:9 ΓÇ║ Buttons Tests ΓÇ║ should handle right click button
[1A[2K[113/267] [firefox] ΓÇ║ tests\elements\buttons.spec.ts:28:9 ΓÇ║ Buttons Tests ΓÇ║ should handle single click button
[1A[2K[114/267] [firefox] ΓÇ║ tests\elements\buttons.spec.ts:38:9 ΓÇ║ Buttons Tests ΓÇ║ should perform all button click actions
[1A[2K[115/267] [firefox] ΓÇ║ tests\elements\buttons.spec.ts:8:9 ΓÇ║ Buttons Tests ΓÇ║ should handle double click button
[1A[2K  91) [firefox] ΓÇ║ tests\elements\buttons.spec.ts:18:9 ΓÇ║ Buttons Tests ΓÇ║ should handle right click button 

    TypeError: buttonsPage.rightClickButton is not a function

      17 |
      18 |     test('should handle right click button', async ({ buttonsPage }) => {
    > 19 |         await buttonsPage.rightClickButton();
         |                           ^
      20 |         
      21 |         const isMessageDisplayed = await buttonsPage.isRightClickMessageDisplayed();
      22 |         expect(isMessageDisplayed).toBeTruthy();
        at C:\Users\S.M Wazid Ullah\Documents\Projects\WAZID-ULLAH-PLAYWRIGHT-467\tests\elements\buttons.spec.ts:19:27

    Error Context: test-results\elements-buttons-Buttons-T-ebee4-d-handle-right-click-button-firefox\error-context.md


[1A[2K  92) [firefox] ΓÇ║ tests\elements\buttons.spec.ts:38:9 ΓÇ║ Buttons Tests ΓÇ║ should perform all button click actions 

    TypeError: buttonsPage.doubleClickButton is not a function

      38 |     test('should perform all button click actions', async ({ buttonsPage }) => {
      39 |         // Double click
    > 40 |         await buttonsPage.doubleClickButton();
         |                           ^
      41 |         let isDisplayed = await buttonsPage.isDoubleClickMessageDisplayed();
      42 |         expect(isDisplayed).toBeTruthy();
      43 |         
        at C:\Users\S.M Wazid Ullah\Documents\Projects\WAZID-ULLAH-PLAYWRIGHT-467\tests\elements\buttons.spec.ts:40:27

    Error Context: test-results\elements-buttons-Buttons-T-072b1-rm-all-button-click-actions-firefox\error-context.md


[1A[2K[116/267] [firefox] ΓÇ║ tests\elements\checkBox.spec.ts:8:9 ΓÇ║ CheckBox Tests ΓÇ║ should expand all checkboxes
[1A[2K  93) [firefox] ΓÇ║ tests\elements\buttons.spec.ts:8:9 ΓÇ║ Buttons Tests ΓÇ║ should handle double click button 

    TypeError: buttonsPage.doubleClickButton is not a function

       7 |
       8 |     test('should handle double click button', async ({ buttonsPage }) => {
    >  9 |         await buttonsPage.doubleClickButton();
         |                           ^
      10 |         
      11 |         const isMessageDisplayed = await buttonsPage.isDoubleClickMessageDisplayed();
      12 |         expect(isMessageDisplayed).toBeTruthy();
        at C:\Users\S.M Wazid Ullah\Documents\Projects\WAZID-ULLAH-PLAYWRIGHT-467\tests\elements\buttons.spec.ts:9:27

    Error Context: test-results\elements-buttons-Buttons-T-58380--handle-double-click-button-firefox\error-context.md


[1A[2K[117/267] [firefox] ΓÇ║ tests\elements\checkBox.spec.ts:15:9 ΓÇ║ CheckBox Tests ΓÇ║ should select home checkbox
[1A[2K[118/267] [firefox] ΓÇ║ tests\elements\checkBox.spec.ts:23:9 ΓÇ║ CheckBox Tests ΓÇ║ should select multiple checkboxes and verify
[1A[2K  94) [firefox] ΓÇ║ tests\elements\checkBox.spec.ts:8:9 ΓÇ║ CheckBox Tests ΓÇ║ should expand all checkboxes 

    Error: [2mexpect([22m[31mreceived[39m[2m).[22mtoBeGreaterThan[2m([22m[32mexpected[39m[2m)[22m

    Expected: > [32m0[39m
    Received:   [31m0[39m

      10 |         
      11 |         const checkboxCount = await checkBoxPage.getElementCount(checkBoxPage.checkboxes);
    > 12 |         expect(checkboxCount).toBeGreaterThan(0);
         |                               ^
      13 |     });
      14 |
      15 |     test('should select home checkbox', async ({ checkBoxPage }) => {
        at C:\Users\S.M Wazid Ullah\Documents\Projects\WAZID-ULLAH-PLAYWRIGHT-467\tests\elements\checkBox.spec.ts:12:31

    Error Context: test-results\elements-checkBox-CheckBox-552c2-hould-expand-all-checkboxes-firefox\error-context.md


[1A[2K[119/267] [firefox] ΓÇ║ tests\elements\checkBox.spec.ts:35:9 ΓÇ║ CheckBox Tests ΓÇ║ should display result when checkbox is selected
[1A[2K  95) [firefox] ΓÇ║ tests\elements\buttons.spec.ts:28:9 ΓÇ║ Buttons Tests ΓÇ║ should handle single click button 

    [31mTest timeout of 30000ms exceeded.[39m

    Error: locator.click: Test timeout of 30000ms exceeded.
    Call log:
    [2m  - waiting for locator('button:has-text("Click Me")')[22m


       at ..\pages\base\BasePage.ts:44

      42 |      */
      43 |     async selectElement(locator: Locator) {
    > 44 |         await locator.click();
         |                       ^
      45 |     }
      46 |
      47 |     /**
        at ButtonsPage.selectElement (C:\Users\S.M Wazid Ullah\Documents\Projects\WAZID-ULLAH-PLAYWRIGHT-467\pages\base\BasePage.ts:44:23)
        at ButtonsPage.singleClickButton (C:\Users\S.M Wazid Ullah\Documents\Projects\WAZID-ULLAH-PLAYWRIGHT-467\pages\ButtonsPage.ts:36:20)
        at C:\Users\S.M Wazid Ullah\Documents\Projects\WAZID-ULLAH-PLAYWRIGHT-467\tests\elements\buttons.spec.ts:29:27

    Error Context: test-results\elements-buttons-Buttons-T-69294--handle-single-click-button-firefox\error-context.md


[1A[2K[120/267] [firefox] ΓÇ║ tests\elements\checkBox.spec.ts:46:9 ΓÇ║ CheckBox Tests ΓÇ║ should verify checkbox item expansion
[1A[2K  96) [firefox] ΓÇ║ tests\elements\checkBox.spec.ts:15:9 ΓÇ║ CheckBox Tests ΓÇ║ should select home checkbox 

    [31mTest timeout of 30000ms exceeded.[39m

    Error: locator.click: Test timeout of 30000ms exceeded.
    Call log:
    [2m  - waiting for locator('label:has-text("Home") input[type="checkbox"]')[22m


       at ..\pages\base\BasePage.ts:44

      42 |      */
      43 |     async selectElement(locator: Locator) {
    > 44 |         await locator.click();
         |                       ^
      45 |     }
      46 |
      47 |     /**
        at CheckBoxPage.selectElement (C:\Users\S.M Wazid Ullah\Documents\Projects\WAZID-ULLAH-PLAYWRIGHT-467\pages\base\BasePage.ts:44:23)
        at CheckBoxPage.selectCheckbox (C:\Users\S.M Wazid Ullah\Documents\Projects\WAZID-ULLAH-PLAYWRIGHT-467\pages\CheckBoxPage.ts:43:20)
        at C:\Users\S.M Wazid Ullah\Documents\Projects\WAZID-ULLAH-PLAYWRIGHT-467\tests\elements\checkBox.spec.ts:17:28

    Error Context: test-results\elements-checkBox-CheckBox-Tests-should-select-home-checkbox-firefox\error-context.md


[1A[2K[121/267] [firefox] ΓÇ║ tests\elements\links.spec.ts:8:9 ΓÇ║ Links Tests ΓÇ║ should click home link and verify navigation
[1A[2K  97) [firefox] ΓÇ║ tests\elements\checkBox.spec.ts:23:9 ΓÇ║ CheckBox Tests ΓÇ║ should select multiple checkboxes and verify 

    [31mTest timeout of 30000ms exceeded.[39m

    Error: locator.click: Test timeout of 30000ms exceeded.
    Call log:
    [2m  - waiting for locator('label:has-text("Home") input[type="checkbox"]')[22m


       at ..\pages\base\BasePage.ts:44

      42 |      */
      43 |     async selectElement(locator: Locator) {
    > 44 |         await locator.click();
         |                       ^
      45 |     }
      46 |
      47 |     /**
        at CheckBoxPage.selectElement (C:\Users\S.M Wazid Ullah\Documents\Projects\WAZID-ULLAH-PLAYWRIGHT-467\pages\base\BasePage.ts:44:23)
        at CheckBoxPage.selectCheckbox (C:\Users\S.M Wazid Ullah\Documents\Projects\WAZID-ULLAH-PLAYWRIGHT-467\pages\CheckBoxPage.ts:43:20)
        at CheckBoxPage.selectMultipleCheckboxes (C:\Users\S.M Wazid Ullah\Documents\Projects\WAZID-ULLAH-PLAYWRIGHT-467\pages\CheckBoxPage.ts:48:24)
        at C:\Users\S.M Wazid Ullah\Documents\Projects\WAZID-ULLAH-PLAYWRIGHT-467\tests\elements\checkBox.spec.ts:27:28

    Error Context: test-results\elements-checkBox-CheckBox-a448f-tiple-checkboxes-and-verify-firefox\error-context.md


[1A[2K[122/267] [firefox] ΓÇ║ tests\elements\links.spec.ts:20:9 ΓÇ║ Links Tests ΓÇ║ should click dynamic link
[1A[2K  98) [firefox] ΓÇ║ tests\elements\checkBox.spec.ts:35:9 ΓÇ║ CheckBox Tests ΓÇ║ should display result when checkbox is selected 

    [31mTest timeout of 30000ms exceeded.[39m

    Error: locator.click: Test timeout of 30000ms exceeded.
    Call log:
    [2m  - waiting for locator('label:has-text("Home") input[type="checkbox"]')[22m


       at ..\pages\base\BasePage.ts:44

      42 |      */
      43 |     async selectElement(locator: Locator) {
    > 44 |         await locator.click();
         |                       ^
      45 |     }
      46 |
      47 |     /**
        at CheckBoxPage.selectElement (C:\Users\S.M Wazid Ullah\Documents\Projects\WAZID-ULLAH-PLAYWRIGHT-467\pages\base\BasePage.ts:44:23)
        at CheckBoxPage.selectCheckbox (C:\Users\S.M Wazid Ullah\Documents\Projects\WAZID-ULLAH-PLAYWRIGHT-467\pages\CheckBoxPage.ts:43:20)
        at C:\Users\S.M Wazid Ullah\Documents\Projects\WAZID-ULLAH-PLAYWRIGHT-467\tests\elements\checkBox.spec.ts:37:28

    Error Context: test-results\elements-checkBox-CheckBox-30d5e-t-when-checkbox-is-selected-firefox\error-context.md


[1A[2K[123/267] [firefox] ΓÇ║ tests\elements\links.spec.ts:29:9 ΓÇ║ Links Tests ΓÇ║ should verify created link response
[1A[2K[124/267] [firefox] ΓÇ║ tests\elements\links.spec.ts:39:9 ΓÇ║ Links Tests ΓÇ║ should verify no content link response
[1A[2K  99) [firefox] ΓÇ║ tests\elements\checkBox.spec.ts:46:9 ΓÇ║ CheckBox Tests ΓÇ║ should verify checkbox item expansion 

    [31mTest timeout of 30000ms exceeded.[39m

    Error: locator.click: Test timeout of 30000ms exceeded.
    Call log:
    [2m  - waiting for locator('button.rct-collapse-btn').first()[22m


       at ..\pages\base\BasePage.ts:44

      42 |      */
      43 |     async selectElement(locator: Locator) {
    > 44 |         await locator.click();
         |                       ^
      45 |     }
      46 |
      47 |     /**
        at CheckBoxPage.selectElement (C:\Users\S.M Wazid Ullah\Documents\Projects\WAZID-ULLAH-PLAYWRIGHT-467\pages\base\BasePage.ts:44:23)
        at CheckBoxPage.clickExpandButton (C:\Users\S.M Wazid Ullah\Documents\Projects\WAZID-ULLAH-PLAYWRIGHT-467\pages\CheckBoxPage.ts:30:20)
        at C:\Users\S.M Wazid Ullah\Documents\Projects\WAZID-ULLAH-PLAYWRIGHT-467\tests\elements\checkBox.spec.ts:47:28

    Error Context: test-results\elements-checkBox-CheckBox-baec8-ify-checkbox-item-expansion-firefox\error-context.md


[1A[2K[125/267] [firefox] ΓÇ║ tests\elements\links.spec.ts:49:9 ΓÇ║ Links Tests ΓÇ║ should verify moved permanently link response
[1A[2K  100) [firefox] ΓÇ║ tests\elements\links.spec.ts:8:9 ΓÇ║ Links Tests ΓÇ║ should click home link and verify navigation 

    [31mTest timeout of 30000ms exceeded.[39m

    Error: locator.textContent: Target page, context or browser has been closed

       at ..\pages\base\BasePage.ts:65

      63 |      */
      64 |     async getElementText(locator: Locator): Promise<string> {
    > 65 |         return await locator.textContent() || '';
         |                              ^
      66 |     }
      67 |
      68 |     /**
        at LinksPage.getElementText (C:\Users\S.M Wazid Ullah\Documents\Projects\WAZID-ULLAH-PLAYWRIGHT-467\pages\base\BasePage.ts:65:30)
        at LinksPage.getResponseMessage (C:\Users\S.M Wazid Ullah\Documents\Projects\WAZID-ULLAH-PLAYWRIGHT-467\pages\LinksPage.ts:48:27)
        at C:\Users\S.M Wazid Ullah\Documents\Projects\WAZID-ULLAH-PLAYWRIGHT-467\tests\elements\links.spec.ts:16:49

    Error Context: test-results\elements-links-Links-Tests-cd02f--link-and-verify-navigation-firefox\error-context.md


[1A[2K[126/267] [firefox] ΓÇ║ tests\elements\links.spec.ts:59:9 ΓÇ║ Links Tests ΓÇ║ should copy link href
[1A[2K  101) [firefox] ΓÇ║ tests\elements\links.spec.ts:29:9 ΓÇ║ Links Tests ΓÇ║ should verify created link response 

    [31mTest timeout of 30000ms exceeded.[39m

    Error: locator.click: Test timeout of 30000ms exceeded.
    Call log:
    [2m  - waiting for locator('a:has-text("Created")')[22m


       at ..\pages\base\BasePage.ts:44

      42 |      */
      43 |     async selectElement(locator: Locator) {
    > 44 |         await locator.click();
         |                       ^
      45 |     }
      46 |
      47 |     /**
        at LinksPage.selectElement (C:\Users\S.M Wazid Ullah\Documents\Projects\WAZID-ULLAH-PLAYWRIGHT-467\pages\base\BasePage.ts:44:23)
        at LinksPage.clickLinkByText (C:\Users\S.M Wazid Ullah\Documents\Projects\WAZID-ULLAH-PLAYWRIGHT-467\pages\LinksPage.ts:44:20)
        at C:\Users\S.M Wazid Ullah\Documents\Projects\WAZID-ULLAH-PLAYWRIGHT-467\tests\elements\links.spec.ts:30:25

    Error Context: test-results\elements-links-Links-Tests-295ee-erify-created-link-response-firefox\error-context.md


[1A[2K  102) [firefox] ΓÇ║ tests\elements\links.spec.ts:39:9 ΓÇ║ Links Tests ΓÇ║ should verify no content link response 

    [31mTest timeout of 30000ms exceeded.[39m

    Error: locator.click: Test timeout of 30000ms exceeded.
    Call log:
    [2m  - waiting for locator('a:has-text("No Content")')[22m


       at ..\pages\base\BasePage.ts:44

      42 |      */
      43 |     async selectElement(locator: Locator) {
    > 44 |         await locator.click();
         |                       ^
      45 |     }
      46 |
      47 |     /**
        at LinksPage.selectElement (C:\Users\S.M Wazid Ullah\Documents\Projects\WAZID-ULLAH-PLAYWRIGHT-467\pages\base\BasePage.ts:44:23)
        at LinksPage.clickLinkByText (C:\Users\S.M Wazid Ullah\Documents\Projects\WAZID-ULLAH-PLAYWRIGHT-467\pages\LinksPage.ts:44:20)
        at C:\Users\S.M Wazid Ullah\Documents\Projects\WAZID-ULLAH-PLAYWRIGHT-467\tests\elements\links.spec.ts:40:25

    Error Context: test-results\elements-links-Links-Tests-fe4bb-fy-no-content-link-response-firefox\error-context.md


[1A[2K[127/267] [firefox] ΓÇ║ tests\elements\radioButton.spec.ts:8:9 ΓÇ║ RadioButton Tests ΓÇ║ should select yes radio button
[1A[2K[128/267] [firefox] ΓÇ║ tests\elements\radioButton.spec.ts:15:9 ΓÇ║ RadioButton Tests ΓÇ║ should select impressive radio button
[1A[2K  103) [firefox] ΓÇ║ tests\elements\links.spec.ts:49:9 ΓÇ║ Links Tests ΓÇ║ should verify moved permanently link response 

    [31mTest timeout of 30000ms exceeded.[39m

    Error: locator.click: Test timeout of 30000ms exceeded.
    Call log:
    [2m  - waiting for locator('a:has-text("Moved Permanently")')[22m


       at ..\pages\base\BasePage.ts:44

      42 |      */
      43 |     async selectElement(locator: Locator) {
    > 44 |         await locator.click();
         |                       ^
      45 |     }
      46 |
      47 |     /**
        at LinksPage.selectElement (C:\Users\S.M Wazid Ullah\Documents\Projects\WAZID-ULLAH-PLAYWRIGHT-467\pages\base\BasePage.ts:44:23)
        at LinksPage.clickLinkByText (C:\Users\S.M Wazid Ullah\Documents\Projects\WAZID-ULLAH-PLAYWRIGHT-467\pages\LinksPage.ts:44:20)
        at C:\Users\S.M Wazid Ullah\Documents\Projects\WAZID-ULLAH-PLAYWRIGHT-467\tests\elements\links.spec.ts:50:25

    Error Context: test-results\elements-links-Links-Tests-a4724-d-permanently-link-response-firefox\error-context.md


[1A[2K[129/267] [firefox] ΓÇ║ tests\elements\radioButton.spec.ts:22:9 ΓÇ║ RadioButton Tests ΓÇ║ should not be able to select no option
[1A[2K  104) [firefox] ΓÇ║ tests\elements\links.spec.ts:59:9 ΓÇ║ Links Tests ΓÇ║ should copy link href ΓöÇΓöÇΓöÇΓöÇΓöÇΓöÇΓöÇΓöÇΓöÇ

    [31mTest timeout of 30000ms exceeded.[39m

    Error: locator.getAttribute: Test timeout of 30000ms exceeded.
    Call log:
    [2m  - waiting for locator('a:has-text("Home")')[22m


       at ..\pages\base\BasePage.ts:72

      70 |      */
      71 |     async getAttribute(locator: Locator, attributeName: string): Promise<string | null> {
    > 72 |         return await locator.getAttribute(attributeName);
         |                              ^
      73 |     }
      74 |
      75 |     /**
        at LinksPage.getAttribute (C:\Users\S.M Wazid Ullah\Documents\Projects\WAZID-ULLAH-PLAYWRIGHT-467\pages\base\BasePage.ts:72:30)
        at LinksPage.copyLink (C:\Users\S.M Wazid Ullah\Documents\Projects\WAZID-ULLAH-PLAYWRIGHT-467\pages\LinksPage.ts:57:33)
        at C:\Users\S.M Wazid Ullah\Documents\Projects\WAZID-ULLAH-PLAYWRIGHT-467\tests\elements\links.spec.ts:60:38

    Error Context: test-results\elements-links-Links-Tests-should-copy-link-href-firefox\error-context.md


[1A[2K[130/267] [firefox] ΓÇ║ tests\elements\radioButton.spec.ts:27:9 ΓÇ║ RadioButton Tests ΓÇ║ should verify radio button selection with different values
[1A[2K  105) [firefox] ΓÇ║ tests\elements\radioButton.spec.ts:8:9 ΓÇ║ RadioButton Tests ΓÇ║ should select yes radio button 

    [31mTest timeout of 30000ms exceeded.[39m

    Error: locator.click: Test timeout of 30000ms exceeded.
    Call log:
    [2m  - waiting for locator('label').filter({ hasText: 'Yes' })[22m


       at ..\pages\base\BasePage.ts:44

      42 |      */
      43 |     async selectElement(locator: Locator) {
    > 44 |         await locator.click();
         |                       ^
      45 |     }
      46 |
      47 |     /**
        at RadioButtonPage.selectElement (C:\Users\S.M Wazid Ullah\Documents\Projects\WAZID-ULLAH-PLAYWRIGHT-467\pages\base\BasePage.ts:44:23)
        at RadioButtonPage.selectYesOption (C:\Users\S.M Wazid Ullah\Documents\Projects\WAZID-ULLAH-PLAYWRIGHT-467\pages\RadioButtonPage.ts:24:20)
        at C:\Users\S.M Wazid Ullah\Documents\Projects\WAZID-ULLAH-PLAYWRIGHT-467\tests\elements\radioButton.spec.ts:9:31

    Error Context: test-results\elements-radioButton-Radio-3e317-uld-select-yes-radio-button-firefox\error-context.md


[1A[2K  106) [firefox] ΓÇ║ tests\elements\radioButton.spec.ts:15:9 ΓÇ║ RadioButton Tests ΓÇ║ should select impressive radio button 

    [31mTest timeout of 30000ms exceeded.[39m

    Error: locator.click: Test timeout of 30000ms exceeded.
    Call log:
    [2m  - waiting for locator('label').filter({ hasText: 'Impressive' })[22m


       at ..\pages\base\BasePage.ts:44

      42 |      */
      43 |     async selectElement(locator: Locator) {
    > 44 |         await locator.click();
         |                       ^
      45 |     }
      46 |
      47 |     /**
        at RadioButtonPage.selectElement (C:\Users\S.M Wazid Ullah\Documents\Projects\WAZID-ULLAH-PLAYWRIGHT-467\pages\base\BasePage.ts:44:23)
        at RadioButtonPage.selectImpressiveOption (C:\Users\S.M Wazid Ullah\Documents\Projects\WAZID-ULLAH-PLAYWRIGHT-467\pages\RadioButtonPage.ts:28:20)
        at C:\Users\S.M Wazid Ullah\Documents\Projects\WAZID-ULLAH-PLAYWRIGHT-467\tests\elements\radioButton.spec.ts:16:31

    Error Context: test-results\elements-radioButton-Radio-50010-ect-impressive-radio-button-firefox\error-context.md


[1A[2K[131/267] [firefox] ΓÇ║ tests\elements\radioButton.spec.ts:37:9 ΓÇ║ RadioButton Tests ΓÇ║ should change selection from one radio button to another
[1A[2K[132/267] [firefox] ΓÇ║ tests\elements\textBox.spec.ts:9:9 ΓÇ║ TextBox Tests ΓÇ║ should fill textbox with valid data and verify output
[1A[2K  107) [firefox] ΓÇ║ tests\elements\radioButton.spec.ts:22:9 ΓÇ║ RadioButton Tests ΓÇ║ should not be able to select no option 

    [31mTest timeout of 30000ms exceeded.[39m

    Error: locator.isEnabled: Test timeout of 30000ms exceeded.
    Call log:
    [2m  - waiting for locator('label').filter({ hasText: 'No' }).locator('input[type="radio"]')[22m


       at ..\pages\base\BasePage.ts:86

      84 |      */
      85 |     async isElementEnabled(locator: Locator): Promise<boolean> {
    > 86 |         return await locator.isEnabled();
         |                              ^
      87 |     }
      88 |
      89 |     /**
        at RadioButtonPage.isElementEnabled (C:\Users\S.M Wazid Ullah\Documents\Projects\WAZID-ULLAH-PLAYWRIGHT-467\pages\base\BasePage.ts:86:30)
        at RadioButtonPage.isNoOptionDisabled (C:\Users\S.M Wazid Ullah\Documents\Projects\WAZID-ULLAH-PLAYWRIGHT-467\pages\RadioButtonPage.ts:47:29)
        at C:\Users\S.M Wazid Ullah\Documents\Projects\WAZID-ULLAH-PLAYWRIGHT-467\tests\elements\radioButton.spec.ts:23:50

    Error Context: test-results\elements-radioButton-Radio-0efcf-be-able-to-select-no-option-firefox\error-context.md


[1A[2K[133/267] [firefox] ΓÇ║ tests\elements\textBox.spec.ts:25:9 ΓÇ║ TextBox Tests ΓÇ║ should fill only required fields and submit
[1A[2K  108) [firefox] ΓÇ║ tests\elements\radioButton.spec.ts:27:9 ΓÇ║ RadioButton Tests ΓÇ║ should verify radio button selection with different values 

    [31mTest timeout of 30000ms exceeded.[39m

    Error: locator.click: Test timeout of 30000ms exceeded.
    Call log:
    [2m  - waiting for locator('label:has-text("Yes")')[22m


       at ..\pages\base\BasePage.ts:44

      42 |      */
      43 |     async selectElement(locator: Locator) {
    > 44 |         await locator.click();
         |                       ^
      45 |     }
      46 |
      47 |     /**
        at RadioButtonPage.selectElement (C:\Users\S.M Wazid Ullah\Documents\Projects\WAZID-ULLAH-PLAYWRIGHT-467\pages\base\BasePage.ts:44:23)
        at RadioButtonPage.selectRadioByValue (C:\Users\S.M Wazid Ullah\Documents\Projects\WAZID-ULLAH-PLAYWRIGHT-467\pages\RadioButtonPage.ts:37:20)
        at C:\Users\S.M Wazid Ullah\Documents\Projects\WAZID-ULLAH-PLAYWRIGHT-467\tests\elements\radioButton.spec.ts:31:35

    Error Context: test-results\elements-radioButton-Radio-1acd0-ction-with-different-values-firefox\error-context.md


[1A[2K[134/267] [firefox] ΓÇ║ tests\elements\textBox.spec.ts:36:9 ΓÇ║ TextBox Tests ΓÇ║ should verify multiple text inputs filling
[1A[2K  109) [firefox] ΓÇ║ tests\elements\textBox.spec.ts:36:9 ΓÇ║ TextBox Tests ΓÇ║ should verify multiple text inputs filling 

    TypeError: textBoxPage.fillFirstName is not a function

      38 |         const user = testData.user1;
      39 |
    > 40 |         await textBoxPage.fillFirstName(user.firstName);
         |                           ^
      41 |         await textBoxPage.fillEmail(user.email);
      42 |         await textBoxPage.fillCurrentAddress(user.address);
      43 |
        at C:\Users\S.M Wazid Ullah\Documents\Projects\WAZID-ULLAH-PLAYWRIGHT-467\tests\elements\textBox.spec.ts:40:27

    Error Context: test-results\elements-textBox-TextBox-T-f005c-ultiple-text-inputs-filling-firefox\error-context.md


[1A[2K[135/267] [firefox] ΓÇ║ tests\elements\textBox.spec.ts:48:9 ΓÇ║ TextBox Tests ΓÇ║ should clear and re-enter text in textbox
[1A[2K  110) [firefox] ΓÇ║ tests\elements\radioButton.spec.ts:37:9 ΓÇ║ RadioButton Tests ΓÇ║ should change selection from one radio button to another 

    [31mTest timeout of 30000ms exceeded.[39m

    Error: locator.click: Test timeout of 30000ms exceeded.
    Call log:
    [2m  - waiting for locator('label').filter({ hasText: 'Yes' })[22m


       at ..\pages\base\BasePage.ts:44

      42 |      */
      43 |     async selectElement(locator: Locator) {
    > 44 |         await locator.click();
         |                       ^
      45 |     }
      46 |
      47 |     /**
        at RadioButtonPage.selectElement (C:\Users\S.M Wazid Ullah\Documents\Projects\WAZID-ULLAH-PLAYWRIGHT-467\pages\base\BasePage.ts:44:23)
        at RadioButtonPage.selectYesOption (C:\Users\S.M Wazid Ullah\Documents\Projects\WAZID-ULLAH-PLAYWRIGHT-467\pages\RadioButtonPage.ts:24:20)
        at C:\Users\S.M Wazid Ullah\Documents\Projects\WAZID-ULLAH-PLAYWRIGHT-467\tests\elements\radioButton.spec.ts:38:31

    Error Context: test-results\elements-radioButton-Radio-cae06-one-radio-button-to-another-firefox\error-context.md


[1A[2K  111) [firefox] ΓÇ║ tests\elements\textBox.spec.ts:9:9 ΓÇ║ TextBox Tests ΓÇ║ should fill textbox with valid data and verify output 

    [31mTest timeout of 30000ms exceeded.[39m

    Error: locator.fill: Test timeout of 30000ms exceeded.
    Call log:
    [2m  - waiting for locator('#fullName')[22m


       at ..\pages\base\BasePage.ts:51

      49 |      */
      50 |     async enterText(locator: Locator, text: string) {
    > 51 |         await locator.fill(text);
         |                       ^
      52 |     }
      53 |
      54 |     /**
        at TextBoxPage.enterText (C:\Users\S.M Wazid Ullah\Documents\Projects\WAZID-ULLAH-PLAYWRIGHT-467\pages\base\BasePage.ts:51:23)
        at TextBoxPage.fillFullName (C:\Users\S.M Wazid Ullah\Documents\Projects\WAZID-ULLAH-PLAYWRIGHT-467\pages\TextBoxPage.ts:36:20)
        at TextBoxPage.fillAndSubmitForm (C:\Users\S.M Wazid Ullah\Documents\Projects\WAZID-ULLAH-PLAYWRIGHT-467\pages\TextBoxPage.ts:56:20)
        at C:\Users\S.M Wazid Ullah\Documents\Projects\WAZID-ULLAH-PLAYWRIGHT-467\tests\elements\textBox.spec.ts:15:27

    Error Context: test-results\elements-textBox-TextBox-T-c6338-alid-data-and-verify-output-firefox\error-context.md


[1A[2K[136/267] [firefox] ΓÇ║ tests\elements\textBox.spec.ts:60:9 ΓÇ║ TextBox Tests ΓÇ║ should verify email field validation with special characters
[1A[2K[137/267] [firefox] ΓÇ║ tests\elements\uploadDownload.spec.ts:10:9 ΓÇ║ Upload and Download Tests ΓÇ║ should download file
[1A[2K  112) [firefox] ΓÇ║ tests\elements\textBox.spec.ts:25:9 ΓÇ║ TextBox Tests ΓÇ║ should fill only required fields and submit 

    [31mTest timeout of 30000ms exceeded.[39m

    Error: locator.fill: Test timeout of 30000ms exceeded.
    Call log:
    [2m  - waiting for locator('#fullName')[22m


       at ..\pages\base\BasePage.ts:51

      49 |      */
      50 |     async enterText(locator: Locator, text: string) {
    > 51 |         await locator.fill(text);
         |                       ^
      52 |     }
      53 |
      54 |     /**
        at TextBoxPage.enterText (C:\Users\S.M Wazid Ullah\Documents\Projects\WAZID-ULLAH-PLAYWRIGHT-467\pages\base\BasePage.ts:51:23)
        at TextBoxPage.fillFullName (C:\Users\S.M Wazid Ullah\Documents\Projects\WAZID-ULLAH-PLAYWRIGHT-467\pages\TextBoxPage.ts:36:20)
        at C:\Users\S.M Wazid Ullah\Documents\Projects\WAZID-ULLAH-PLAYWRIGHT-467\tests\elements\textBox.spec.ts:29:27

    Error Context: test-results\elements-textBox-TextBox-T-3619a--required-fields-and-submit-firefox\error-context.md


[1A[2K[138/267] [firefox] ΓÇ║ tests\elements\uploadDownload.spec.ts:16:9 ΓÇ║ Upload and Download Tests ΓÇ║ should upload file
[1A[2K  113) [firefox] ΓÇ║ tests\elements\textBox.spec.ts:48:9 ΓÇ║ TextBox Tests ΓÇ║ should clear and re-enter text in textbox 

    [31mTest timeout of 30000ms exceeded.[39m

    Error: locator.fill: Test timeout of 30000ms exceeded.
    Call log:
    [2m  - waiting for locator('#fullName')[22m


       at ..\pages\base\BasePage.ts:51

      49 |      */
      50 |     async enterText(locator: Locator, text: string) {
    > 51 |         await locator.fill(text);
         |                       ^
      52 |     }
      53 |
      54 |     /**
        at TextBoxPage.enterText (C:\Users\S.M Wazid Ullah\Documents\Projects\WAZID-ULLAH-PLAYWRIGHT-467\pages\base\BasePage.ts:51:23)
        at TextBoxPage.fillFullName (C:\Users\S.M Wazid Ullah\Documents\Projects\WAZID-ULLAH-PLAYWRIGHT-467\pages\TextBoxPage.ts:36:20)
        at C:\Users\S.M Wazid Ullah\Documents\Projects\WAZID-ULLAH-PLAYWRIGHT-467\tests\elements\textBox.spec.ts:52:27

    Error Context: test-results\elements-textBox-TextBox-T-3a92f-nd-re-enter-text-in-textbox-firefox\error-context.md


[1A[2K[139/267] [firefox] ΓÇ║ tests\elements\uploadDownload.spec.ts:28:9 ΓÇ║ Upload and Download Tests ΓÇ║ should verify uploaded file path in display
[1A[2K  114) [firefox] ΓÇ║ tests\elements\textBox.spec.ts:60:9 ΓÇ║ TextBox Tests ΓÇ║ should verify email field validation with special characters 

    [31mTest timeout of 30000ms exceeded.[39m

    Error: locator.fill: Test timeout of 30000ms exceeded.
    Call log:
    [2m  - waiting for locator('#userEmail')[22m


       at ..\pages\base\BasePage.ts:51

      49 |      */
      50 |     async enterText(locator: Locator, text: string) {
    > 51 |         await locator.fill(text);
         |                       ^
      52 |     }
      53 |
      54 |     /**
        at TextBoxPage.enterText (C:\Users\S.M Wazid Ullah\Documents\Projects\WAZID-ULLAH-PLAYWRIGHT-467\pages\base\BasePage.ts:51:23)
        at TextBoxPage.fillEmail (C:\Users\S.M Wazid Ullah\Documents\Projects\WAZID-ULLAH-PLAYWRIGHT-467\pages\TextBoxPage.ts:40:20)
        at C:\Users\S.M Wazid Ullah\Documents\Projects\WAZID-ULLAH-PLAYWRIGHT-467\tests\elements\textBox.spec.ts:63:27

    Error Context: test-results\elements-textBox-TextBox-T-9c228-ion-with-special-characters-firefox\error-context.md


[1A[2K  115) [firefox] ΓÇ║ tests\elements\uploadDownload.spec.ts:10:9 ΓÇ║ Upload and Download Tests ΓÇ║ should download file 

    [31mTest timeout of 30000ms exceeded.[39m

    Error: page.waitForEvent: Test timeout of 30000ms exceeded.
    =========================== logs ===========================
    waiting for event "download"
    ============================================================

       at ..\pages\UploadDownloadPage.ts:23

      21 |     async clickDownloadButton() {
      22 |         // Handle file download
    > 23 |         const downloadPromise = this.page.waitForEvent('download');
         |                                           ^
      24 |         await this.selectElement(this.downloadButton);
      25 |         const download = await downloadPromise;
      26 |         return download;
        at UploadDownloadPage.clickDownloadButton (C:\Users\S.M Wazid Ullah\Documents\Projects\WAZID-ULLAH-PLAYWRIGHT-467\pages\UploadDownloadPage.ts:23:43)
        at C:\Users\S.M Wazid Ullah\Documents\Projects\WAZID-ULLAH-PLAYWRIGHT-467\tests\elements\uploadDownload.spec.ts:11:51

    Error: locator.click: Test timeout of 30000ms exceeded.
    Call log:
    [2m  - waiting for locator('#downloadButton')[22m


       at ..\pages\base\BasePage.ts:44

      42 |      */
      43 |     async selectElement(locator: Locator) {
    > 44 |         await locator.click();
         |                       ^
      45 |     }
      46 |
      47 |     /**
        at UploadDownloadPage.selectElement (C:\Users\S.M Wazid Ullah\Documents\Projects\WAZID-ULLAH-PLAYWRIGHT-467\pages\base\BasePage.ts:44:23)
        at UploadDownloadPage.clickDownloadButton (C:\Users\S.M Wazid Ullah\Documents\Projects\WAZID-ULLAH-PLAYWRIGHT-467\pages\UploadDownloadPage.ts:24:20)
        at C:\Users\S.M Wazid Ullah\Documents\Projects\WAZID-ULLAH-PLAYWRIGHT-467\tests\elements\uploadDownload.spec.ts:11:51

    Error Context: test-results\elements-uploadDownload-Up-044d8--Tests-should-download-file-firefox\error-context.md


[1A[2K[140/267] [firefox] ΓÇ║ tests\elements\webTables.spec.ts:9:9 ΓÇ║ WebTables Tests ΓÇ║ should verify web table is visible
[1A[2K[141/267] [firefox] ΓÇ║ tests\elements\webTables.spec.ts:14:9 ΓÇ║ WebTables Tests ΓÇ║ should add new record to table
[1A[2K  116) [firefox] ΓÇ║ tests\elements\webTables.spec.ts:9:9 ΓÇ║ WebTables Tests ΓÇ║ should verify web table is visible 

    Error: [2mexpect([22m[31mreceived[39m[2m).[22mtoBeTruthy[2m()[22m

    Received: [31mfalse[39m

       9 |     test('should verify web table is visible', async ({ webTablesPage }) => {
      10 |         const isTableVisible = await webTablesPage.isTableVisible();
    > 11 |         expect(isTableVisible).toBeTruthy();
         |                                ^
      12 |     });
      13 |
      14 |     test('should add new record to table', async ({ webTablesPage }) => {
        at C:\Users\S.M Wazid Ullah\Documents\Projects\WAZID-ULLAH-PLAYWRIGHT-467\tests\elements\webTables.spec.ts:11:32

    Error Context: test-results\elements-webTables-WebTabl-18192-verify-web-table-is-visible-firefox\error-context.md


[1A[2K[142/267] [firefox] ΓÇ║ tests\elements\webTables.spec.ts:33:9 ΓÇ║ WebTables Tests ΓÇ║ should search for record in table
[1A[2K  117) [firefox] ΓÇ║ tests\elements\uploadDownload.spec.ts:16:9 ΓÇ║ Upload and Download Tests ΓÇ║ should upload file 

    [31mTest timeout of 30000ms exceeded.[39m

    Error: locator.setInputFiles: Test timeout of 30000ms exceeded.
    Call log:
    [2m  - waiting for locator('#uploadFile')[22m


       at ..\pages\UploadDownloadPage.ts:30

      28 |
      29 |     async uploadFile(filePath: string) {
    > 30 |         await this.uploadInput.setInputFiles(filePath);
         |         ^
      31 |     }
      32 |
      33 |     async getUploadedFilePath(): Promise<string> {
        at UploadDownloadPage.uploadFile (C:\Users\S.M Wazid Ullah\Documents\Projects\WAZID-ULLAH-PLAYWRIGHT-467\pages\UploadDownloadPage.ts:30:9)
        at C:\Users\S.M Wazid Ullah\Documents\Projects\WAZID-ULLAH-PLAYWRIGHT-467\tests\elements\uploadDownload.spec.ts:19:9

    Error Context: test-results\elements-uploadDownload-Up-9b89f-ad-Tests-should-upload-file-firefox\error-context.md


[1A[2K[143/267] [firefox] ΓÇ║ tests\elements\webTables.spec.ts:41:9 ΓÇ║ WebTables Tests ΓÇ║ should edit first record in table
[1A[2K  118) [firefox] ΓÇ║ tests\elements\uploadDownload.spec.ts:28:9 ΓÇ║ Upload and Download Tests ΓÇ║ should verify uploaded file path in display 

    [31mTest timeout of 30000ms exceeded.[39m

    Error: locator.setInputFiles: Test timeout of 30000ms exceeded.
    Call log:
    [2m  - waiting for locator('#uploadFile')[22m


       at ..\pages\UploadDownloadPage.ts:30

      28 |
      29 |     async uploadFile(filePath: string) {
    > 30 |         await this.uploadInput.setInputFiles(filePath);
         |         ^
      31 |     }
      32 |
      33 |     async getUploadedFilePath(): Promise<string> {
        at UploadDownloadPage.uploadFile (C:\Users\S.M Wazid Ullah\Documents\Projects\WAZID-ULLAH-PLAYWRIGHT-467\pages\UploadDownloadPage.ts:30:9)
        at C:\Users\S.M Wazid Ullah\Documents\Projects\WAZID-ULLAH-PLAYWRIGHT-467\tests\elements\uploadDownload.spec.ts:36:9

    Error Context: test-results\elements-uploadDownload-Up-74fda-loaded-file-path-in-display-firefox\error-context.md


[1A[2K[144/267] [firefox] ΓÇ║ tests\elements\webTables.spec.ts:49:9 ΓÇ║ WebTables Tests ΓÇ║ should delete record from table
[1A[2K  119) [firefox] ΓÇ║ tests\elements\webTables.spec.ts:14:9 ΓÇ║ WebTables Tests ΓÇ║ should add new record to table 

    [31mTest timeout of 30000ms exceeded.[39m

    Error: locator.click: Test timeout of 30000ms exceeded.
    Call log:
    [2m  - waiting for locator('#addNewRecordButton')[22m


       at ..\pages\base\BasePage.ts:44

      42 |      */
      43 |     async selectElement(locator: Locator) {
    > 44 |         await locator.click();
         |                       ^
      45 |     }
      46 |
      47 |     /**
        at WebTablesPage.selectElement (C:\Users\S.M Wazid Ullah\Documents\Projects\WAZID-ULLAH-PLAYWRIGHT-467\pages\base\BasePage.ts:44:23)
        at WebTablesPage.clickAddNewButton (C:\Users\S.M Wazid Ullah\Documents\Projects\WAZID-ULLAH-PLAYWRIGHT-467\pages\WebTablesPage.ts:40:20)
        at WebTablesPage.addNewRecord (C:\Users\S.M Wazid Ullah\Documents\Projects\WAZID-ULLAH-PLAYWRIGHT-467\pages\WebTablesPage.ts:57:20)
        at C:\Users\S.M Wazid Ullah\Documents\Projects\WAZID-ULLAH-PLAYWRIGHT-467\tests\elements\webTables.spec.ts:18:29

    Error Context: test-results\elements-webTables-WebTabl-02c68-uld-add-new-record-to-table-firefox\error-context.md


[1A[2K[145/267] [firefox] ΓÇ║ tests\elements\webTables.spec.ts:61:9 ΓÇ║ WebTables Tests ΓÇ║ should change table rows per page
[1A[2K  120) [firefox] ΓÇ║ tests\elements\webTables.spec.ts:33:9 ΓÇ║ WebTables Tests ΓÇ║ should search for record in table 

    [31mTest timeout of 30000ms exceeded.[39m

    Error: locator.fill: Test timeout of 30000ms exceeded.
    Call log:
    [2m  - waiting for locator('#searchBox')[22m


       at ..\pages\base\BasePage.ts:51

      49 |      */
      50 |     async enterText(locator: Locator, text: string) {
    > 51 |         await locator.fill(text);
         |                       ^
      52 |     }
      53 |
      54 |     /**
        at WebTablesPage.enterText (C:\Users\S.M Wazid Ullah\Documents\Projects\WAZID-ULLAH-PLAYWRIGHT-467\pages\base\BasePage.ts:51:23)
        at WebTablesPage.searchRecord (C:\Users\S.M Wazid Ullah\Documents\Projects\WAZID-ULLAH-PLAYWRIGHT-467\pages\WebTablesPage.ts:63:20)
        at C:\Users\S.M Wazid Ullah\Documents\Projects\WAZID-ULLAH-PLAYWRIGHT-467\tests\elements\webTables.spec.ts:35:29

    Error Context: test-results\elements-webTables-WebTabl-01293--search-for-record-in-table-firefox\error-context.md


[1A[2K[146/267] [firefox] ΓÇ║ tests\forms\practiceForm.spec.ts:9:9 ΓÇ║ Practice Form Tests ΓÇ║ should fill complete form with all fields
[1A[2K  121) [firefox] ΓÇ║ tests\elements\webTables.spec.ts:41:9 ΓÇ║ WebTables Tests ΓÇ║ should edit first record in table 

    [31mTest timeout of 30000ms exceeded.[39m

    Error: locator.click: Test timeout of 30000ms exceeded.
    Call log:
    [2m  - waiting for locator('span[title="Edit"]').first()[22m


       at ..\pages\base\BasePage.ts:44

      42 |      */
      43 |     async selectElement(locator: Locator) {
    > 44 |         await locator.click();
         |                       ^
      45 |     }
      46 |
      47 |     /**
        at WebTablesPage.selectElement (C:\Users\S.M Wazid Ullah\Documents\Projects\WAZID-ULLAH-PLAYWRIGHT-467\pages\base\BasePage.ts:44:23)
        at WebTablesPage.editRecord (C:\Users\S.M Wazid Ullah\Documents\Projects\WAZID-ULLAH-PLAYWRIGHT-467\pages\WebTablesPage.ts:72:20)
        at C:\Users\S.M Wazid Ullah\Documents\Projects\WAZID-ULLAH-PLAYWRIGHT-467\tests\elements\webTables.spec.ts:42:29

    Error Context: test-results\elements-webTables-WebTabl-6f5da--edit-first-record-in-table-firefox\error-context.md


[1A[2K[147/267] [firefox] ΓÇ║ tests\forms\practiceForm.spec.ts:30:9 ΓÇ║ Practice Form Tests ΓÇ║ should fill form with male gender
[1A[2K  122) [firefox] ΓÇ║ tests\elements\webTables.spec.ts:49:9 ΓÇ║ WebTables Tests ΓÇ║ should delete record from table 

    [31mTest timeout of 30000ms exceeded.[39m

    Error: locator.click: Test timeout of 30000ms exceeded.
    Call log:
    [2m  - waiting for locator('span[title="Delete"]').first()[22m


       at ..\pages\base\BasePage.ts:44

      42 |      */
      43 |     async selectElement(locator: Locator) {
    > 44 |         await locator.click();
         |                       ^
      45 |     }
      46 |
      47 |     /**
        at WebTablesPage.selectElement (C:\Users\S.M Wazid Ullah\Documents\Projects\WAZID-ULLAH-PLAYWRIGHT-467\pages\base\BasePage.ts:44:23)
        at WebTablesPage.deleteRecord (C:\Users\S.M Wazid Ullah\Documents\Projects\WAZID-ULLAH-PLAYWRIGHT-467\pages\WebTablesPage.ts:77:20)
        at C:\Users\S.M Wazid Ullah\Documents\Projects\WAZID-ULLAH-PLAYWRIGHT-467\tests\elements\webTables.spec.ts:52:29

    Error Context: test-results\elements-webTables-WebTabl-56bc6-ld-delete-record-from-table-firefox\error-context.md


[1A[2K[148/267] [firefox] ΓÇ║ tests\forms\practiceForm.spec.ts:46:9 ΓÇ║ Practice Form Tests ΓÇ║ should fill form with female gender
[1A[2K  123) [firefox] ΓÇ║ tests\elements\webTables.spec.ts:61:9 ΓÇ║ WebTables Tests ΓÇ║ should change table rows per page 

    [31mTest timeout of 30000ms exceeded.[39m

    Error: locator.selectOption: Test timeout of 30000ms exceeded.
    Call log:
    [2m  - waiting for locator('select.-pageSize')[22m


      61 |     test('should change table rows per page', async ({ webTablesPage }) => {
      62 |         const rowsPerPageSelect = webTablesPage.page.locator('select.-pageSize');
    > 63 |         await rowsPerPageSelect.selectOption('10');
         |                                 ^
      64 |         
      65 |         const selectedValue = await rowsPerPageSelect.inputValue();
      66 |         expect(selectedValue).toBe('10');
        at C:\Users\S.M Wazid Ullah\Documents\Projects\WAZID-ULLAH-PLAYWRIGHT-467\tests\elements\webTables.spec.ts:63:33

    Error Context: test-results\elements-webTables-WebTabl-58616--change-table-rows-per-page-firefox\error-context.md


[1A[2K[149/267] [firefox] ΓÇ║ tests\forms\practiceForm.spec.ts:62:9 ΓÇ║ Practice Form Tests ΓÇ║ should fill form with multiple hobbies
[1A[2K  124) [firefox] ΓÇ║ tests\forms\practiceForm.spec.ts:9:9 ΓÇ║ Practice Form Tests ΓÇ║ should fill complete form with all fields 

    [31mTest timeout of 30000ms exceeded.[39m

    Error: locator.fill: Test timeout of 30000ms exceeded.
    Call log:
    [2m  - waiting for locator('#firstName')[22m


       at ..\pages\base\BasePage.ts:51

      49 |      */
      50 |     async enterText(locator: Locator, text: string) {
    > 51 |         await locator.fill(text);
         |                       ^
      52 |     }
      53 |
      54 |     /**
        at PracticeFormPage.enterText (C:\Users\S.M Wazid Ullah\Documents\Projects\WAZID-ULLAH-PLAYWRIGHT-467\pages\base\BasePage.ts:51:23)
        at PracticeFormPage.fillFirstName (C:\Users\S.M Wazid Ullah\Documents\Projects\WAZID-ULLAH-PLAYWRIGHT-467\pages\PracticeFormPage.ts:50:20)
        at C:\Users\S.M Wazid Ullah\Documents\Projects\WAZID-ULLAH-PLAYWRIGHT-467\tests\forms\practiceForm.spec.ts:13:32

    Error Context: test-results\forms-practiceForm-Practic-d32eb-mplete-form-with-all-fields-firefox\error-context.md


[1A[2K[150/267] [firefox] ΓÇ║ tests\forms\practiceForm.spec.ts:83:9 ΓÇ║ Practice Form Tests ΓÇ║ should verify form validation with empty fields
[1A[2K  125) [firefox] ΓÇ║ tests\forms\practiceForm.spec.ts:30:9 ΓÇ║ Practice Form Tests ΓÇ║ should fill form with male gender 

    [31mTest timeout of 30000ms exceeded.[39m

    Error: locator.fill: Test timeout of 30000ms exceeded.
    Call log:
    [2m  - waiting for locator('#firstName')[22m


       at ..\pages\base\BasePage.ts:51

      49 |      */
      50 |     async enterText(locator: Locator, text: string) {
    > 51 |         await locator.fill(text);
         |                       ^
      52 |     }
      53 |
      54 |     /**
        at PracticeFormPage.enterText (C:\Users\S.M Wazid Ullah\Documents\Projects\WAZID-ULLAH-PLAYWRIGHT-467\pages\base\BasePage.ts:51:23)
        at PracticeFormPage.fillFirstName (C:\Users\S.M Wazid Ullah\Documents\Projects\WAZID-ULLAH-PLAYWRIGHT-467\pages\PracticeFormPage.ts:50:20)
        at C:\Users\S.M Wazid Ullah\Documents\Projects\WAZID-ULLAH-PLAYWRIGHT-467\tests\forms\practiceForm.spec.ts:34:32

    Error Context: test-results\forms-practiceForm-Practic-bbbb2--fill-form-with-male-gender-firefox\error-context.md


[1A[2K[151/267] [firefox] ΓÇ║ tests\forms\practiceForm.spec.ts:91:9 ΓÇ║ Practice Form Tests ΓÇ║ should clear and update form fields
[1A[2K  126) [firefox] ΓÇ║ tests\forms\practiceForm.spec.ts:46:9 ΓÇ║ Practice Form Tests ΓÇ║ should fill form with female gender 

    [31mTest timeout of 30000ms exceeded.[39m

    Error: locator.fill: Test timeout of 30000ms exceeded.
    Call log:
    [2m  - waiting for locator('#firstName')[22m


       at ..\pages\base\BasePage.ts:51

      49 |      */
      50 |     async enterText(locator: Locator, text: string) {
    > 51 |         await locator.fill(text);
         |                       ^
      52 |     }
      53 |
      54 |     /**
        at PracticeFormPage.enterText (C:\Users\S.M Wazid Ullah\Documents\Projects\WAZID-ULLAH-PLAYWRIGHT-467\pages\base\BasePage.ts:51:23)
        at PracticeFormPage.fillFirstName (C:\Users\S.M Wazid Ullah\Documents\Projects\WAZID-ULLAH-PLAYWRIGHT-467\pages\PracticeFormPage.ts:50:20)
        at C:\Users\S.M Wazid Ullah\Documents\Projects\WAZID-ULLAH-PLAYWRIGHT-467\tests\forms\practiceForm.spec.ts:50:32

    Error Context: test-results\forms-practiceForm-Practic-ce5d8-ill-form-with-female-gender-firefox\error-context.md


[1A[2K[152/267] [firefox] ΓÇ║ tests\HomePage.spec.ts:6:7 ΓÇ║ HomePage Tests ΓÇ║ verify homepage and  all cards
[1A[2K  127) [firefox] ΓÇ║ tests\forms\practiceForm.spec.ts:62:9 ΓÇ║ Practice Form Tests ΓÇ║ should fill form with multiple hobbies 

    [31mTest timeout of 30000ms exceeded.[39m

    Error: locator.fill: Test timeout of 30000ms exceeded.
    Call log:
    [2m  - waiting for locator('#firstName')[22m


       at ..\pages\base\BasePage.ts:51

      49 |      */
      50 |     async enterText(locator: Locator, text: string) {
    > 51 |         await locator.fill(text);
         |                       ^
      52 |     }
      53 |
      54 |     /**
        at PracticeFormPage.enterText (C:\Users\S.M Wazid Ullah\Documents\Projects\WAZID-ULLAH-PLAYWRIGHT-467\pages\base\BasePage.ts:51:23)
        at PracticeFormPage.fillFirstName (C:\Users\S.M Wazid Ullah\Documents\Projects\WAZID-ULLAH-PLAYWRIGHT-467\pages\PracticeFormPage.ts:50:20)
        at C:\Users\S.M Wazid Ullah\Documents\Projects\WAZID-ULLAH-PLAYWRIGHT-467\tests\forms\practiceForm.spec.ts:66:32

    Error Context: test-results\forms-practiceForm-Practic-9e71b--form-with-multiple-hobbies-firefox\error-context.md


[1A[2K[153/267] [firefox] ΓÇ║ tests\HomePage.spec.ts:19:7 ΓÇ║ HomePage Tests ΓÇ║ verify Elements section
[1A[2K  128) [firefox] ΓÇ║ tests\forms\practiceForm.spec.ts:83:9 ΓÇ║ Practice Form Tests ΓÇ║ should verify form validation with empty fields 

    [31mTest timeout of 30000ms exceeded.[39m

    Error: locator.click: Test timeout of 30000ms exceeded.
    Call log:
    [2m  - waiting for locator('#submit')[22m


       at ..\pages\base\BasePage.ts:44

      42 |      */
      43 |     async selectElement(locator: Locator) {
    > 44 |         await locator.click();
         |                       ^
      45 |     }
      46 |
      47 |     /**
        at PracticeFormPage.selectElement (C:\Users\S.M Wazid Ullah\Documents\Projects\WAZID-ULLAH-PLAYWRIGHT-467\pages\base\BasePage.ts:44:23)
        at PracticeFormPage.submitForm (C:\Users\S.M Wazid Ullah\Documents\Projects\WAZID-ULLAH-PLAYWRIGHT-467\pages\PracticeFormPage.ts:106:20)
        at C:\Users\S.M Wazid Ullah\Documents\Projects\WAZID-ULLAH-PLAYWRIGHT-467\tests\forms\practiceForm.spec.ts:84:32

    Error Context: test-results\forms-practiceForm-Practic-bde0a-alidation-with-empty-fields-firefox\error-context.md


[1A[2K[154/267] [firefox] ΓÇ║ tests\HomePage.spec.ts:27:7 ΓÇ║ HomePage Tests ΓÇ║ verify Forms section
[1A[2K[155/267] [firefox] ΓÇ║ tests\HomePage.spec.ts:35:7 ΓÇ║ HomePage Tests ΓÇ║ verify Alerts section
[1A[2K  129) [firefox] ΓÇ║ tests\HomePage.spec.ts:6:7 ΓÇ║ HomePage Tests ΓÇ║ verify homepage and  all cards ΓöÇΓöÇΓöÇΓöÇ

    Error: [2mexpect([22m[31mpage[39m[2m).[22mtoHaveTitle[2m([22m[32mexpected[39m[2m)[22m failed

    Expected pattern: [32m/DEMOQA/[39m
    Received string:  [31m"demosite"[39m
    Timeout: 5000ms

    Call log:
    [2m  - Expect "toHaveTitle" with timeout 5000ms[22m
    [2m    9 ├ù unexpected value "demosite"[22m


       8 |     await homePage.navigateTo();
       9 |     
    > 10 |     await expect(page).toHaveTitle(/DEMOQA/);
         |                        ^
      11 |     await homePage.verifyElementsVisible();
      12 |     await homePage.verifyFormsVisible();
      13 |     await homePage.verifyAlertsVisible();
        at C:\Users\S.M Wazid Ullah\Documents\Projects\WAZID-ULLAH-PLAYWRIGHT-467\tests\HomePage.spec.ts:10:24

    Error Context: test-results\HomePage-HomePage-Tests-verify-homepage-and-all-cards-firefox\error-context.md


[1A[2K[156/267] [firefox] ΓÇ║ tests\interactions\dragAndDrop.spec.ts:8:9 ΓÇ║ Drag and Drop Tests ΓÇ║ should drag element and drop it
[1A[2K[157/267] [firefox] ΓÇ║ tests\interactions\dragAndDrop.spec.ts:15:9 ΓÇ║ Drag and Drop Tests ΓÇ║ should verify drag and drop message text
[1A[2K[158/267] [firefox] ΓÇ║ tests\interactions\dragAndDrop.spec.ts:22:9 ΓÇ║ Drag and Drop Tests ΓÇ║ should enter correct drag and drop behavior
[1A[2K  130) [firefox] ΓÇ║ tests\forms\practiceForm.spec.ts:91:9 ΓÇ║ Practice Form Tests ΓÇ║ should clear and update form fields 

    [31mTest timeout of 30000ms exceeded.[39m

    Error: locator.fill: Test timeout of 30000ms exceeded.
    Call log:
    [2m  - waiting for locator('#firstName')[22m


       at ..\pages\base\BasePage.ts:51

      49 |      */
      50 |     async enterText(locator: Locator, text: string) {
    > 51 |         await locator.fill(text);
         |                       ^
      52 |     }
      53 |
      54 |     /**
        at PracticeFormPage.enterText (C:\Users\S.M Wazid Ullah\Documents\Projects\WAZID-ULLAH-PLAYWRIGHT-467\pages\base\BasePage.ts:51:23)
        at PracticeFormPage.fillFirstName (C:\Users\S.M Wazid Ullah\Documents\Projects\WAZID-ULLAH-PLAYWRIGHT-467\pages\PracticeFormPage.ts:50:20)
        at C:\Users\S.M Wazid Ullah\Documents\Projects\WAZID-ULLAH-PLAYWRIGHT-467\tests\forms\practiceForm.spec.ts:95:32

    Error Context: test-results\forms-practiceForm-Practic-0275c-lear-and-update-form-fields-firefox\error-context.md


[1A[2K[159/267] [firefox] ΓÇ║ tests\interactions\dragAndDrop.spec.ts:37:9 ΓÇ║ Sortable Tests ΓÇ║ should sort items
[1A[2K  131) [firefox] ΓÇ║ tests\interactions\dragAndDrop.spec.ts:8:9 ΓÇ║ Drag and Drop Tests ΓÇ║ should drag element and drop it 

    [31mTest timeout of 30000ms exceeded.[39m

    Error: locator.dragTo: Test timeout of 30000ms exceeded.
    Call log:
    [2m  - waiting for locator('#draggable')[22m


       at ..\pages\InteractionsPage.ts:42

      40 |
      41 |     async dragAndDrop(sourceElement: Locator, targetElement: Locator) {
    > 42 |         await sourceElement.dragTo(targetElement);
         |                             ^
      43 |     }
      44 |
      45 |     async performDragDropAction() {
        at InteractionsPage.dragAndDrop (C:\Users\S.M Wazid Ullah\Documents\Projects\WAZID-ULLAH-PLAYWRIGHT-467\pages\InteractionsPage.ts:42:29)
        at InteractionsPage.performDragDropAction (C:\Users\S.M Wazid Ullah\Documents\Projects\WAZID-ULLAH-PLAYWRIGHT-467\pages\InteractionsPage.ts:46:20)
        at C:\Users\S.M Wazid Ullah\Documents\Projects\WAZID-ULLAH-PLAYWRIGHT-467\tests\interactions\dragAndDrop.spec.ts:9:32

    Error Context: test-results\interactions-dragAndDrop-D-f63a0-ld-drag-element-and-drop-it-firefox\error-context.md


[1A[2K[160/267] [firefox] ΓÇ║ tests\interactions\dragAndDrop.spec.ts:51:9 ΓÇ║ Selectable Tests ΓÇ║ should select single item
[1A[2K  132) [firefox] ΓÇ║ tests\interactions\dragAndDrop.spec.ts:15:9 ΓÇ║ Drag and Drop Tests ΓÇ║ should verify drag and drop message text 

    [31mTest timeout of 30000ms exceeded.[39m

    Error: locator.dragTo: Test timeout of 30000ms exceeded.
    Call log:
    [2m  - waiting for locator('#draggable')[22m


       at ..\pages\InteractionsPage.ts:42

      40 |
      41 |     async dragAndDrop(sourceElement: Locator, targetElement: Locator) {
    > 42 |         await sourceElement.dragTo(targetElement);
         |                             ^
      43 |     }
      44 |
      45 |     async performDragDropAction() {
        at InteractionsPage.dragAndDrop (C:\Users\S.M Wazid Ullah\Documents\Projects\WAZID-ULLAH-PLAYWRIGHT-467\pages\InteractionsPage.ts:42:29)
        at InteractionsPage.performDragDropAction (C:\Users\S.M Wazid Ullah\Documents\Projects\WAZID-ULLAH-PLAYWRIGHT-467\pages\InteractionsPage.ts:46:20)
        at C:\Users\S.M Wazid Ullah\Documents\Projects\WAZID-ULLAH-PLAYWRIGHT-467\tests\interactions\dragAndDrop.spec.ts:16:32

    Error Context: test-results\interactions-dragAndDrop-D-08c8f--drag-and-drop-message-text-firefox\error-context.md


[1A[2K  133) [firefox] ΓÇ║ tests\interactions\dragAndDrop.spec.ts:22:9 ΓÇ║ Drag and Drop Tests ΓÇ║ should enter correct drag and drop behavior 

    [31mTest timeout of 30000ms exceeded.[39m

    Error: locator.textContent: Test timeout of 30000ms exceeded.
    Call log:
    [2m  - waiting for locator('#droppable p')[22m


       at ..\pages\base\BasePage.ts:65

      63 |      */
      64 |     async getElementText(locator: Locator): Promise<string> {
    > 65 |         return await locator.textContent() || '';
         |                              ^
      66 |     }
      67 |
      68 |     /**
        at InteractionsPage.getElementText (C:\Users\S.M Wazid Ullah\Documents\Projects\WAZID-ULLAH-PLAYWRIGHT-467\pages\base\BasePage.ts:65:30)
        at InteractionsPage.getDragDropMessage (C:\Users\S.M Wazid Ullah\Documents\Projects\WAZID-ULLAH-PLAYWRIGHT-467\pages\InteractionsPage.ts:51:27)
        at C:\Users\S.M Wazid Ullah\Documents\Projects\WAZID-ULLAH-PLAYWRIGHT-467\tests\interactions\dragAndDrop.spec.ts:23:55

    Error Context: test-results\interactions-dragAndDrop-D-d7561-rect-drag-and-drop-behavior-firefox\error-context.md


[1A[2K[161/267] [firefox] ΓÇ║ tests\interactions\dragAndDrop.spec.ts:58:9 ΓÇ║ Selectable Tests ΓÇ║ should select multiple items
[1A[2K[162/267] [firefox] ΓÇ║ tests\PageLocator.spec.js:3:1 ΓÇ║ Click on Element Card
[1A[2K  134) [firefox] ΓÇ║ tests\interactions\dragAndDrop.spec.ts:37:9 ΓÇ║ Sortable Tests ΓÇ║ should sort items 

    [31mTest timeout of 30000ms exceeded.[39m

    Error: locator.dragTo: Test timeout of 30000ms exceeded.
    Call log:
    [2m  - waiting for locator('div.list-group-item').first()[22m


       at ..\pages\InteractionsPage.ts:56

      54 |     async sortItems() {
      55 |         // Drag item 1 and drop it after item 2
    > 56 |         await this.sortableItem1.dragTo(this.sortableItem2);
         |                                  ^
      57 |     }
      58 |
      59 |     async selectItem(itemIndex: number) {
        at InteractionsPage.sortItems (C:\Users\S.M Wazid Ullah\Documents\Projects\WAZID-ULLAH-PLAYWRIGHT-467\pages\InteractionsPage.ts:56:34)
        at C:\Users\S.M Wazid Ullah\Documents\Projects\WAZID-ULLAH-PLAYWRIGHT-467\tests\interactions\dragAndDrop.spec.ts:38:32

    Error Context: test-results\interactions-dragAndDrop-Sortable-Tests-should-sort-items-firefox\error-context.md


[1A[2K[163/267] [firefox] ΓÇ║ tests\PageLocator.spec.js:14:1 ΓÇ║ Click on Forms card
[1A[2K[164/267] [firefox] ΓÇ║ tests\PageLocator.spec.js:24:1 ΓÇ║ Click on Interactions card
[1A[2K[165/267] [firefox] ΓÇ║ tests\TextBox.spec.js:3:1 ΓÇ║ Fill out Text Boxes and Submit
[1A[2K[166/267] [firefox] ΓÇ║ tests\VerifyPageTitle_URL.spec.js:3:1 ΓÇ║ Verify Page Title and URL
[1A[2K[firefox] ΓÇ║ tests\VerifyPageTitle_URL.spec.js:3:1 ΓÇ║ Verify Page Title and URL
Page Title is:  Promise { [36m<pending>[39m }

[1A[2K  135) [firefox] ΓÇ║ tests\VerifyPageTitle_URL.spec.js:3:1 ΓÇ║ Verify Page Title and URL ΓöÇΓöÇΓöÇΓöÇΓöÇΓöÇΓöÇΓöÇΓöÇΓöÇΓöÇΓöÇΓöÇΓöÇΓöÇ

    Error: [2mexpect([22m[31mpage[39m[2m).[22mtoHaveTitle[2m([22m[32mexpected[39m[2m)[22m failed

    Expected: [32m"DEMOQA"[39m
    Received: [31m"demosite"[39m
    Timeout:  5000ms

    Call log:
    [2m  - Expect "toHaveTitle" with timeout 5000ms[22m
    [2m    9 ├ù unexpected value "demosite"[22m


       8 | console.log('Page Title is: ', pageTitle);
       9 |
    > 10 | await expect(page).toHaveTitle('DEMOQA');
         |                    ^
      11 |
      12 | const pageUrl = page.url();
      13 | console.log('page URL is: ', pageUrl);
        at C:\Users\S.M Wazid Ullah\Documents\Projects\WAZID-ULLAH-PLAYWRIGHT-467\tests\VerifyPageTitle_URL.spec.js:10:20

    Error Context: test-results\VerifyPageTitle_URL-Verify-Page-Title-and-URL-firefox\error-context.md


[1A[2K[167/267] [firefox] ΓÇ║ tests\widgets\datePicker.spec.ts:9:9 ΓÇ║ Date Picker Tests ΓÇ║ should select date from date picker
[1A[2K  136) [firefox] ΓÇ║ tests\interactions\dragAndDrop.spec.ts:51:9 ΓÇ║ Selectable Tests ΓÇ║ should select single item 

    [31mTest timeout of 30000ms exceeded.[39m

    Error: locator.click: Test timeout of 30000ms exceeded.
    Call log:
    [2m  - waiting for locator('.list-group-item').first()[22m


       at ..\pages\base\BasePage.ts:44

      42 |      */
      43 |     async selectElement(locator: Locator) {
    > 44 |         await locator.click();
         |                       ^
      45 |     }
      46 |
      47 |     /**
        at InteractionsPage.selectElement (C:\Users\S.M Wazid Ullah\Documents\Projects\WAZID-ULLAH-PLAYWRIGHT-467\pages\base\BasePage.ts:44:23)
        at InteractionsPage.selectItem (C:\Users\S.M Wazid Ullah\Documents\Projects\WAZID-ULLAH-PLAYWRIGHT-467\pages\InteractionsPage.ts:61:20)
        at C:\Users\S.M Wazid Ullah\Documents\Projects\WAZID-ULLAH-PLAYWRIGHT-467\tests\interactions\dragAndDrop.spec.ts:52:32

    Error Context: test-results\interactions-dragAndDrop-S-5d10f-s-should-select-single-item-firefox\error-context.md


[1A[2K[168/267] [firefox] ΓÇ║ tests\widgets\datePicker.spec.ts:18:9 ΓÇ║ Date Picker Tests ΓÇ║ should select date with specific offset
[1A[2K  137) [firefox] ΓÇ║ tests\interactions\dragAndDrop.spec.ts:58:9 ΓÇ║ Selectable Tests ΓÇ║ should select multiple items 

    [31mTest timeout of 30000ms exceeded.[39m

    Error: locator.click: Test timeout of 30000ms exceeded.
    Call log:
    [2m  - waiting for locator('.list-group-item').first()[22m


       at ..\pages\InteractionsPage.ts:68

      66 |             const item = this.selectableItem.nth(index);
      67 |             // Hold Ctrl/Cmd and click to select multiple
    > 68 |             await item.click({ modifiers: ['Control'] });
         |                        ^
      69 |         }
      70 |     }
      71 |
        at InteractionsPage.selectMultipleItems (C:\Users\S.M Wazid Ullah\Documents\Projects\WAZID-ULLAH-PLAYWRIGHT-467\pages\InteractionsPage.ts:68:24)
        at C:\Users\S.M Wazid Ullah\Documents\Projects\WAZID-ULLAH-PLAYWRIGHT-467\tests\interactions\dragAndDrop.spec.ts:61:32

    Error Context: test-results\interactions-dragAndDrop-S-17374-hould-select-multiple-items-firefox\error-context.md


[1A[2K[169/267] [firefox] ΓÇ║ tests\widgets\datePicker.spec.ts:27:9 ΓÇ║ Date Picker Tests ΓÇ║ should clear and reselect date
[1A[2K  138) [firefox] ΓÇ║ tests\TextBox.spec.js:3:1 ΓÇ║ Fill out Text Boxes and Submit ΓöÇΓöÇΓöÇΓöÇΓöÇΓöÇΓöÇΓöÇΓöÇΓöÇΓöÇΓöÇΓöÇΓöÇΓöÇΓöÇΓöÇΓöÇΓöÇΓöÇΓöÇΓöÇ

    [31mTest timeout of 30000ms exceeded.[39m

    Error: page.fill: Test timeout of 30000ms exceeded.
    Call log:
    [2m  - waiting for locator('#userName')[22m


       6 | await page.goto('https://demoqa.com/text-box');
       7 |
    >  8 | await page.fill('#userName', 'DSI');
         |            ^
       9 | await page.fill('#userEmail', 'DSI@dsi.com');
      10 | await page.fill('#currentAddress', 'Mohakhali');
      11 | await page.fill('#permanentAddress', 'Dhaka');
        at C:\Users\S.M Wazid Ullah\Documents\Projects\WAZID-ULLAH-PLAYWRIGHT-467\tests\TextBox.spec.js:8:12

    Error Context: test-results\TextBox-Fill-out-Text-Boxes-and-Submit-firefox\error-context.md


[1A[2K[170/267] [firefox] ΓÇ║ tests\widgets\datePicker.spec.ts:39:9 ΓÇ║ Date Picker Tests ΓÇ║ should select month and year
[1A[2K  139) [firefox] ΓÇ║ tests\widgets\datePicker.spec.ts:9:9 ΓÇ║ Date Picker Tests ΓÇ║ should select date from date picker 

    [31mTest timeout of 30000ms exceeded.[39m

    Error: locator.fill: Test timeout of 30000ms exceeded.
    Call log:
    [2m  - waiting for locator('#datePickerMonthYearInput')[22m


       at ..\pages\base\BasePage.ts:51

      49 |      */
      50 |     async enterText(locator: Locator, text: string) {
    > 51 |         await locator.fill(text);
         |                       ^
      52 |     }
      53 |
      54 |     /**
        at WidgetsPage.enterText (C:\Users\S.M Wazid Ullah\Documents\Projects\WAZID-ULLAH-PLAYWRIGHT-467\pages\base\BasePage.ts:51:23)
        at WidgetsPage.selectDate (C:\Users\S.M Wazid Ullah\Documents\Projects\WAZID-ULLAH-PLAYWRIGHT-467\pages\WidgetsPage.ts:44:20)
        at C:\Users\S.M Wazid Ullah\Documents\Projects\WAZID-ULLAH-PLAYWRIGHT-467\tests\widgets\datePicker.spec.ts:12:27

    Error Context: test-results\widgets-datePicker-Date-Pi-9a826-elect-date-from-date-picker-firefox\error-context.md


[1A[2K[171/267] [firefox] ΓÇ║ tests\widgets\datePicker.spec.ts:48:9 ΓÇ║ Date Picker Tests ΓÇ║ should select time
[1A[2K  140) [firefox] ΓÇ║ tests\widgets\datePicker.spec.ts:18:9 ΓÇ║ Date Picker Tests ΓÇ║ should select date with specific offset 

    [31mTest timeout of 30000ms exceeded.[39m

    Error: locator.fill: Test timeout of 30000ms exceeded.
    Call log:
    [2m  - waiting for locator('#datePickerMonthYearInput')[22m


       at ..\pages\base\BasePage.ts:51

      49 |      */
      50 |     async enterText(locator: Locator, text: string) {
    > 51 |         await locator.fill(text);
         |                       ^
      52 |     }
      53 |
      54 |     /**
        at WidgetsPage.enterText (C:\Users\S.M Wazid Ullah\Documents\Projects\WAZID-ULLAH-PLAYWRIGHT-467\pages\base\BasePage.ts:51:23)
        at WidgetsPage.selectDate (C:\Users\S.M Wazid Ullah\Documents\Projects\WAZID-ULLAH-PLAYWRIGHT-467\pages\WidgetsPage.ts:44:20)
        at C:\Users\S.M Wazid Ullah\Documents\Projects\WAZID-ULLAH-PLAYWRIGHT-467\tests\widgets\datePicker.spec.ts:21:27

    Error Context: test-results\widgets-datePicker-Date-Pi-b76b3-t-date-with-specific-offset-firefox\error-context.md


[1A[2K[172/267] [firefox] ΓÇ║ tests\widgets\toolTips.spec.ts:8:9 ΓÇ║ ToolTips Tests ΓÇ║ should hover over button to see tooltip
[1A[2K  141) [firefox] ΓÇ║ tests\widgets\datePicker.spec.ts:27:9 ΓÇ║ Date Picker Tests ΓÇ║ should clear and reselect date 

    [31mTest timeout of 30000ms exceeded.[39m

    Error: locator.fill: Test timeout of 30000ms exceeded.
    Call log:
    [2m  - waiting for locator('#datePickerMonthYearInput')[22m


       at ..\pages\base\BasePage.ts:51

      49 |      */
      50 |     async enterText(locator: Locator, text: string) {
    > 51 |         await locator.fill(text);
         |                       ^
      52 |     }
      53 |
      54 |     /**
        at WidgetsPage.enterText (C:\Users\S.M Wazid Ullah\Documents\Projects\WAZID-ULLAH-PLAYWRIGHT-467\pages\base\BasePage.ts:51:23)
        at WidgetsPage.selectDate (C:\Users\S.M Wazid Ullah\Documents\Projects\WAZID-ULLAH-PLAYWRIGHT-467\pages\WidgetsPage.ts:44:20)
        at C:\Users\S.M Wazid Ullah\Documents\Projects\WAZID-ULLAH-PLAYWRIGHT-467\tests\widgets\datePicker.spec.ts:31:27

    Error Context: test-results\widgets-datePicker-Date-Pi-0b8f1-uld-clear-and-reselect-date-firefox\error-context.md


[1A[2K[173/267] [firefox] ΓÇ║ tests\widgets\toolTips.spec.ts:15:9 ΓÇ║ ToolTips Tests ΓÇ║ should get tooltip text on hover
[1A[2K  142) [firefox] ΓÇ║ tests\widgets\datePicker.spec.ts:39:9 ΓÇ║ Date Picker Tests ΓÇ║ should select month and year 

    [31mTest timeout of 30000ms exceeded.[39m

    Error: locator.fill: Test timeout of 30000ms exceeded.
    Call log:
    [2m  - waiting for locator('#datePickerMonthYearInput')[22m


       at ..\pages\base\BasePage.ts:51

      49 |      */
      50 |     async enterText(locator: Locator, text: string) {
    > 51 |         await locator.fill(text);
         |                       ^
      52 |     }
      53 |
      54 |     /**
        at WidgetsPage.enterText (C:\Users\S.M Wazid Ullah\Documents\Projects\WAZID-ULLAH-PLAYWRIGHT-467\pages\base\BasePage.ts:51:23)
        at WidgetsPage.selectMonth (C:\Users\S.M Wazid Ullah\Documents\Projects\WAZID-ULLAH-PLAYWRIGHT-467\pages\WidgetsPage.ts:52:20)
        at C:\Users\S.M Wazid Ullah\Documents\Projects\WAZID-ULLAH-PLAYWRIGHT-467\tests\widgets\datePicker.spec.ts:42:27

    Error Context: test-results\widgets-datePicker-Date-Pi-fd19c-hould-select-month-and-year-firefox\error-context.md


[1A[2K[174/267] [firefox] ΓÇ║ tests\widgets\toolTips.spec.ts:23:9 ΓÇ║ ToolTips Tests ΓÇ║ should interact with slider
[1A[2K  143) [firefox] ΓÇ║ tests\widgets\datePicker.spec.ts:48:9 ΓÇ║ Date Picker Tests ΓÇ║ should select time ΓöÇΓöÇ

    [31mTest timeout of 30000ms exceeded.[39m

    Error: locator.fill: Test timeout of 30000ms exceeded.
    Call log:
    [2m  - waiting for locator('#timePickerInput')[22m


       at ..\pages\base\BasePage.ts:51

      49 |      */
      50 |     async enterText(locator: Locator, text: string) {
    > 51 |         await locator.fill(text);
         |                       ^
      52 |     }
      53 |
      54 |     /**
        at WidgetsPage.enterText (C:\Users\S.M Wazid Ullah\Documents\Projects\WAZID-ULLAH-PLAYWRIGHT-467\pages\base\BasePage.ts:51:23)
        at WidgetsPage.selectTime (C:\Users\S.M Wazid Ullah\Documents\Projects\WAZID-ULLAH-PLAYWRIGHT-467\pages\WidgetsPage.ts:56:20)
        at C:\Users\S.M Wazid Ullah\Documents\Projects\WAZID-ULLAH-PLAYWRIGHT-467\tests\widgets\datePicker.spec.ts:51:27

    Error Context: test-results\widgets-datePicker-Date-Picker-Tests-should-select-time-firefox\error-context.md


[1A[2K[175/267] [firefox] ΓÇ║ tests\widgets\toolTips.spec.ts:30:9 ΓÇ║ ToolTips Tests ΓÇ║ should set slider to maximum value
[1A[2K  144) [firefox] ΓÇ║ tests\widgets\toolTips.spec.ts:8:9 ΓÇ║ ToolTips Tests ΓÇ║ should hover over button to see tooltip 

    [31mTest timeout of 30000ms exceeded.[39m

    Error: locator.hover: Test timeout of 30000ms exceeded.
    Call log:
    [2m  - waiting for locator('[data-testid="hooverMeToSeePrivateText"]')[22m


       at ..\pages\base\BasePage.ts:100

       98 |      */
       99 |     async hoverElement(locator: Locator) {
    > 100 |         await locator.hover();
          |                       ^
      101 |     }
      102 |
      103 |     /**
        at WidgetsPage.hoverElement (C:\Users\S.M Wazid Ullah\Documents\Projects\WAZID-ULLAH-PLAYWRIGHT-467\pages\base\BasePage.ts:100:23)
        at WidgetsPage.hoverToolTip (C:\Users\S.M Wazid Ullah\Documents\Projects\WAZID-ULLAH-PLAYWRIGHT-467\pages\WidgetsPage.ts:60:20)
        at C:\Users\S.M Wazid Ullah\Documents\Projects\WAZID-ULLAH-PLAYWRIGHT-467\tests\widgets\toolTips.spec.ts:9:27

    Error Context: test-results\widgets-toolTips-ToolTips--b6b86--over-button-to-see-tooltip-firefox\error-context.md


[1A[2K[176/267] [firefox] ΓÇ║ tests\widgets\toolTips.spec.ts:37:9 ΓÇ║ ToolTips Tests ΓÇ║ should set slider to minimum value
[1A[2K  145) [firefox] ΓÇ║ tests\widgets\toolTips.spec.ts:15:9 ΓÇ║ ToolTips Tests ΓÇ║ should get tooltip text on hover 

    [31mTest timeout of 30000ms exceeded.[39m

    Error: locator.hover: Test timeout of 30000ms exceeded.
    Call log:
    [2m  - waiting for locator('[data-testid="hooverMeToSeePrivateText"]')[22m


       at ..\pages\base\BasePage.ts:100

       98 |      */
       99 |     async hoverElement(locator: Locator) {
    > 100 |         await locator.hover();
          |                       ^
      101 |     }
      102 |
      103 |     /**
        at WidgetsPage.hoverElement (C:\Users\S.M Wazid Ullah\Documents\Projects\WAZID-ULLAH-PLAYWRIGHT-467\pages\base\BasePage.ts:100:23)
        at WidgetsPage.hoverToolTip (C:\Users\S.M Wazid Ullah\Documents\Projects\WAZID-ULLAH-PLAYWRIGHT-467\pages\WidgetsPage.ts:60:20)
        at C:\Users\S.M Wazid Ullah\Documents\Projects\WAZID-ULLAH-PLAYWRIGHT-467\tests\widgets\toolTips.spec.ts:16:27

    Error Context: test-results\widgets-toolTips-ToolTips--5723d-d-get-tooltip-text-on-hover-firefox\error-context.md


[1A[2K[177/267] [firefox] ΓÇ║ tests\widgets\toolTips.spec.ts:44:9 ΓÇ║ ToolTips Tests ΓÇ║ should start and reset progress bar
[1A[2K  146) [firefox] ΓÇ║ tests\widgets\toolTips.spec.ts:23:9 ΓÇ║ ToolTips Tests ΓÇ║ should interact with slider 

    [31mTest timeout of 30000ms exceeded.[39m

    Error: locator.fill: Test timeout of 30000ms exceeded.
    Call log:
    [2m  - waiting for locator('input[type="range"]')[22m


       at ..\pages\WidgetsPage.ts:68

      66 |
      67 |     async setSliderValue(value: string) {
    > 68 |         await this.sliderInput.fill(value);
         |                                ^
      69 |     }
      70 |
      71 |     async getSliderValue(): Promise<string> {
        at WidgetsPage.setSliderValue (C:\Users\S.M Wazid Ullah\Documents\Projects\WAZID-ULLAH-PLAYWRIGHT-467\pages\WidgetsPage.ts:68:32)
        at C:\Users\S.M Wazid Ullah\Documents\Projects\WAZID-ULLAH-PLAYWRIGHT-467\tests\widgets\toolTips.spec.ts:24:27

    Error Context: test-results\widgets-toolTips-ToolTips-Tests-should-interact-with-slider-firefox\error-context.md


[1A[2K[178/267] [firefox] ΓÇ║ tests\widgets\toolTips.spec.ts:54:9 ΓÇ║ ToolTips Tests ΓÇ║ should fill autocomplete field
[1A[2K  147) [firefox] ΓÇ║ tests\widgets\toolTips.spec.ts:30:9 ΓÇ║ ToolTips Tests ΓÇ║ should set slider to maximum value 

    [31mTest timeout of 30000ms exceeded.[39m

    Error: locator.fill: Test timeout of 30000ms exceeded.
    Call log:
    [2m  - waiting for locator('input[type="range"]')[22m


       at ..\pages\WidgetsPage.ts:68

      66 |
      67 |     async setSliderValue(value: string) {
    > 68 |         await this.sliderInput.fill(value);
         |                                ^
      69 |     }
      70 |
      71 |     async getSliderValue(): Promise<string> {
        at WidgetsPage.setSliderValue (C:\Users\S.M Wazid Ullah\Documents\Projects\WAZID-ULLAH-PLAYWRIGHT-467\pages\WidgetsPage.ts:68:32)
        at C:\Users\S.M Wazid Ullah\Documents\Projects\WAZID-ULLAH-PLAYWRIGHT-467\tests\widgets\toolTips.spec.ts:31:27

    Error Context: test-results\widgets-toolTips-ToolTips--7b961-set-slider-to-maximum-value-firefox\error-context.md


[1A[2K[179/267] [webkit] ΓÇ║ tests\alerts-frames\alerts.spec.ts:8:9 ΓÇ║ Alerts Tests ΓÇ║ should handle simple alert
[1A[2K  148) [firefox] ΓÇ║ tests\widgets\toolTips.spec.ts:37:9 ΓÇ║ ToolTips Tests ΓÇ║ should set slider to minimum value 

    [31mTest timeout of 30000ms exceeded.[39m

    Error: locator.fill: Test timeout of 30000ms exceeded.
    Call log:
    [2m  - waiting for locator('input[type="range"]')[22m


       at ..\pages\WidgetsPage.ts:68

      66 |
      67 |     async setSliderValue(value: string) {
    > 68 |         await this.sliderInput.fill(value);
         |                                ^
      69 |     }
      70 |
      71 |     async getSliderValue(): Promise<string> {
        at WidgetsPage.setSliderValue (C:\Users\S.M Wazid Ullah\Documents\Projects\WAZID-ULLAH-PLAYWRIGHT-467\pages\WidgetsPage.ts:68:32)
        at C:\Users\S.M Wazid Ullah\Documents\Projects\WAZID-ULLAH-PLAYWRIGHT-467\tests\widgets\toolTips.spec.ts:38:27

    Error Context: test-results\widgets-toolTips-ToolTips--99f88-set-slider-to-minimum-value-firefox\error-context.md


[1A[2K[180/267] [webkit] ΓÇ║ tests\alerts-frames\alerts.spec.ts:15:9 ΓÇ║ Alerts Tests ΓÇ║ should accept simple alert
[1A[2K  149) [firefox] ΓÇ║ tests\widgets\toolTips.spec.ts:44:9 ΓÇ║ ToolTips Tests ΓÇ║ should start and reset progress bar 

    [31mTest timeout of 30000ms exceeded.[39m

    Error: locator.click: Test timeout of 30000ms exceeded.
    Call log:
    [2m  - waiting for locator('#startStopButton')[22m


       at ..\pages\base\BasePage.ts:44

      42 |      */
      43 |     async selectElement(locator: Locator) {
    > 44 |         await locator.click();
         |                       ^
      45 |     }
      46 |
      47 |     /**
        at WidgetsPage.selectElement (C:\Users\S.M Wazid Ullah\Documents\Projects\WAZID-ULLAH-PLAYWRIGHT-467\pages\base\BasePage.ts:44:23)
        at WidgetsPage.startProgressBar (C:\Users\S.M Wazid Ullah\Documents\Projects\WAZID-ULLAH-PLAYWRIGHT-467\pages\WidgetsPage.ts:76:20)
        at C:\Users\S.M Wazid Ullah\Documents\Projects\WAZID-ULLAH-PLAYWRIGHT-467\tests\widgets\toolTips.spec.ts:45:27

    Error Context: test-results\widgets-toolTips-ToolTips--8742f-tart-and-reset-progress-bar-firefox\error-context.md


[1A[2K[181/267] [webkit] ΓÇ║ tests\alerts-frames\alerts.spec.ts:23:9 ΓÇ║ Alerts Tests ΓÇ║ should handle delayed alert
[1A[2K  150) [webkit] ΓÇ║ tests\alerts-frames\alerts.spec.ts:8:9 ΓÇ║ Alerts Tests ΓÇ║ should handle simple alert 

    TimeoutError: page.waitForEvent: Timeout 10000ms exceeded while waiting for event "dialog"
    =========================== logs ===========================
    waiting for event "dialog"
    ============================================================

       at ..\pages\AlertsPage.ts:27

      25 |     async triggerSimpleAlert() {
      26 |         const [alert] = await Promise.all([
    > 27 |             this.page.waitForEvent('dialog', { timeout: 10000 }),
         |                       ^
      28 |             this.selectElement(this.alertButton),
      29 |         ]);
      30 |         return alert.message();
        at AlertsPage.triggerSimpleAlert (C:\Users\S.M Wazid Ullah\Documents\Projects\WAZID-ULLAH-PLAYWRIGHT-467\pages\AlertsPage.ts:27:23)
        at C:\Users\S.M Wazid Ullah\Documents\Projects\WAZID-ULLAH-PLAYWRIGHT-467\tests\alerts-frames\alerts.spec.ts:9:47

    Error Context: test-results\alerts-frames-alerts-Alerts-Tests-should-handle-simple-alert-webkit\error-context.md


[1A[2K[182/267] [webkit] ΓÇ║ tests\alerts-frames\alerts.spec.ts:29:9 ΓÇ║ Alerts Tests ΓÇ║ should accept confirm alert
[1A[2K  151) [webkit] ΓÇ║ tests\alerts-frames\alerts.spec.ts:15:9 ΓÇ║ Alerts Tests ΓÇ║ should accept simple alert 

    TimeoutError: page.waitForEvent: Timeout 10000ms exceeded while waiting for event "dialog"
    =========================== logs ===========================
    waiting for event "dialog"
    ============================================================

       at ..\pages\AlertsPage.ts:35

      33 |     async handleSimpleAlert() {
      34 |         const [alert] = await Promise.all([
    > 35 |             this.page.waitForEvent('dialog', { timeout: 10000 }),
         |                       ^
      36 |             this.selectElement(this.alertButton),
      37 |         ]);
      38 |         await alert.accept();
        at AlertsPage.handleSimpleAlert (C:\Users\S.M Wazid Ullah\Documents\Projects\WAZID-ULLAH-PLAYWRIGHT-467\pages\AlertsPage.ts:35:23)
        at C:\Users\S.M Wazid Ullah\Documents\Projects\WAZID-ULLAH-PLAYWRIGHT-467\tests\alerts-frames\alerts.spec.ts:16:26

    Error Context: test-results\alerts-frames-alerts-Alerts-Tests-should-accept-simple-alert-webkit\error-context.md


[1A[2K[183/267] [webkit] ΓÇ║ tests\alerts-frames\alerts.spec.ts:36:9 ΓÇ║ Alerts Tests ΓÇ║ should dismiss confirm alert
[1A[2K  152) [firefox] ΓÇ║ tests\widgets\toolTips.spec.ts:54:9 ΓÇ║ ToolTips Tests ΓÇ║ should fill autocomplete field 

    [31mTest timeout of 30000ms exceeded.[39m

    Error: locator.fill: Test timeout of 30000ms exceeded.
    Call log:
    [2m  - waiting for locator('#autoCompleteMultipleInput')[22m


       at ..\pages\base\BasePage.ts:51

      49 |      */
      50 |     async enterText(locator: Locator, text: string) {
    > 51 |         await locator.fill(text);
         |                       ^
      52 |     }
      53 |
      54 |     /**
        at WidgetsPage.enterText (C:\Users\S.M Wazid Ullah\Documents\Projects\WAZID-ULLAH-PLAYWRIGHT-467\pages\base\BasePage.ts:51:23)
        at WidgetsPage.fillAutoComplete (C:\Users\S.M Wazid Ullah\Documents\Projects\WAZID-ULLAH-PLAYWRIGHT-467\pages\WidgetsPage.ts:89:20)
        at C:\Users\S.M Wazid Ullah\Documents\Projects\WAZID-ULLAH-PLAYWRIGHT-467\tests\widgets\toolTips.spec.ts:55:27

    Error Context: test-results\widgets-toolTips-ToolTips--b22de-uld-fill-autocomplete-field-firefox\error-context.md


[1A[2K[184/267] [webkit] ΓÇ║ tests\alerts-frames\alerts.spec.ts:43:9 ΓÇ║ Alerts Tests ΓÇ║ should handle prompt alert with text
[1A[2K  153) [webkit] ΓÇ║ tests\alerts-frames\alerts.spec.ts:23:9 ΓÇ║ Alerts Tests ΓÇ║ should handle delayed alert 

    TimeoutError: page.waitForEvent: Timeout 15000ms exceeded while waiting for event "dialog"
    =========================== logs ===========================
    waiting for event "dialog"
    ============================================================

       at ..\pages\AlertsPage.ts:43

      41 |     async triggerDelayedAlert() {
      42 |         const [alert] = await Promise.all([
    > 43 |             this.page.waitForEvent('dialog', { timeout: 15000 }),
         |                       ^
      44 |             this.selectElement(this.delayedAlertButton),
      45 |         ]);
      46 |         return alert.message();
        at AlertsPage.triggerDelayedAlert (C:\Users\S.M Wazid Ullah\Documents\Projects\WAZID-ULLAH-PLAYWRIGHT-467\pages\AlertsPage.ts:43:23)
        at C:\Users\S.M Wazid Ullah\Documents\Projects\WAZID-ULLAH-PLAYWRIGHT-467\tests\alerts-frames\alerts.spec.ts:24:47

    Error Context: test-results\alerts-frames-alerts-Alert-ead3f-should-handle-delayed-alert-webkit\error-context.md


[1A[2K  154) [webkit] ΓÇ║ tests\alerts-frames\alerts.spec.ts:29:9 ΓÇ║ Alerts Tests ΓÇ║ should accept confirm alert 

    TimeoutError: page.waitForEvent: Timeout 10000ms exceeded while waiting for event "dialog"
    =========================== logs ===========================
    waiting for event "dialog"
    ============================================================

       at ..\pages\AlertsPage.ts:51

      49 |     async handleConfirmAlert(accept: boolean = true) {
      50 |         const [alert] = await Promise.all([
    > 51 |             this.page.waitForEvent('dialog', { timeout: 10000 }),
         |                       ^
      52 |             this.selectElement(this.confirmAlertButton),
      53 |         ]);
      54 |         if (accept) {
        at AlertsPage.handleConfirmAlert (C:\Users\S.M Wazid Ullah\Documents\Projects\WAZID-ULLAH-PLAYWRIGHT-467\pages\AlertsPage.ts:51:23)
        at C:\Users\S.M Wazid Ullah\Documents\Projects\WAZID-ULLAH-PLAYWRIGHT-467\tests\alerts-frames\alerts.spec.ts:30:26

    Error Context: test-results\alerts-frames-alerts-Alert-1a861-should-accept-confirm-alert-webkit\error-context.md


[1A[2K[185/267] [webkit] ΓÇ║ tests\alerts-frames\alerts.spec.ts:51:9 ΓÇ║ Alerts Tests ΓÇ║ should verify alert label is displayed
[1A[2K[186/267] [webkit] ΓÇ║ tests\alerts-frames\frames.spec.ts:8:9 ΓÇ║ Frames Tests ΓÇ║ should verify large frame is visible
[1A[2K  155) [webkit] ΓÇ║ tests\alerts-frames\frames.spec.ts:8:9 ΓÇ║ Frames Tests ΓÇ║ should verify large frame is visible 

    Error: [2mexpect([22m[31mreceived[39m[2m).[22mtoBeTruthy[2m()[22m

    Received: [31mfalse[39m

       8 |     test('should verify frames page loaded', async ({ framesPage }) => {
       9 |         const url = framesPage.page.url();
    > 10 |         expect(url).toContain('frames');
         |                           ^
      11 |     });
      12 |
      13 |     test('should get content from large frame', async ({ framesPage }) => {
        at C:\Users\S.M Wazid Ullah\Documents\Projects\WAZID-ULLAH-PLAYWRIGHT-467\tests\alerts-frames\frames.spec.ts:10:27

    Error Context: test-results\alerts-frames-frames-Frame-5f774-rify-large-frame-is-visible-webkit\error-context.md


[1A[2K  156) [webkit] ΓÇ║ tests\alerts-frames\alerts.spec.ts:36:9 ΓÇ║ Alerts Tests ΓÇ║ should dismiss confirm alert 

    TimeoutError: page.waitForEvent: Timeout 10000ms exceeded while waiting for event "dialog"
    =========================== logs ===========================
    waiting for event "dialog"
    ============================================================

       at ..\pages\AlertsPage.ts:51

      49 |     async handleConfirmAlert(accept: boolean = true) {
      50 |         const [alert] = await Promise.all([
    > 51 |             this.page.waitForEvent('dialog', { timeout: 10000 }),
         |                       ^
      52 |             this.selectElement(this.confirmAlertButton),
      53 |         ]);
      54 |         if (accept) {
        at AlertsPage.handleConfirmAlert (C:\Users\S.M Wazid Ullah\Documents\Projects\WAZID-ULLAH-PLAYWRIGHT-467\pages\AlertsPage.ts:51:23)
        at C:\Users\S.M Wazid Ullah\Documents\Projects\WAZID-ULLAH-PLAYWRIGHT-467\tests\alerts-frames\alerts.spec.ts:37:26

    Error Context: test-results\alerts-frames-alerts-Alert-9eb78-hould-dismiss-confirm-alert-webkit\error-context.md


[1A[2K[187/267] [webkit] ΓÇ║ tests\alerts-frames\frames.spec.ts:13:9 ΓÇ║ Frames Tests ΓÇ║ should verify small frame is visible
[1A[2K[188/267] [webkit] ΓÇ║ tests\alerts-frames\frames.spec.ts:18:9 ΓÇ║ Frames Tests ΓÇ║ should get content from large frame
[1A[2K  157) [webkit] ΓÇ║ tests\alerts-frames\alerts.spec.ts:43:9 ΓÇ║ Alerts Tests ΓÇ║ should handle prompt alert with text 

    TimeoutError: page.waitForEvent: Timeout 10000ms exceeded while waiting for event "dialog"
    =========================== logs ===========================
    waiting for event "dialog"
    ============================================================

       at ..\pages\AlertsPage.ts:63

      61 |     async handlePromptAlert(text: string) {
      62 |         const [alert] = await Promise.all([
    > 63 |             this.page.waitForEvent('dialog', { timeout: 10000 }),
         |                       ^
      64 |             this.selectElement(this.promtAlertButton),
      65 |         ]);
      66 |         await alert.accept(text);
        at AlertsPage.handlePromptAlert (C:\Users\S.M Wazid Ullah\Documents\Projects\WAZID-ULLAH-PLAYWRIGHT-467\pages\AlertsPage.ts:63:23)
        at C:\Users\S.M Wazid Ullah\Documents\Projects\WAZID-ULLAH-PLAYWRIGHT-467\tests\alerts-frames\alerts.spec.ts:45:26

    Error Context: test-results\alerts-frames-alerts-Alert-359e2-ndle-prompt-alert-with-text-webkit\error-context.md


[1A[2K  158) [webkit] ΓÇ║ tests\alerts-frames\frames.spec.ts:13:9 ΓÇ║ Frames Tests ΓÇ║ should verify small frame is visible 

    Error: [2mexpect([22m[31mreceived[39m[2m).[22mtoBeTruthy[2m()[22m

    Received: [31mfalse[39m

      13 |     test('should get content from large frame', async ({ framesPage }) => {
      14 |         const title = await framesPage.getFrameTitle();
    > 15 |         expect(title).toBeTruthy();
         |                           ^
      16 |         expect(title).toContain('This is a sample page');
      17 |     });
      18 |
        at C:\Users\S.M Wazid Ullah\Documents\Projects\WAZID-ULLAH-PLAYWRIGHT-467\tests\alerts-frames\frames.spec.ts:15:27

    Error Context: test-results\alerts-frames-frames-Frame-45cad-rify-small-frame-is-visible-webkit\error-context.md


[1A[2K[189/267] [webkit] ΓÇ║ tests\alerts-frames\frames.spec.ts:23:9 ΓÇ║ Frames Tests ΓÇ║ should get content from small frame
[1A[2K[190/267] [webkit] ΓÇ║ tests\alerts-frames\frames.spec.ts:28:9 ΓÇ║ Frames Tests ΓÇ║ should verify large frame contains expected text
[1A[2K  159) [webkit] ΓÇ║ tests\alerts-frames\alerts.spec.ts:51:9 ΓÇ║ Alerts Tests ΓÇ║ should verify alert label is displayed 

    TimeoutError: page.waitForEvent: Timeout 10000ms exceeded while waiting for event "dialog"
    =========================== logs ===========================
    waiting for event "dialog"
    ============================================================

       at ..\pages\AlertsPage.ts:35

      33 |     async handleSimpleAlert() {
      34 |         const [alert] = await Promise.all([
    > 35 |             this.page.waitForEvent('dialog', { timeout: 10000 }),
         |                       ^
      36 |             this.selectElement(this.alertButton),
      37 |         ]);
      38 |         await alert.accept();
        at AlertsPage.handleSimpleAlert (C:\Users\S.M Wazid Ullah\Documents\Projects\WAZID-ULLAH-PLAYWRIGHT-467\pages\AlertsPage.ts:35:23)
        at C:\Users\S.M Wazid Ullah\Documents\Projects\WAZID-ULLAH-PLAYWRIGHT-467\tests\alerts-frames\alerts.spec.ts:52:26

    Error Context: test-results\alerts-frames-alerts-Alert-1b1eb-fy-alert-label-is-displayed-webkit\error-context.md


[1A[2K[191/267] [webkit] ΓÇ║ tests\alerts-frames\frames.spec.ts:33:9 ΓÇ║ Frames Tests ΓÇ║ should verify small frame contains expected text
[1A[2K  160) [webkit] ΓÇ║ tests\alerts-frames\frames.spec.ts:18:9 ΓÇ║ Frames Tests ΓÇ║ should get content from large frame 

    [31mTest timeout of 30000ms exceeded.[39m

    Error: locator.textContent: Test timeout of 30000ms exceeded.
    Call log:
    [2m  - waiting for locator('#frame1').contentFrame().locator('h1')[22m


       at ..\pages\FramesPage.ts:27

      25 |     async getFrameTitle(): Promise<string> {
      26 |         const heading = this.largeFrameId.locator('h1');
    > 27 |         return await heading.textContent() || '';
         |                              ^
      28 |     }
      29 |
      30 |     async getSampleHeading(): Promise<string> {
        at FramesPage.getFrameTitle (C:\Users\S.M Wazid Ullah\Documents\Projects\WAZID-ULLAH-PLAYWRIGHT-467\pages\FramesPage.ts:27:30)
        at C:\Users\S.M Wazid Ullah\Documents\Projects\WAZID-ULLAH-PLAYWRIGHT-467\tests\alerts-frames\frames.spec.ts:19:40

    Error Context: test-results\alerts-frames-frames-Frame-97273-et-content-from-large-frame-webkit\error-context.md


[1A[2K[192/267] [webkit] ΓÇ║ tests\alerts-frames\frames.spec.ts:38:9 ΓÇ║ Frames Tests ΓÇ║ should navigate to frames and verify page structure
[1A[2K  161) [webkit] ΓÇ║ tests\alerts-frames\frames.spec.ts:23:9 ΓÇ║ Frames Tests ΓÇ║ should get content from small frame 

    [31mTest timeout of 30000ms exceeded.[39m

    Error: locator.textContent: Test timeout of 30000ms exceeded.
    Call log:
    [2m  - waiting for locator('#frame2').contentFrame().locator('h1')[22m


       at ..\pages\FramesPage.ts:37

      35 |     async getSmallFrameText(): Promise<string> {
      36 |         const heading = this.smallFrameId.locator('h1');
    > 37 |         return await heading.textContent() || '';
         |                              ^
      38 |     }
      39 |
      40 |     async verifyFrameContent(frameLocator: FrameLocator, expectedText: string): Promise<boolean> {
        at FramesPage.getSmallFrameText (C:\Users\S.M Wazid Ullah\Documents\Projects\WAZID-ULLAH-PLAYWRIGHT-467\pages\FramesPage.ts:37:30)
        at C:\Users\S.M Wazid Ullah\Documents\Projects\WAZID-ULLAH-PLAYWRIGHT-467\tests\alerts-frames\frames.spec.ts:24:45

    Error Context: test-results\alerts-frames-frames-Frame-1f1ec-et-content-from-small-frame-webkit\error-context.md


[1A[2K  162) [webkit] ΓÇ║ tests\alerts-frames\frames.spec.ts:28:9 ΓÇ║ Frames Tests ΓÇ║ should verify large frame contains expected text 

    [31mTest timeout of 30000ms exceeded.[39m

    Error: locator.textContent: Test timeout of 30000ms exceeded.
    Call log:
    [2m  - waiting for locator('#frame1').contentFrame().locator('body')[22m


       at ..\pages\FramesPage.ts:42

      40 |     async verifyFrameContent(frameLocator: FrameLocator, expectedText: string): Promise<boolean> {
      41 |         const content = frameLocator.locator('body');
    > 42 |         const text = await content.textContent() || '';
         |                                    ^
      43 |         return text.includes(expectedText);
      44 |     }
      45 |
        at FramesPage.verifyFrameContent (C:\Users\S.M Wazid Ullah\Documents\Projects\WAZID-ULLAH-PLAYWRIGHT-467\pages\FramesPage.ts:42:36)
        at C:\Users\S.M Wazid Ullah\Documents\Projects\WAZID-ULLAH-PLAYWRIGHT-467\tests\alerts-frames\frames.spec.ts:29:45

    Error Context: test-results\alerts-frames-frames-Frame-28a0b-rame-contains-expected-text-webkit\error-context.md


[1A[2K  163) [webkit] ΓÇ║ tests\alerts-frames\frames.spec.ts:38:9 ΓÇ║ Frames Tests ΓÇ║ should navigate to frames and verify page structure 

    Error: [2mexpect([22m[31mreceived[39m[2m).[22mtoBeTruthy[2m()[22m

    Received: [31mfalse[39m

      43 |         expect(url).toContain('frames');
      44 |         
    > 45 |         const largeElement = framesPage.page.locator('#frame1');
         |                              ^
      46 |         const smallElement = framesPage.page.locator('#frame2');
      47 |         
      48 |         expect(await largeElement.isVisible()).toBeTruthy();
        at C:\Users\S.M Wazid Ullah\Documents\Projects\WAZID-ULLAH-PLAYWRIGHT-467\tests\alerts-frames\frames.spec.ts:45:30

    Error Context: test-results\alerts-frames-frames-Frame-6bc80-s-and-verify-page-structure-webkit\error-context.md


[1A[2K[193/267] [webkit] ΓÇ║ tests\BrowseWebsite.spec.js:3:1 ΓÇ║ Browse Website
[1A[2K[194/267] [webkit] ΓÇ║ tests\Codegen_Record_DemoLogin.spec.js:3:5 ΓÇ║ test
[1A[2K[195/267] [webkit] ΓÇ║ tests\e2e\demoqa.e2e.spec.ts:4:9 ΓÇ║ Demo QA E2E Tests ΓÇ║ should navigate to demoqa and verify all sections visible
[1A[2K[webkit] ΓÇ║ tests\BrowseWebsite.spec.js:3:1 ΓÇ║ Browse Website
Website browsing Successful

[1A[2K[196/267] [webkit] ΓÇ║ tests\e2e\demoqa.e2e.spec.ts:16:9 ΓÇ║ Demo QA E2E Tests ΓÇ║ should navigate to elements section from home page
[1A[2K  164) [webkit] ΓÇ║ tests\alerts-frames\frames.spec.ts:33:9 ΓÇ║ Frames Tests ΓÇ║ should verify small frame contains expected text 

    [31mTest timeout of 30000ms exceeded.[39m

    Error: locator.textContent: Test timeout of 30000ms exceeded.
    Call log:
    [2m  - waiting for locator('#frame2').contentFrame().locator('body')[22m


       at ..\pages\FramesPage.ts:42

      40 |     async verifyFrameContent(frameLocator: FrameLocator, expectedText: string): Promise<boolean> {
      41 |         const content = frameLocator.locator('body');
    > 42 |         const text = await content.textContent() || '';
         |                                    ^
      43 |         return text.includes(expectedText);
      44 |     }
      45 |
        at FramesPage.verifyFrameContent (C:\Users\S.M Wazid Ullah\Documents\Projects\WAZID-ULLAH-PLAYWRIGHT-467\pages\FramesPage.ts:42:36)
        at C:\Users\S.M Wazid Ullah\Documents\Projects\WAZID-ULLAH-PLAYWRIGHT-467\tests\alerts-frames\frames.spec.ts:34:45

    Error Context: test-results\alerts-frames-frames-Frame-06a90-rame-contains-expected-text-webkit\error-context.md


[1A[2K[197/267] [webkit] ΓÇ║ tests\e2e\demoqa.e2e.spec.ts:23:9 ΓÇ║ Demo QA E2E Tests ΓÇ║ should navigate to forms section from home page
[1A[2K[198/267] [webkit] ΓÇ║ tests\e2e\demoqa.e2e.spec.ts:30:9 ΓÇ║ Demo QA E2E Tests ΓÇ║ should navigate to alerts section from home page
[1A[2K  165) [webkit] ΓÇ║ tests\e2e\demoqa.e2e.spec.ts:4:9 ΓÇ║ Demo QA E2E Tests ΓÇ║ should navigate to demoqa and verify all sections visible 

    Error: [2mexpect([22m[31mpage[39m[2m).[22mtoHaveTitle[2m([22m[32mexpected[39m[2m)[22m failed

    Expected pattern: [32m/.*DEMOQA.*/i[39m
    Received string:  [31m"demosite"[39m
    Timeout: 5000ms

    Call log:
    [2m  - Expect "toHaveTitle" with timeout 5000ms[22m
    [2m    8 ├ù unexpected value "demosite"[22m


       5 |         await homePage.navigateTo();
       6 |         
    >  7 |         await expect(homePage.page).toHaveTitle(/.*DEMOQA.*/i);
         |                                     ^
       8 |         await expect(homePage.elementsCard).toBeVisible();
       9 |         await expect(homePage.formsCard).toBeVisible();
      10 |         await expect(homePage.alertsCard).toBeVisible();
        at C:\Users\S.M Wazid Ullah\Documents\Projects\WAZID-ULLAH-PLAYWRIGHT-467\tests\e2e\demoqa.e2e.spec.ts:7:37

    Error Context: test-results\e2e-demoqa.e2e-Demo-QA-E2E-95347-verify-all-sections-visible-webkit\error-context.md


[1A[2K[199/267] [webkit] ΓÇ║ tests\e2e\demoqa.e2e.spec.ts:44:9 ΓÇ║ Demo QA E2E Tests ΓÇ║ should navigate to interactions section from home page
[1A[2K[200/267] [webkit] ΓÇ║ tests\elements\buttons.spec.ts:8:9 ΓÇ║ Buttons Tests ΓÇ║ should handle double click button
[1A[2K[201/267] [webkit] ΓÇ║ tests\e2e\demoqa.e2e.spec.ts:37:9 ΓÇ║ Demo QA E2E Tests ΓÇ║ should navigate to widgets section from home page
[1A[2K  166) [webkit] ΓÇ║ tests\elements\buttons.spec.ts:8:9 ΓÇ║ Buttons Tests ΓÇ║ should handle double click button 

    TypeError: buttonsPage.doubleClickButton is not a function

       7 |
       8 |     test('should handle double click button', async ({ buttonsPage }) => {
    >  9 |         await buttonsPage.doubleClickButton.dblclick();
         |                           ^
      10 |         
      11 |         const isMessageDisplayed = await buttonsPage.isDoubleClickMessageDisplayed();
      12 |         expect(isMessageDisplayed).toBeTruthy();
        at C:\Users\S.M Wazid Ullah\Documents\Projects\WAZID-ULLAH-PLAYWRIGHT-467\tests\elements\buttons.spec.ts:9:27

    Error Context: test-results\elements-buttons-Buttons-T-58380--handle-double-click-button-webkit\error-context.md


[1A[2K[202/267] [webkit] ΓÇ║ tests\elements\buttons.spec.ts:18:9 ΓÇ║ Buttons Tests ΓÇ║ should handle right click button
[1A[2K[203/267] [webkit] ΓÇ║ tests\elements\buttons.spec.ts:28:9 ΓÇ║ Buttons Tests ΓÇ║ should handle single click button
[1A[2K  167) [webkit] ΓÇ║ tests\elements\buttons.spec.ts:18:9 ΓÇ║ Buttons Tests ΓÇ║ should handle right click button 

    TypeError: buttonsPage.rightClickButton is not a function

      17 |
      18 |     test('should handle right click button', async ({ buttonsPage }) => {
    > 19 |         await buttonsPage.rightClickButton.click({ button: 'right' });
         |                           ^
      20 |         
      21 |         const isMessageDisplayed = await buttonsPage.isRightClickMessageDisplayed();
      22 |         expect(isMessageDisplayed).toBeTruthy();
        at C:\Users\S.M Wazid Ullah\Documents\Projects\WAZID-ULLAH-PLAYWRIGHT-467\tests\elements\buttons.spec.ts:19:27

    Error Context: test-results\elements-buttons-Buttons-T-ebee4-d-handle-right-click-button-webkit\error-context.md


[1A[2K[204/267] [webkit] ΓÇ║ tests\elements\checkBox.spec.ts:8:9 ΓÇ║ CheckBox Tests ΓÇ║ should expand all checkboxes
[1A[2K[205/267] [webkit] ΓÇ║ tests\elements\buttons.spec.ts:38:9 ΓÇ║ Buttons Tests ΓÇ║ should perform all button click actions
[1A[2K  168) [webkit] ΓÇ║ tests\elements\checkBox.spec.ts:8:9 ΓÇ║ CheckBox Tests ΓÇ║ should expand all checkboxes 

    Error: [2mexpect([22m[31mreceived[39m[2m).[22mtoBeGreaterThan[2m([22m[32mexpected[39m[2m)[22m

    Expected: > [32m0[39m
    Received:   [31m0[39m

      10 |         
      11 |         const checkboxCount = await checkBoxPage.getElementCount(checkBoxPage.checkboxes);
    > 12 |         expect(checkboxCount).toBeGreaterThan(0);
         |                               ^
      13 |     });
      14 |
      15 |     test('should select home checkbox', async ({ checkBoxPage }) => {
        at C:\Users\S.M Wazid Ullah\Documents\Projects\WAZID-ULLAH-PLAYWRIGHT-467\tests\elements\checkBox.spec.ts:12:31

    Error Context: test-results\elements-checkBox-CheckBox-552c2-hould-expand-all-checkboxes-webkit\error-context.md


[1A[2K[206/267] [webkit] ΓÇ║ tests\elements\checkBox.spec.ts:23:9 ΓÇ║ CheckBox Tests ΓÇ║ should select multiple checkboxes and verify
[1A[2K  169) [webkit] ΓÇ║ tests\elements\buttons.spec.ts:38:9 ΓÇ║ Buttons Tests ΓÇ║ should perform all button click actions 

    TypeError: buttonsPage.doubleClickButton is not a function

      38 |     test('should perform all button click actions', async ({ buttonsPage }) => {
      39 |         // Double click
    > 40 |         await buttonsPage.doubleClickButton.dblclick();
         |                           ^
      41 |         let isDisplayed = await buttonsPage.isDoubleClickMessageDisplayed();
      42 |         expect(isDisplayed).toBeTruthy();
      43 |         
        at C:\Users\S.M Wazid Ullah\Documents\Projects\WAZID-ULLAH-PLAYWRIGHT-467\tests\elements\buttons.spec.ts:40:27

    Error Context: test-results\elements-buttons-Buttons-T-072b1-rm-all-button-click-actions-webkit\error-context.md


[1A[2K[207/267] [webkit] ΓÇ║ tests\elements\checkBox.spec.ts:15:9 ΓÇ║ CheckBox Tests ΓÇ║ should select home checkbox
[1A[2K[208/267] [webkit] ΓÇ║ tests\elements\checkBox.spec.ts:35:9 ΓÇ║ CheckBox Tests ΓÇ║ should display result when checkbox is selected
[1A[2K  170) [webkit] ΓÇ║ tests\elements\buttons.spec.ts:28:9 ΓÇ║ Buttons Tests ΓÇ║ should handle single click button 

    [31mTest timeout of 30000ms exceeded.[39m

    Error: locator.click: Test timeout of 30000ms exceeded.
    Call log:
    [2m  - waiting for locator('button:has-text("Click Me")')[22m


       at ..\pages\base\BasePage.ts:44

      42 |      */
      43 |     async selectElement(locator: Locator) {
    > 44 |         await locator.click();
         |                       ^
      45 |     }
      46 |
      47 |     /**
        at ButtonsPage.selectElement (C:\Users\S.M Wazid Ullah\Documents\Projects\WAZID-ULLAH-PLAYWRIGHT-467\pages\base\BasePage.ts:44:23)
        at ButtonsPage.singleClickButton (C:\Users\S.M Wazid Ullah\Documents\Projects\WAZID-ULLAH-PLAYWRIGHT-467\pages\ButtonsPage.ts:36:20)
        at C:\Users\S.M Wazid Ullah\Documents\Projects\WAZID-ULLAH-PLAYWRIGHT-467\tests\elements\buttons.spec.ts:29:27

    Error Context: test-results\elements-buttons-Buttons-T-69294--handle-single-click-button-webkit\error-context.md


[1A[2K[209/267] [webkit] ΓÇ║ tests\elements\checkBox.spec.ts:46:9 ΓÇ║ CheckBox Tests ΓÇ║ should verify checkbox item expansion
[1A[2K  171) [webkit] ΓÇ║ tests\elements\checkBox.spec.ts:23:9 ΓÇ║ CheckBox Tests ΓÇ║ should select multiple checkboxes and verify 

    [31mTest timeout of 30000ms exceeded.[39m

    Error: locator.click: Test timeout of 30000ms exceeded.
    Call log:
    [2m  - waiting for locator('label:has-text("Home") input[type="checkbox"]')[22m


       at ..\pages\base\BasePage.ts:44

      42 |      */
      43 |     async selectElement(locator: Locator) {
    > 44 |         await locator.click();
         |                       ^
      45 |     }
      46 |
      47 |     /**
        at CheckBoxPage.selectElement (C:\Users\S.M Wazid Ullah\Documents\Projects\WAZID-ULLAH-PLAYWRIGHT-467\pages\base\BasePage.ts:44:23)
        at CheckBoxPage.selectCheckbox (C:\Users\S.M Wazid Ullah\Documents\Projects\WAZID-ULLAH-PLAYWRIGHT-467\pages\CheckBoxPage.ts:43:20)
        at CheckBoxPage.selectMultipleCheckboxes (C:\Users\S.M Wazid Ullah\Documents\Projects\WAZID-ULLAH-PLAYWRIGHT-467\pages\CheckBoxPage.ts:48:24)
        at C:\Users\S.M Wazid Ullah\Documents\Projects\WAZID-ULLAH-PLAYWRIGHT-467\tests\elements\checkBox.spec.ts:27:28

    Error Context: test-results\elements-checkBox-CheckBox-a448f-tiple-checkboxes-and-verify-webkit\error-context.md


[1A[2K[210/267] [webkit] ΓÇ║ tests\elements\links.spec.ts:8:9 ΓÇ║ Links Tests ΓÇ║ should click home link and verify navigation
[1A[2K  172) [webkit] ΓÇ║ tests\elements\checkBox.spec.ts:15:9 ΓÇ║ CheckBox Tests ΓÇ║ should select home checkbox 

    [31mTest timeout of 30000ms exceeded.[39m

    Error: locator.click: Test timeout of 30000ms exceeded.
    Call log:
    [2m  - waiting for locator('label:has-text("Home") input[type="checkbox"]')[22m


       at ..\pages\base\BasePage.ts:44

      42 |      */
      43 |     async selectElement(locator: Locator) {
    > 44 |         await locator.click();
         |                       ^
      45 |     }
      46 |
      47 |     /**
        at CheckBoxPage.selectElement (C:\Users\S.M Wazid Ullah\Documents\Projects\WAZID-ULLAH-PLAYWRIGHT-467\pages\base\BasePage.ts:44:23)
        at CheckBoxPage.selectCheckbox (C:\Users\S.M Wazid Ullah\Documents\Projects\WAZID-ULLAH-PLAYWRIGHT-467\pages\CheckBoxPage.ts:43:20)
        at C:\Users\S.M Wazid Ullah\Documents\Projects\WAZID-ULLAH-PLAYWRIGHT-467\tests\elements\checkBox.spec.ts:17:28

    Error Context: test-results\elements-checkBox-CheckBox-Tests-should-select-home-checkbox-webkit\error-context.md


[1A[2K  173) [webkit] ΓÇ║ tests\elements\checkBox.spec.ts:35:9 ΓÇ║ CheckBox Tests ΓÇ║ should display result when checkbox is selected 

    [31mTest timeout of 30000ms exceeded.[39m

    Error: locator.click: Test timeout of 30000ms exceeded.
    Call log:
    [2m  - waiting for locator('label:has-text("Home") input[type="checkbox"]')[22m


       at ..\pages\base\BasePage.ts:44

      42 |      */
      43 |     async selectElement(locator: Locator) {
    > 44 |         await locator.click();
         |                       ^
      45 |     }
      46 |
      47 |     /**
        at CheckBoxPage.selectElement (C:\Users\S.M Wazid Ullah\Documents\Projects\WAZID-ULLAH-PLAYWRIGHT-467\pages\base\BasePage.ts:44:23)
        at CheckBoxPage.selectCheckbox (C:\Users\S.M Wazid Ullah\Documents\Projects\WAZID-ULLAH-PLAYWRIGHT-467\pages\CheckBoxPage.ts:43:20)
        at C:\Users\S.M Wazid Ullah\Documents\Projects\WAZID-ULLAH-PLAYWRIGHT-467\tests\elements\checkBox.spec.ts:37:28

    Error Context: test-results\elements-checkBox-CheckBox-30d5e-t-when-checkbox-is-selected-webkit\error-context.md


[1A[2K[211/267] [webkit] ΓÇ║ tests\elements\links.spec.ts:20:9 ΓÇ║ Links Tests ΓÇ║ should click dynamic link
[1A[2K[212/267] [webkit] ΓÇ║ tests\elements\links.spec.ts:29:9 ΓÇ║ Links Tests ΓÇ║ should verify created link response
[1A[2K[213/267] [webkit] ΓÇ║ tests\elements\links.spec.ts:39:9 ΓÇ║ Links Tests ΓÇ║ should verify no content link response
[1A[2K  174) [webkit] ΓÇ║ tests\elements\checkBox.spec.ts:46:9 ΓÇ║ CheckBox Tests ΓÇ║ should verify checkbox item expansion 

    [31mTest timeout of 30000ms exceeded.[39m

    Error: locator.click: Test timeout of 30000ms exceeded.
    Call log:
    [2m  - waiting for locator('button.rct-collapse-btn').first()[22m


       at ..\pages\base\BasePage.ts:44

      42 |      */
      43 |     async selectElement(locator: Locator) {
    > 44 |         await locator.click();
         |                       ^
      45 |     }
      46 |
      47 |     /**
        at CheckBoxPage.selectElement (C:\Users\S.M Wazid Ullah\Documents\Projects\WAZID-ULLAH-PLAYWRIGHT-467\pages\base\BasePage.ts:44:23)
        at CheckBoxPage.clickExpandButton (C:\Users\S.M Wazid Ullah\Documents\Projects\WAZID-ULLAH-PLAYWRIGHT-467\pages\CheckBoxPage.ts:30:20)
        at C:\Users\S.M Wazid Ullah\Documents\Projects\WAZID-ULLAH-PLAYWRIGHT-467\tests\elements\checkBox.spec.ts:47:28

    Error Context: test-results\elements-checkBox-CheckBox-baec8-ify-checkbox-item-expansion-webkit\error-context.md


[1A[2K[214/267] [webkit] ΓÇ║ tests\elements\links.spec.ts:49:9 ΓÇ║ Links Tests ΓÇ║ should verify moved permanently link response
[1A[2K  175) [webkit] ΓÇ║ tests\elements\links.spec.ts:8:9 ΓÇ║ Links Tests ΓÇ║ should click home link and verify navigation 

    [31mTest timeout of 30000ms exceeded.[39m

    Error: locator.textContent: Target page, context or browser has been closed

       at ..\pages\base\BasePage.ts:65

      63 |      */
      64 |     async getElementText(locator: Locator): Promise<string> {
    > 65 |         return await locator.textContent() || '';
         |                              ^
      66 |     }
      67 |
      68 |     /**
        at LinksPage.getElementText (C:\Users\S.M Wazid Ullah\Documents\Projects\WAZID-ULLAH-PLAYWRIGHT-467\pages\base\BasePage.ts:65:30)
        at LinksPage.getResponseMessage (C:\Users\S.M Wazid Ullah\Documents\Projects\WAZID-ULLAH-PLAYWRIGHT-467\pages\LinksPage.ts:48:27)
        at C:\Users\S.M Wazid Ullah\Documents\Projects\WAZID-ULLAH-PLAYWRIGHT-467\tests\elements\links.spec.ts:16:49

    Error Context: test-results\elements-links-Links-Tests-cd02f--link-and-verify-navigation-webkit\error-context.md


[1A[2K[215/267] [webkit] ΓÇ║ tests\elements\links.spec.ts:59:9 ΓÇ║ Links Tests ΓÇ║ should copy link href
[1A[2K  176) [webkit] ΓÇ║ tests\elements\links.spec.ts:29:9 ΓÇ║ Links Tests ΓÇ║ should verify created link response 

    [31mTest timeout of 30000ms exceeded.[39m

    Error: locator.click: Test timeout of 30000ms exceeded.
    Call log:
    [2m  - waiting for locator('a:has-text("Created")')[22m


       at ..\pages\base\BasePage.ts:44

      42 |      */
      43 |     async selectElement(locator: Locator) {
    > 44 |         await locator.click();
         |                       ^
      45 |     }
      46 |
      47 |     /**
        at LinksPage.selectElement (C:\Users\S.M Wazid Ullah\Documents\Projects\WAZID-ULLAH-PLAYWRIGHT-467\pages\base\BasePage.ts:44:23)
        at LinksPage.clickLinkByText (C:\Users\S.M Wazid Ullah\Documents\Projects\WAZID-ULLAH-PLAYWRIGHT-467\pages\LinksPage.ts:44:20)
        at C:\Users\S.M Wazid Ullah\Documents\Projects\WAZID-ULLAH-PLAYWRIGHT-467\tests\elements\links.spec.ts:30:25

    Error Context: test-results\elements-links-Links-Tests-295ee-erify-created-link-response-webkit\error-context.md


[1A[2K[216/267] [webkit] ΓÇ║ tests\elements\radioButton.spec.ts:8:9 ΓÇ║ RadioButton Tests ΓÇ║ should select yes radio button
[1A[2K  177) [webkit] ΓÇ║ tests\elements\links.spec.ts:39:9 ΓÇ║ Links Tests ΓÇ║ should verify no content link response 

    [31mTest timeout of 30000ms exceeded.[39m

    Error: locator.click: Test timeout of 30000ms exceeded.
    Call log:
    [2m  - waiting for locator('a:has-text("No Content")')[22m


       at ..\pages\base\BasePage.ts:44

      42 |      */
      43 |     async selectElement(locator: Locator) {
    > 44 |         await locator.click();
         |                       ^
      45 |     }
      46 |
      47 |     /**
        at LinksPage.selectElement (C:\Users\S.M Wazid Ullah\Documents\Projects\WAZID-ULLAH-PLAYWRIGHT-467\pages\base\BasePage.ts:44:23)
        at LinksPage.clickLinkByText (C:\Users\S.M Wazid Ullah\Documents\Projects\WAZID-ULLAH-PLAYWRIGHT-467\pages\LinksPage.ts:44:20)
        at C:\Users\S.M Wazid Ullah\Documents\Projects\WAZID-ULLAH-PLAYWRIGHT-467\tests\elements\links.spec.ts:40:25

    Error Context: test-results\elements-links-Links-Tests-fe4bb-fy-no-content-link-response-webkit\error-context.md


[1A[2K[217/267] [webkit] ΓÇ║ tests\elements\radioButton.spec.ts:15:9 ΓÇ║ RadioButton Tests ΓÇ║ should select impressive radio button
[1A[2K  178) [webkit] ΓÇ║ tests\elements\links.spec.ts:49:9 ΓÇ║ Links Tests ΓÇ║ should verify moved permanently link response 

    [31mTest timeout of 30000ms exceeded.[39m

    Error: locator.click: Test timeout of 30000ms exceeded.
    Call log:
    [2m  - waiting for locator('a:has-text("Moved Permanently")')[22m


       at ..\pages\base\BasePage.ts:44

      42 |      */
      43 |     async selectElement(locator: Locator) {
    > 44 |         await locator.click();
         |                       ^
      45 |     }
      46 |
      47 |     /**
        at LinksPage.selectElement (C:\Users\S.M Wazid Ullah\Documents\Projects\WAZID-ULLAH-PLAYWRIGHT-467\pages\base\BasePage.ts:44:23)
        at LinksPage.clickLinkByText (C:\Users\S.M Wazid Ullah\Documents\Projects\WAZID-ULLAH-PLAYWRIGHT-467\pages\LinksPage.ts:44:20)
        at C:\Users\S.M Wazid Ullah\Documents\Projects\WAZID-ULLAH-PLAYWRIGHT-467\tests\elements\links.spec.ts:50:25

    Error Context: test-results\elements-links-Links-Tests-a4724-d-permanently-link-response-webkit\error-context.md


[1A[2K[218/267] [webkit] ΓÇ║ tests\elements\radioButton.spec.ts:22:9 ΓÇ║ RadioButton Tests ΓÇ║ should not be able to select no option
[1A[2K  179) [webkit] ΓÇ║ tests\elements\links.spec.ts:59:9 ΓÇ║ Links Tests ΓÇ║ should copy link href ΓöÇΓöÇΓöÇΓöÇΓöÇΓöÇΓöÇΓöÇΓöÇΓöÇ

    [31mTest timeout of 30000ms exceeded.[39m

    Error: locator.getAttribute: Test timeout of 30000ms exceeded.
    Call log:
    [2m  - waiting for locator('a:has-text("Home")')[22m


       at ..\pages\base\BasePage.ts:72

      70 |      */
      71 |     async getAttribute(locator: Locator, attributeName: string): Promise<string | null> {
    > 72 |         return await locator.getAttribute(attributeName);
         |                              ^
      73 |     }
      74 |
      75 |     /**
        at LinksPage.getAttribute (C:\Users\S.M Wazid Ullah\Documents\Projects\WAZID-ULLAH-PLAYWRIGHT-467\pages\base\BasePage.ts:72:30)
        at LinksPage.copyLink (C:\Users\S.M Wazid Ullah\Documents\Projects\WAZID-ULLAH-PLAYWRIGHT-467\pages\LinksPage.ts:57:33)
        at C:\Users\S.M Wazid Ullah\Documents\Projects\WAZID-ULLAH-PLAYWRIGHT-467\tests\elements\links.spec.ts:60:38

    Error Context: test-results\elements-links-Links-Tests-should-copy-link-href-webkit\error-context.md


[1A[2K[219/267] [webkit] ΓÇ║ tests\elements\radioButton.spec.ts:27:9 ΓÇ║ RadioButton Tests ΓÇ║ should verify radio button selection with different values
[1A[2K  180) [webkit] ΓÇ║ tests\elements\radioButton.spec.ts:8:9 ΓÇ║ RadioButton Tests ΓÇ║ should select yes radio button 

    [31mTest timeout of 30000ms exceeded.[39m

    Error: locator.click: Test timeout of 30000ms exceeded.
    Call log:
    [2m  - waiting for locator('label').filter({ hasText: 'Yes' })[22m


       at ..\pages\base\BasePage.ts:44

      42 |      */
      43 |     async selectElement(locator: Locator) {
    > 44 |         await locator.click();
         |                       ^
      45 |     }
      46 |
      47 |     /**
        at RadioButtonPage.selectElement (C:\Users\S.M Wazid Ullah\Documents\Projects\WAZID-ULLAH-PLAYWRIGHT-467\pages\base\BasePage.ts:44:23)
        at RadioButtonPage.selectYesOption (C:\Users\S.M Wazid Ullah\Documents\Projects\WAZID-ULLAH-PLAYWRIGHT-467\pages\RadioButtonPage.ts:24:20)
        at C:\Users\S.M Wazid Ullah\Documents\Projects\WAZID-ULLAH-PLAYWRIGHT-467\tests\elements\radioButton.spec.ts:9:31

    Error Context: test-results\elements-radioButton-Radio-3e317-uld-select-yes-radio-button-webkit\error-context.md


[1A[2K[220/267] [webkit] ΓÇ║ tests\elements\radioButton.spec.ts:37:9 ΓÇ║ RadioButton Tests ΓÇ║ should change selection from one radio button to another
[1A[2K  181) [webkit] ΓÇ║ tests\elements\radioButton.spec.ts:15:9 ΓÇ║ RadioButton Tests ΓÇ║ should select impressive radio button 

    [31mTest timeout of 30000ms exceeded.[39m

    Error: locator.click: Test timeout of 30000ms exceeded.
    Call log:
    [2m  - waiting for locator('label').filter({ hasText: 'Impressive' })[22m


       at ..\pages\base\BasePage.ts:44

      42 |      */
      43 |     async selectElement(locator: Locator) {
    > 44 |         await locator.click();
         |                       ^
      45 |     }
      46 |
      47 |     /**
        at RadioButtonPage.selectElement (C:\Users\S.M Wazid Ullah\Documents\Projects\WAZID-ULLAH-PLAYWRIGHT-467\pages\base\BasePage.ts:44:23)
        at RadioButtonPage.selectImpressiveOption (C:\Users\S.M Wazid Ullah\Documents\Projects\WAZID-ULLAH-PLAYWRIGHT-467\pages\RadioButtonPage.ts:28:20)
        at C:\Users\S.M Wazid Ullah\Documents\Projects\WAZID-ULLAH-PLAYWRIGHT-467\tests\elements\radioButton.spec.ts:16:31

    Error Context: test-results\elements-radioButton-Radio-50010-ect-impressive-radio-button-webkit\error-context.md


[1A[2K[221/267] [webkit] ΓÇ║ tests\elements\textBox.spec.ts:9:9 ΓÇ║ TextBox Tests ΓÇ║ should fill textbox with valid data and verify output
[1A[2K  182) [webkit] ΓÇ║ tests\elements\radioButton.spec.ts:22:9 ΓÇ║ RadioButton Tests ΓÇ║ should not be able to select no option 

    [31mTest timeout of 30000ms exceeded.[39m

    Error: locator.isEnabled: Test timeout of 30000ms exceeded.
    Call log:
    [2m  - waiting for locator('label').filter({ hasText: 'No' }).locator('input[type="radio"]')[22m


       at ..\pages\base\BasePage.ts:86

      84 |      */
      85 |     async isElementEnabled(locator: Locator): Promise<boolean> {
    > 86 |         return await locator.isEnabled();
         |                              ^
      87 |     }
      88 |
      89 |     /**
        at RadioButtonPage.isElementEnabled (C:\Users\S.M Wazid Ullah\Documents\Projects\WAZID-ULLAH-PLAYWRIGHT-467\pages\base\BasePage.ts:86:30)
        at RadioButtonPage.isNoOptionDisabled (C:\Users\S.M Wazid Ullah\Documents\Projects\WAZID-ULLAH-PLAYWRIGHT-467\pages\RadioButtonPage.ts:47:29)
        at C:\Users\S.M Wazid Ullah\Documents\Projects\WAZID-ULLAH-PLAYWRIGHT-467\tests\elements\radioButton.spec.ts:23:50

    Error Context: test-results\elements-radioButton-Radio-0efcf-be-able-to-select-no-option-webkit\error-context.md


[1A[2K[222/267] [webkit] ΓÇ║ tests\elements\textBox.spec.ts:25:9 ΓÇ║ TextBox Tests ΓÇ║ should fill only required fields and submit
[1A[2K  183) [webkit] ΓÇ║ tests\elements\radioButton.spec.ts:27:9 ΓÇ║ RadioButton Tests ΓÇ║ should verify radio button selection with different values 

    [31mTest timeout of 30000ms exceeded.[39m

    Error: locator.click: Test timeout of 30000ms exceeded.
    Call log:
    [2m  - waiting for locator('label:has-text("Yes")')[22m


       at ..\pages\base\BasePage.ts:44

      42 |      */
      43 |     async selectElement(locator: Locator) {
    > 44 |         await locator.click();
         |                       ^
      45 |     }
      46 |
      47 |     /**
        at RadioButtonPage.selectElement (C:\Users\S.M Wazid Ullah\Documents\Projects\WAZID-ULLAH-PLAYWRIGHT-467\pages\base\BasePage.ts:44:23)
        at RadioButtonPage.selectRadioByValue (C:\Users\S.M Wazid Ullah\Documents\Projects\WAZID-ULLAH-PLAYWRIGHT-467\pages\RadioButtonPage.ts:37:20)
        at C:\Users\S.M Wazid Ullah\Documents\Projects\WAZID-ULLAH-PLAYWRIGHT-467\tests\elements\radioButton.spec.ts:31:35

    Error Context: test-results\elements-radioButton-Radio-1acd0-ction-with-different-values-webkit\error-context.md


[1A[2K[223/267] [webkit] ΓÇ║ tests\elements\textBox.spec.ts:36:9 ΓÇ║ TextBox Tests ΓÇ║ should verify multiple text inputs filling
[1A[2K  184) [webkit] ΓÇ║ tests\elements\textBox.spec.ts:36:9 ΓÇ║ TextBox Tests ΓÇ║ should verify multiple text inputs filling 

    TypeError: textBoxPage.fillFirstName is not a function

      38 |         const user = testData.user1;
      39 |
    > 40 |         await textBoxPage.fillFullName(user.firstName);
         |                           ^
      41 |         await textBoxPage.fillEmail(user.email);
      42 |         await textBoxPage.fillCurrentAddress(user.address);
      43 |
        at C:\Users\S.M Wazid Ullah\Documents\Projects\WAZID-ULLAH-PLAYWRIGHT-467\tests\elements\textBox.spec.ts:40:27

    Error Context: test-results\elements-textBox-TextBox-T-f005c-ultiple-text-inputs-filling-webkit\error-context.md


[1A[2K  185) [webkit] ΓÇ║ tests\elements\radioButton.spec.ts:37:9 ΓÇ║ RadioButton Tests ΓÇ║ should change selection from one radio button to another 

    [31mTest timeout of 30000ms exceeded.[39m

    Error: locator.click: Test timeout of 30000ms exceeded.
    Call log:
    [2m  - waiting for locator('label').filter({ hasText: 'Yes' })[22m


       at ..\pages\base\BasePage.ts:44

      42 |      */
      43 |     async selectElement(locator: Locator) {
    > 44 |         await locator.click();
         |                       ^
      45 |     }
      46 |
      47 |     /**
        at RadioButtonPage.selectElement (C:\Users\S.M Wazid Ullah\Documents\Projects\WAZID-ULLAH-PLAYWRIGHT-467\pages\base\BasePage.ts:44:23)
        at RadioButtonPage.selectYesOption (C:\Users\S.M Wazid Ullah\Documents\Projects\WAZID-ULLAH-PLAYWRIGHT-467\pages\RadioButtonPage.ts:24:20)
        at C:\Users\S.M Wazid Ullah\Documents\Projects\WAZID-ULLAH-PLAYWRIGHT-467\tests\elements\radioButton.spec.ts:38:31

    Error Context: test-results\elements-radioButton-Radio-cae06-one-radio-button-to-another-webkit\error-context.md


[1A[2K[224/267] [webkit] ΓÇ║ tests\elements\textBox.spec.ts:48:9 ΓÇ║ TextBox Tests ΓÇ║ should clear and re-enter text in textbox
[1A[2K[225/267] [webkit] ΓÇ║ tests\elements\textBox.spec.ts:60:9 ΓÇ║ TextBox Tests ΓÇ║ should verify email field validation with special characters
[1A[2K  186) [webkit] ΓÇ║ tests\elements\textBox.spec.ts:9:9 ΓÇ║ TextBox Tests ΓÇ║ should fill textbox with valid data and verify output 

    [31mTest timeout of 30000ms exceeded.[39m

    Error: locator.fill: Test timeout of 30000ms exceeded.
    Call log:
    [2m  - waiting for locator('#fullName')[22m


       at ..\pages\base\BasePage.ts:51

      49 |      */
      50 |     async enterText(locator: Locator, text: string) {
    > 51 |         await locator.fill(text);
         |                       ^
      52 |     }
      53 |
      54 |     /**
        at TextBoxPage.enterText (C:\Users\S.M Wazid Ullah\Documents\Projects\WAZID-ULLAH-PLAYWRIGHT-467\pages\base\BasePage.ts:51:23)
        at TextBoxPage.fillFullName (C:\Users\S.M Wazid Ullah\Documents\Projects\WAZID-ULLAH-PLAYWRIGHT-467\pages\TextBoxPage.ts:36:20)
        at TextBoxPage.fillAndSubmitForm (C:\Users\S.M Wazid Ullah\Documents\Projects\WAZID-ULLAH-PLAYWRIGHT-467\pages\TextBoxPage.ts:56:20)
        at C:\Users\S.M Wazid Ullah\Documents\Projects\WAZID-ULLAH-PLAYWRIGHT-467\tests\elements\textBox.spec.ts:15:27

    Error Context: test-results\elements-textBox-TextBox-T-c6338-alid-data-and-verify-output-webkit\error-context.md


[1A[2K[226/267] [webkit] ΓÇ║ tests\elements\uploadDownload.spec.ts:10:9 ΓÇ║ Upload and Download Tests ΓÇ║ should download file
[1A[2K  187) [webkit] ΓÇ║ tests\elements\textBox.spec.ts:25:9 ΓÇ║ TextBox Tests ΓÇ║ should fill only required fields and submit 

    [31mTest timeout of 30000ms exceeded.[39m

    Error: locator.fill: Test timeout of 30000ms exceeded.
    Call log:
    [2m  - waiting for locator('#fullName')[22m


       at ..\pages\base\BasePage.ts:51

      49 |      */
      50 |     async enterText(locator: Locator, text: string) {
    > 51 |         await locator.fill(text);
         |                       ^
      52 |     }
      53 |
      54 |     /**
        at TextBoxPage.enterText (C:\Users\S.M Wazid Ullah\Documents\Projects\WAZID-ULLAH-PLAYWRIGHT-467\pages\base\BasePage.ts:51:23)
        at TextBoxPage.fillFullName (C:\Users\S.M Wazid Ullah\Documents\Projects\WAZID-ULLAH-PLAYWRIGHT-467\pages\TextBoxPage.ts:36:20)
        at C:\Users\S.M Wazid Ullah\Documents\Projects\WAZID-ULLAH-PLAYWRIGHT-467\tests\elements\textBox.spec.ts:29:27

    Error Context: test-results\elements-textBox-TextBox-T-3619a--required-fields-and-submit-webkit\error-context.md


[1A[2K[227/267] [webkit] ΓÇ║ tests\elements\uploadDownload.spec.ts:16:9 ΓÇ║ Upload and Download Tests ΓÇ║ should upload file
[1A[2K  188) [webkit] ΓÇ║ tests\elements\textBox.spec.ts:48:9 ΓÇ║ TextBox Tests ΓÇ║ should clear and re-enter text in textbox 

    [31mTest timeout of 30000ms exceeded.[39m

    Error: locator.fill: Test timeout of 30000ms exceeded.
    Call log:
    [2m  - waiting for locator('#fullName')[22m


       at ..\pages\base\BasePage.ts:51

      49 |      */
      50 |     async enterText(locator: Locator, text: string) {
    > 51 |         await locator.fill(text);
         |                       ^
      52 |     }
      53 |
      54 |     /**
        at TextBoxPage.enterText (C:\Users\S.M Wazid Ullah\Documents\Projects\WAZID-ULLAH-PLAYWRIGHT-467\pages\base\BasePage.ts:51:23)
        at TextBoxPage.fillFullName (C:\Users\S.M Wazid Ullah\Documents\Projects\WAZID-ULLAH-PLAYWRIGHT-467\pages\TextBoxPage.ts:36:20)
        at C:\Users\S.M Wazid Ullah\Documents\Projects\WAZID-ULLAH-PLAYWRIGHT-467\tests\elements\textBox.spec.ts:52:27

    Error Context: test-results\elements-textBox-TextBox-T-3a92f-nd-re-enter-text-in-textbox-webkit\error-context.md


[1A[2K  189) [webkit] ΓÇ║ tests\elements\textBox.spec.ts:60:9 ΓÇ║ TextBox Tests ΓÇ║ should verify email field validation with special characters 

    [31mTest timeout of 30000ms exceeded.[39m

    Error: locator.fill: Test timeout of 30000ms exceeded.
    Call log:
    [2m  - waiting for locator('#userEmail')[22m


       at ..\pages\base\BasePage.ts:51

      49 |      */
      50 |     async enterText(locator: Locator, text: string) {
    > 51 |         await locator.fill(text);
         |                       ^
      52 |     }
      53 |
      54 |     /**
        at TextBoxPage.enterText (C:\Users\S.M Wazid Ullah\Documents\Projects\WAZID-ULLAH-PLAYWRIGHT-467\pages\base\BasePage.ts:51:23)
        at TextBoxPage.fillEmail (C:\Users\S.M Wazid Ullah\Documents\Projects\WAZID-ULLAH-PLAYWRIGHT-467\pages\TextBoxPage.ts:40:20)
        at C:\Users\S.M Wazid Ullah\Documents\Projects\WAZID-ULLAH-PLAYWRIGHT-467\tests\elements\textBox.spec.ts:63:27

    Error Context: test-results\elements-textBox-TextBox-T-9c228-ion-with-special-characters-webkit\error-context.md


[1A[2K[228/267] [webkit] ΓÇ║ tests\elements\uploadDownload.spec.ts:28:9 ΓÇ║ Upload and Download Tests ΓÇ║ should verify uploaded file path in display
[1A[2K[229/267] [webkit] ΓÇ║ tests\elements\webTables.spec.ts:9:9 ΓÇ║ WebTables Tests ΓÇ║ should verify web table is visible
[1A[2K  190) [webkit] ΓÇ║ tests\elements\uploadDownload.spec.ts:10:9 ΓÇ║ Upload and Download Tests ΓÇ║ should download file 

    [31mTest timeout of 30000ms exceeded.[39m

    Error: page.waitForEvent: Test timeout of 30000ms exceeded.
    =========================== logs ===========================
    waiting for event "download"
    ============================================================

       at ..\pages\UploadDownloadPage.ts:23

      21 |     async clickDownloadButton() {
      22 |         // Handle file download
    > 23 |         const downloadPromise = this.page.waitForEvent('download');
         |                                           ^
      24 |         await this.selectElement(this.downloadButton);
      25 |         const download = await downloadPromise;
      26 |         return download;
        at UploadDownloadPage.clickDownloadButton (C:\Users\S.M Wazid Ullah\Documents\Projects\WAZID-ULLAH-PLAYWRIGHT-467\pages\UploadDownloadPage.ts:23:43)
        at C:\Users\S.M Wazid Ullah\Documents\Projects\WAZID-ULLAH-PLAYWRIGHT-467\tests\elements\uploadDownload.spec.ts:11:51

    Error: locator.click: Test timeout of 30000ms exceeded.
    Call log:
    [2m  - waiting for locator('#downloadButton')[22m


       at ..\pages\base\BasePage.ts:44

      42 |      */
      43 |     async selectElement(locator: Locator) {
    > 44 |         await locator.click();
         |                       ^
      45 |     }
      46 |
      47 |     /**
        at UploadDownloadPage.selectElement (C:\Users\S.M Wazid Ullah\Documents\Projects\WAZID-ULLAH-PLAYWRIGHT-467\pages\base\BasePage.ts:44:23)
        at UploadDownloadPage.clickDownloadButton (C:\Users\S.M Wazid Ullah\Documents\Projects\WAZID-ULLAH-PLAYWRIGHT-467\pages\UploadDownloadPage.ts:24:20)
        at C:\Users\S.M Wazid Ullah\Documents\Projects\WAZID-ULLAH-PLAYWRIGHT-467\tests\elements\uploadDownload.spec.ts:11:51

    Error Context: test-results\elements-uploadDownload-Up-044d8--Tests-should-download-file-webkit\error-context.md


[1A[2K  191) [webkit] ΓÇ║ tests\elements\webTables.spec.ts:9:9 ΓÇ║ WebTables Tests ΓÇ║ should verify web table is visible 

    Error: [2mexpect([22m[31mreceived[39m[2m).[22mtoBeTruthy[2m()[22m

    Received: [31mfalse[39m

       9 |     test('should verify web table is visible', async ({ webTablesPage }) => {
      10 |         const isTableVisible = await webTablesPage.isTableVisible();
    > 11 |         expect(isTableVisible).toBeTruthy();
         |                                ^
      12 |     });
      13 |
      14 |     test('should add new record to table', async ({ webTablesPage }) => {
        at C:\Users\S.M Wazid Ullah\Documents\Projects\WAZID-ULLAH-PLAYWRIGHT-467\tests\elements\webTables.spec.ts:11:32

    Error Context: test-results\elements-webTables-WebTabl-18192-verify-web-table-is-visible-webkit\error-context.md


[1A[2K[230/267] [webkit] ΓÇ║ tests\elements\webTables.spec.ts:14:9 ΓÇ║ WebTables Tests ΓÇ║ should add new record to table
[1A[2K[231/267] [webkit] ΓÇ║ tests\elements\webTables.spec.ts:33:9 ΓÇ║ WebTables Tests ΓÇ║ should search for record in table
[1A[2K  192) [webkit] ΓÇ║ tests\elements\uploadDownload.spec.ts:16:9 ΓÇ║ Upload and Download Tests ΓÇ║ should upload file 

    [31mTest timeout of 30000ms exceeded.[39m

    Error: locator.setInputFiles: Test timeout of 30000ms exceeded.
    Call log:
    [2m  - waiting for locator('#uploadFile')[22m


       at ..\pages\UploadDownloadPage.ts:30

      28 |
      29 |     async uploadFile(filePath: string) {
    > 30 |         await this.uploadInput.setInputFiles(filePath);
         |         ^
      31 |     }
      32 |
      33 |     async getUploadedFilePath(): Promise<string> {
        at UploadDownloadPage.uploadFile (C:\Users\S.M Wazid Ullah\Documents\Projects\WAZID-ULLAH-PLAYWRIGHT-467\pages\UploadDownloadPage.ts:30:9)
        at C:\Users\S.M Wazid Ullah\Documents\Projects\WAZID-ULLAH-PLAYWRIGHT-467\tests\elements\uploadDownload.spec.ts:19:9

    Error Context: test-results\elements-uploadDownload-Up-9b89f-ad-Tests-should-upload-file-webkit\error-context.md


[1A[2K[232/267] [webkit] ΓÇ║ tests\elements\webTables.spec.ts:41:9 ΓÇ║ WebTables Tests ΓÇ║ should edit first record in table
[1A[2K  193) [webkit] ΓÇ║ tests\elements\uploadDownload.spec.ts:28:9 ΓÇ║ Upload and Download Tests ΓÇ║ should verify uploaded file path in display 

    [31mTest timeout of 30000ms exceeded.[39m

    Error: locator.setInputFiles: Test timeout of 30000ms exceeded.
    Call log:
    [2m  - waiting for locator('#uploadFile')[22m


       at ..\pages\UploadDownloadPage.ts:30

      28 |
      29 |     async uploadFile(filePath: string) {
    > 30 |         await this.uploadInput.setInputFiles(filePath);
         |         ^
      31 |     }
      32 |
      33 |     async getUploadedFilePath(): Promise<string> {
        at UploadDownloadPage.uploadFile (C:\Users\S.M Wazid Ullah\Documents\Projects\WAZID-ULLAH-PLAYWRIGHT-467\pages\UploadDownloadPage.ts:30:9)
        at C:\Users\S.M Wazid Ullah\Documents\Projects\WAZID-ULLAH-PLAYWRIGHT-467\tests\elements\uploadDownload.spec.ts:36:9

    Error Context: test-results\elements-uploadDownload-Up-74fda-loaded-file-path-in-display-webkit\error-context.md


[1A[2K[233/267] [webkit] ΓÇ║ tests\elements\webTables.spec.ts:49:9 ΓÇ║ WebTables Tests ΓÇ║ should delete record from table
[1A[2K  194) [webkit] ΓÇ║ tests\elements\webTables.spec.ts:14:9 ΓÇ║ WebTables Tests ΓÇ║ should add new record to table 

    [31mTest timeout of 30000ms exceeded.[39m

    Error: locator.click: Test timeout of 30000ms exceeded.
    Call log:
    [2m  - waiting for locator('#addNewRecordButton')[22m


       at ..\pages\base\BasePage.ts:44

      42 |      */
      43 |     async selectElement(locator: Locator) {
    > 44 |         await locator.click();
         |                       ^
      45 |     }
      46 |
      47 |     /**
        at WebTablesPage.selectElement (C:\Users\S.M Wazid Ullah\Documents\Projects\WAZID-ULLAH-PLAYWRIGHT-467\pages\base\BasePage.ts:44:23)
        at WebTablesPage.clickAddNewButton (C:\Users\S.M Wazid Ullah\Documents\Projects\WAZID-ULLAH-PLAYWRIGHT-467\pages\WebTablesPage.ts:40:20)
        at WebTablesPage.addNewRecord (C:\Users\S.M Wazid Ullah\Documents\Projects\WAZID-ULLAH-PLAYWRIGHT-467\pages\WebTablesPage.ts:57:20)
        at C:\Users\S.M Wazid Ullah\Documents\Projects\WAZID-ULLAH-PLAYWRIGHT-467\tests\elements\webTables.spec.ts:18:29

    Error Context: test-results\elements-webTables-WebTabl-02c68-uld-add-new-record-to-table-webkit\error-context.md


[1A[2K  195) [webkit] ΓÇ║ tests\elements\webTables.spec.ts:33:9 ΓÇ║ WebTables Tests ΓÇ║ should search for record in table 

    [31mTest timeout of 30000ms exceeded.[39m

    Error: locator.fill: Test timeout of 30000ms exceeded.
    Call log:
    [2m  - waiting for locator('#searchBox')[22m


       at ..\pages\base\BasePage.ts:51

      49 |      */
      50 |     async enterText(locator: Locator, text: string) {
    > 51 |         await locator.fill(text);
         |                       ^
      52 |     }
      53 |
      54 |     /**
        at WebTablesPage.enterText (C:\Users\S.M Wazid Ullah\Documents\Projects\WAZID-ULLAH-PLAYWRIGHT-467\pages\base\BasePage.ts:51:23)
        at WebTablesPage.searchRecord (C:\Users\S.M Wazid Ullah\Documents\Projects\WAZID-ULLAH-PLAYWRIGHT-467\pages\WebTablesPage.ts:63:20)
        at C:\Users\S.M Wazid Ullah\Documents\Projects\WAZID-ULLAH-PLAYWRIGHT-467\tests\elements\webTables.spec.ts:35:29

    Error Context: test-results\elements-webTables-WebTabl-01293--search-for-record-in-table-webkit\error-context.md


[1A[2K[234/267] [webkit] ΓÇ║ tests\elements\webTables.spec.ts:61:9 ΓÇ║ WebTables Tests ΓÇ║ should change table rows per page
[1A[2K[235/267] [webkit] ΓÇ║ tests\forms\practiceForm.spec.ts:9:9 ΓÇ║ Practice Form Tests ΓÇ║ should fill complete form with all fields
[1A[2K  196) [webkit] ΓÇ║ tests\elements\webTables.spec.ts:41:9 ΓÇ║ WebTables Tests ΓÇ║ should edit first record in table 

    [31mTest timeout of 30000ms exceeded.[39m

    Error: locator.click: Test timeout of 30000ms exceeded.
    Call log:
    [2m  - waiting for locator('span[title="Edit"]').first()[22m


       at ..\pages\base\BasePage.ts:44

      42 |      */
      43 |     async selectElement(locator: Locator) {
    > 44 |         await locator.click();
         |                       ^
      45 |     }
      46 |
      47 |     /**
        at WebTablesPage.selectElement (C:\Users\S.M Wazid Ullah\Documents\Projects\WAZID-ULLAH-PLAYWRIGHT-467\pages\base\BasePage.ts:44:23)
        at WebTablesPage.editRecord (C:\Users\S.M Wazid Ullah\Documents\Projects\WAZID-ULLAH-PLAYWRIGHT-467\pages\WebTablesPage.ts:72:20)
        at C:\Users\S.M Wazid Ullah\Documents\Projects\WAZID-ULLAH-PLAYWRIGHT-467\tests\elements\webTables.spec.ts:42:29

    Error Context: test-results\elements-webTables-WebTabl-6f5da--edit-first-record-in-table-webkit\error-context.md


[1A[2K[236/267] [webkit] ΓÇ║ tests\forms\practiceForm.spec.ts:30:9 ΓÇ║ Practice Form Tests ΓÇ║ should fill form with male gender
[1A[2K  197) [webkit] ΓÇ║ tests\elements\webTables.spec.ts:49:9 ΓÇ║ WebTables Tests ΓÇ║ should delete record from table 

    [31mTest timeout of 30000ms exceeded.[39m

    Error: locator.click: Test timeout of 30000ms exceeded.
    Call log:
    [2m  - waiting for locator('span[title="Delete"]').first()[22m


       at ..\pages\base\BasePage.ts:44

      42 |      */
      43 |     async selectElement(locator: Locator) {
    > 44 |         await locator.click();
         |                       ^
      45 |     }
      46 |
      47 |     /**
        at WebTablesPage.selectElement (C:\Users\S.M Wazid Ullah\Documents\Projects\WAZID-ULLAH-PLAYWRIGHT-467\pages\base\BasePage.ts:44:23)
        at WebTablesPage.deleteRecord (C:\Users\S.M Wazid Ullah\Documents\Projects\WAZID-ULLAH-PLAYWRIGHT-467\pages\WebTablesPage.ts:77:20)
        at C:\Users\S.M Wazid Ullah\Documents\Projects\WAZID-ULLAH-PLAYWRIGHT-467\tests\elements\webTables.spec.ts:52:29

    Error Context: test-results\elements-webTables-WebTabl-56bc6-ld-delete-record-from-table-webkit\error-context.md


[1A[2K[237/267] [webkit] ΓÇ║ tests\forms\practiceForm.spec.ts:46:9 ΓÇ║ Practice Form Tests ΓÇ║ should fill form with female gender
[1A[2K  198) [webkit] ΓÇ║ tests\elements\webTables.spec.ts:61:9 ΓÇ║ WebTables Tests ΓÇ║ should change table rows per page 

    [31mTest timeout of 30000ms exceeded.[39m

    Error: locator.selectOption: Test timeout of 30000ms exceeded.
    Call log:
    [2m  - waiting for locator('select.-pageSize')[22m


      61 |     test('should change table rows per page', async ({ webTablesPage }) => {
      62 |         const rowsPerPageSelect = webTablesPage.page.locator('select.-pageSize');
    > 63 |         await rowsPerPageSelect.selectOption('10');
         |                                 ^
      64 |         
      65 |         const selectedValue = await rowsPerPageSelect.inputValue();
      66 |         expect(selectedValue).toBe('10');
        at C:\Users\S.M Wazid Ullah\Documents\Projects\WAZID-ULLAH-PLAYWRIGHT-467\tests\elements\webTables.spec.ts:63:33

    Error Context: test-results\elements-webTables-WebTabl-58616--change-table-rows-per-page-webkit\error-context.md


[1A[2K  199) [webkit] ΓÇ║ tests\forms\practiceForm.spec.ts:9:9 ΓÇ║ Practice Form Tests ΓÇ║ should fill complete form with all fields 

    [31mTest timeout of 30000ms exceeded.[39m

    Error: locator.fill: Test timeout of 30000ms exceeded.
    Call log:
    [2m  - waiting for locator('#firstName')[22m


       at ..\pages\base\BasePage.ts:51

      49 |      */
      50 |     async enterText(locator: Locator, text: string) {
    > 51 |         await locator.fill(text);
         |                       ^
      52 |     }
      53 |
      54 |     /**
        at PracticeFormPage.enterText (C:\Users\S.M Wazid Ullah\Documents\Projects\WAZID-ULLAH-PLAYWRIGHT-467\pages\base\BasePage.ts:51:23)
        at PracticeFormPage.fillFirstName (C:\Users\S.M Wazid Ullah\Documents\Projects\WAZID-ULLAH-PLAYWRIGHT-467\pages\PracticeFormPage.ts:50:20)
        at C:\Users\S.M Wazid Ullah\Documents\Projects\WAZID-ULLAH-PLAYWRIGHT-467\tests\forms\practiceForm.spec.ts:13:32

    Error Context: test-results\forms-practiceForm-Practic-d32eb-mplete-form-with-all-fields-webkit\error-context.md


[1A[2K[238/267] [webkit] ΓÇ║ tests\forms\practiceForm.spec.ts:62:9 ΓÇ║ Practice Form Tests ΓÇ║ should fill form with multiple hobbies
[1A[2K[239/267] [webkit] ΓÇ║ tests\forms\practiceForm.spec.ts:83:9 ΓÇ║ Practice Form Tests ΓÇ║ should verify form validation with empty fields
[1A[2K  200) [webkit] ΓÇ║ tests\forms\practiceForm.spec.ts:30:9 ΓÇ║ Practice Form Tests ΓÇ║ should fill form with male gender 

    [31mTest timeout of 30000ms exceeded.[39m

    Error: locator.fill: Test timeout of 30000ms exceeded.
    Call log:
    [2m  - waiting for locator('#firstName')[22m


       at ..\pages\base\BasePage.ts:51

      49 |      */
      50 |     async enterText(locator: Locator, text: string) {
    > 51 |         await locator.fill(text);
         |                       ^
      52 |     }
      53 |
      54 |     /**
        at PracticeFormPage.enterText (C:\Users\S.M Wazid Ullah\Documents\Projects\WAZID-ULLAH-PLAYWRIGHT-467\pages\base\BasePage.ts:51:23)
        at PracticeFormPage.fillFirstName (C:\Users\S.M Wazid Ullah\Documents\Projects\WAZID-ULLAH-PLAYWRIGHT-467\pages\PracticeFormPage.ts:50:20)
        at C:\Users\S.M Wazid Ullah\Documents\Projects\WAZID-ULLAH-PLAYWRIGHT-467\tests\forms\practiceForm.spec.ts:34:32

    Error Context: test-results\forms-practiceForm-Practic-bbbb2--fill-form-with-male-gender-webkit\error-context.md


[1A[2K[240/267] [webkit] ΓÇ║ tests\forms\practiceForm.spec.ts:91:9 ΓÇ║ Practice Form Tests ΓÇ║ should clear and update form fields
[1A[2K  201) [webkit] ΓÇ║ tests\forms\practiceForm.spec.ts:46:9 ΓÇ║ Practice Form Tests ΓÇ║ should fill form with female gender 

    [31mTest timeout of 30000ms exceeded.[39m

    Error: locator.fill: Test timeout of 30000ms exceeded.
    Call log:
    [2m  - waiting for locator('#firstName')[22m


       at ..\pages\base\BasePage.ts:51

      49 |      */
      50 |     async enterText(locator: Locator, text: string) {
    > 51 |         await locator.fill(text);
         |                       ^
      52 |     }
      53 |
      54 |     /**
        at PracticeFormPage.enterText (C:\Users\S.M Wazid Ullah\Documents\Projects\WAZID-ULLAH-PLAYWRIGHT-467\pages\base\BasePage.ts:51:23)
        at PracticeFormPage.fillFirstName (C:\Users\S.M Wazid Ullah\Documents\Projects\WAZID-ULLAH-PLAYWRIGHT-467\pages\PracticeFormPage.ts:50:20)
        at C:\Users\S.M Wazid Ullah\Documents\Projects\WAZID-ULLAH-PLAYWRIGHT-467\tests\forms\practiceForm.spec.ts:50:32

    Error Context: test-results\forms-practiceForm-Practic-ce5d8-ill-form-with-female-gender-webkit\error-context.md


[1A[2K[241/267] [webkit] ΓÇ║ tests\HomePage.spec.ts:6:7 ΓÇ║ HomePage Tests ΓÇ║ verify homepage and  all cards
[1A[2K  202) [webkit] ΓÇ║ tests\forms\practiceForm.spec.ts:62:9 ΓÇ║ Practice Form Tests ΓÇ║ should fill form with multiple hobbies 

    [31mTest timeout of 30000ms exceeded.[39m

    Error: locator.fill: Test timeout of 30000ms exceeded.
    Call log:
    [2m  - waiting for locator('#firstName')[22m


       at ..\pages\base\BasePage.ts:51

      49 |      */
      50 |     async enterText(locator: Locator, text: string) {
    > 51 |         await locator.fill(text);
         |                       ^
      52 |     }
      53 |
      54 |     /**
        at PracticeFormPage.enterText (C:\Users\S.M Wazid Ullah\Documents\Projects\WAZID-ULLAH-PLAYWRIGHT-467\pages\base\BasePage.ts:51:23)
        at PracticeFormPage.fillFirstName (C:\Users\S.M Wazid Ullah\Documents\Projects\WAZID-ULLAH-PLAYWRIGHT-467\pages\PracticeFormPage.ts:50:20)
        at C:\Users\S.M Wazid Ullah\Documents\Projects\WAZID-ULLAH-PLAYWRIGHT-467\tests\forms\practiceForm.spec.ts:66:32

    Error Context: test-results\forms-practiceForm-Practic-9e71b--form-with-multiple-hobbies-webkit\error-context.md


[1A[2K  203) [webkit] ΓÇ║ tests\forms\practiceForm.spec.ts:83:9 ΓÇ║ Practice Form Tests ΓÇ║ should verify form validation with empty fields 

    [31mTest timeout of 30000ms exceeded.[39m

    Error: locator.click: Test timeout of 30000ms exceeded.
    Call log:
    [2m  - waiting for locator('#submit')[22m


       at ..\pages\base\BasePage.ts:44

      42 |      */
      43 |     async selectElement(locator: Locator) {
    > 44 |         await locator.click();
         |                       ^
      45 |     }
      46 |
      47 |     /**
        at PracticeFormPage.selectElement (C:\Users\S.M Wazid Ullah\Documents\Projects\WAZID-ULLAH-PLAYWRIGHT-467\pages\base\BasePage.ts:44:23)
        at PracticeFormPage.submitForm (C:\Users\S.M Wazid Ullah\Documents\Projects\WAZID-ULLAH-PLAYWRIGHT-467\pages\PracticeFormPage.ts:106:20)
        at C:\Users\S.M Wazid Ullah\Documents\Projects\WAZID-ULLAH-PLAYWRIGHT-467\tests\forms\practiceForm.spec.ts:84:32

    Error Context: test-results\forms-practiceForm-Practic-bde0a-alidation-with-empty-fields-webkit\error-context.md


[1A[2K[242/267] [webkit] ΓÇ║ tests\HomePage.spec.ts:19:7 ΓÇ║ HomePage Tests ΓÇ║ verify Elements section
[1A[2K[243/267] [webkit] ΓÇ║ tests\HomePage.spec.ts:27:7 ΓÇ║ HomePage Tests ΓÇ║ verify Forms section
[1A[2K  204) [webkit] ΓÇ║ tests\HomePage.spec.ts:6:7 ΓÇ║ HomePage Tests ΓÇ║ verify homepage and  all cards ΓöÇΓöÇΓöÇΓöÇΓöÇ

    Error: [2mexpect([22m[31mpage[39m[2m).[22mtoHaveTitle[2m([22m[32mexpected[39m[2m)[22m failed

    Expected pattern: [32m/DEMOQA/[39m
    Received string:  [31m"demosite"[39m
    Timeout: 5000ms

    Call log:
    [2m  - Expect "toHaveTitle" with timeout 5000ms[22m
    [2m    9 ├ù unexpected value "demosite"[22m


       8 |     await homePage.navigateTo();
       9 |     
    > 10 |     await expect(page).toHaveTitle(/DEMOQA/);
         |                        ^
      11 |     await homePage.verifyElementsVisible();
      12 |     await homePage.verifyFormsVisible();
      13 |     await homePage.verifyAlertsVisible();
        at C:\Users\S.M Wazid Ullah\Documents\Projects\WAZID-ULLAH-PLAYWRIGHT-467\tests\HomePage.spec.ts:10:24

    Error Context: test-results\HomePage-HomePage-Tests-verify-homepage-and-all-cards-webkit\error-context.md


[1A[2K[244/267] [webkit] ΓÇ║ tests\interactions\dragAndDrop.spec.ts:8:9 ΓÇ║ Drag and Drop Tests ΓÇ║ should drag element and drop it
[1A[2K[245/267] [webkit] ΓÇ║ tests\interactions\dragAndDrop.spec.ts:15:9 ΓÇ║ Drag and Drop Tests ΓÇ║ should verify drag and drop message text
[1A[2K[246/267] [webkit] ΓÇ║ tests\HomePage.spec.ts:35:7 ΓÇ║ HomePage Tests ΓÇ║ verify Alerts section
[1A[2K[247/267] [webkit] ΓÇ║ tests\interactions\dragAndDrop.spec.ts:22:9 ΓÇ║ Drag and Drop Tests ΓÇ║ should enter correct drag and drop behavior
[1A[2K  205) [webkit] ΓÇ║ tests\forms\practiceForm.spec.ts:91:9 ΓÇ║ Practice Form Tests ΓÇ║ should clear and update form fields 

    [31mTest timeout of 30000ms exceeded.[39m

    Error: locator.fill: Test timeout of 30000ms exceeded.
    Call log:
    [2m  - waiting for locator('#firstName')[22m


       at ..\pages\base\BasePage.ts:51

      49 |      */
      50 |     async enterText(locator: Locator, text: string) {
    > 51 |         await locator.fill(text);
         |                       ^
      52 |     }
      53 |
      54 |     /**
        at PracticeFormPage.enterText (C:\Users\S.M Wazid Ullah\Documents\Projects\WAZID-ULLAH-PLAYWRIGHT-467\pages\base\BasePage.ts:51:23)
        at PracticeFormPage.fillFirstName (C:\Users\S.M Wazid Ullah\Documents\Projects\WAZID-ULLAH-PLAYWRIGHT-467\pages\PracticeFormPage.ts:50:20)
        at C:\Users\S.M Wazid Ullah\Documents\Projects\WAZID-ULLAH-PLAYWRIGHT-467\tests\forms\practiceForm.spec.ts:95:32

    Error Context: test-results\forms-practiceForm-Practic-0275c-lear-and-update-form-fields-webkit\error-context.md


[1A[2K[248/267] [webkit] ΓÇ║ tests\interactions\dragAndDrop.spec.ts:37:9 ΓÇ║ Sortable Tests ΓÇ║ should sort items
[1A[2K  206) [webkit] ΓÇ║ tests\interactions\dragAndDrop.spec.ts:8:9 ΓÇ║ Drag and Drop Tests ΓÇ║ should drag element and drop it 

    [31mTest timeout of 30000ms exceeded.[39m

    Error: locator.dragTo: Test timeout of 30000ms exceeded.
    Call log:
    [2m  - waiting for locator('#draggable')[22m


       at ..\pages\InteractionsPage.ts:42

      40 |
      41 |     async dragAndDrop(sourceElement: Locator, targetElement: Locator) {
    > 42 |         await sourceElement.dragTo(targetElement);
         |                             ^
      43 |     }
      44 |
      45 |     async performDragDropAction() {
        at InteractionsPage.dragAndDrop (C:\Users\S.M Wazid Ullah\Documents\Projects\WAZID-ULLAH-PLAYWRIGHT-467\pages\InteractionsPage.ts:42:29)
        at InteractionsPage.performDragDropAction (C:\Users\S.M Wazid Ullah\Documents\Projects\WAZID-ULLAH-PLAYWRIGHT-467\pages\InteractionsPage.ts:46:20)
        at C:\Users\S.M Wazid Ullah\Documents\Projects\WAZID-ULLAH-PLAYWRIGHT-467\tests\interactions\dragAndDrop.spec.ts:9:32

    Error Context: test-results\interactions-dragAndDrop-D-f63a0-ld-drag-element-and-drop-it-webkit\error-context.md


[1A[2K  207) [webkit] ΓÇ║ tests\interactions\dragAndDrop.spec.ts:15:9 ΓÇ║ Drag and Drop Tests ΓÇ║ should verify drag and drop message text 

    [31mTest timeout of 30000ms exceeded.[39m

    Error: locator.dragTo: Test timeout of 30000ms exceeded.
    Call log:
    [2m  - waiting for locator('#draggable')[22m


       at ..\pages\InteractionsPage.ts:42

      40 |
      41 |     async dragAndDrop(sourceElement: Locator, targetElement: Locator) {
    > 42 |         await sourceElement.dragTo(targetElement);
         |                             ^
      43 |     }
      44 |
      45 |     async performDragDropAction() {
        at InteractionsPage.dragAndDrop (C:\Users\S.M Wazid Ullah\Documents\Projects\WAZID-ULLAH-PLAYWRIGHT-467\pages\InteractionsPage.ts:42:29)
        at InteractionsPage.performDragDropAction (C:\Users\S.M Wazid Ullah\Documents\Projects\WAZID-ULLAH-PLAYWRIGHT-467\pages\InteractionsPage.ts:46:20)
        at C:\Users\S.M Wazid Ullah\Documents\Projects\WAZID-ULLAH-PLAYWRIGHT-467\tests\interactions\dragAndDrop.spec.ts:16:32

    Error Context: test-results\interactions-dragAndDrop-D-08c8f--drag-and-drop-message-text-webkit\error-context.md


[1A[2K[249/267] [webkit] ΓÇ║ tests\interactions\dragAndDrop.spec.ts:51:9 ΓÇ║ Selectable Tests ΓÇ║ should select single item
[1A[2K[250/267] [webkit] ΓÇ║ tests\interactions\dragAndDrop.spec.ts:58:9 ΓÇ║ Selectable Tests ΓÇ║ should select multiple items
[1A[2K  208) [webkit] ΓÇ║ tests\interactions\dragAndDrop.spec.ts:22:9 ΓÇ║ Drag and Drop Tests ΓÇ║ should enter correct drag and drop behavior 

    [31mTest timeout of 30000ms exceeded.[39m

    Error: locator.textContent: Test timeout of 30000ms exceeded.
    Call log:
    [2m  - waiting for locator('#droppable p')[22m


       at ..\pages\base\BasePage.ts:65

      63 |      */
      64 |     async getElementText(locator: Locator): Promise<string> {
    > 65 |         return await locator.textContent() || '';
         |                              ^
      66 |     }
      67 |
      68 |     /**
        at InteractionsPage.getElementText (C:\Users\S.M Wazid Ullah\Documents\Projects\WAZID-ULLAH-PLAYWRIGHT-467\pages\base\BasePage.ts:65:30)
        at InteractionsPage.getDragDropMessage (C:\Users\S.M Wazid Ullah\Documents\Projects\WAZID-ULLAH-PLAYWRIGHT-467\pages\InteractionsPage.ts:51:27)
        at C:\Users\S.M Wazid Ullah\Documents\Projects\WAZID-ULLAH-PLAYWRIGHT-467\tests\interactions\dragAndDrop.spec.ts:23:55

    Error Context: test-results\interactions-dragAndDrop-D-d7561-rect-drag-and-drop-behavior-webkit\error-context.md


[1A[2K[251/267] [webkit] ΓÇ║ tests\PageLocator.spec.js:3:1 ΓÇ║ Click on Element Card
[1A[2K[252/267] [webkit] ΓÇ║ tests\PageLocator.spec.js:14:1 ΓÇ║ Click on Forms card
[1A[2K  209) [webkit] ΓÇ║ tests\interactions\dragAndDrop.spec.ts:37:9 ΓÇ║ Sortable Tests ΓÇ║ should sort items ΓöÇ

    [31mTest timeout of 30000ms exceeded.[39m

    Error: locator.dragTo: Test timeout of 30000ms exceeded.
    Call log:
    [2m  - waiting for locator('div.list-group-item').first()[22m


       at ..\pages\InteractionsPage.ts:56

      54 |     async sortItems() {
      55 |         // Drag item 1 and drop it after item 2
    > 56 |         await this.sortableItem1.dragTo(this.sortableItem2);
         |                                  ^
      57 |     }
      58 |
      59 |     async selectItem(itemIndex: number) {
        at InteractionsPage.sortItems (C:\Users\S.M Wazid Ullah\Documents\Projects\WAZID-ULLAH-PLAYWRIGHT-467\pages\InteractionsPage.ts:56:34)
        at C:\Users\S.M Wazid Ullah\Documents\Projects\WAZID-ULLAH-PLAYWRIGHT-467\tests\interactions\dragAndDrop.spec.ts:38:32

    Error Context: test-results\interactions-dragAndDrop-Sortable-Tests-should-sort-items-webkit\error-context.md


[1A[2K[253/267] [webkit] ΓÇ║ tests\PageLocator.spec.js:24:1 ΓÇ║ Click on Interactions card
[1A[2K[254/267] [webkit] ΓÇ║ tests\TextBox.spec.js:3:1 ΓÇ║ Fill out Text Boxes and Submit
[1A[2K[255/267] [webkit] ΓÇ║ tests\VerifyPageTitle_URL.spec.js:3:1 ΓÇ║ Verify Page Title and URL
[1A[2K[webkit] ΓÇ║ tests\VerifyPageTitle_URL.spec.js:3:1 ΓÇ║ Verify Page Title and URL
Page Title is:  Promise { [36m<pending>[39m }

[1A[2K  210) [webkit] ΓÇ║ tests\interactions\dragAndDrop.spec.ts:51:9 ΓÇ║ Selectable Tests ΓÇ║ should select single item 

    [31mTest timeout of 30000ms exceeded.[39m

    Error: locator.click: Test timeout of 30000ms exceeded.
    Call log:
    [2m  - waiting for locator('.list-group-item').first()[22m


       at ..\pages\base\BasePage.ts:44

      42 |      */
      43 |     async selectElement(locator: Locator) {
    > 44 |         await locator.click();
         |                       ^
      45 |     }
      46 |
      47 |     /**
        at InteractionsPage.selectElement (C:\Users\S.M Wazid Ullah\Documents\Projects\WAZID-ULLAH-PLAYWRIGHT-467\pages\base\BasePage.ts:44:23)
        at InteractionsPage.selectItem (C:\Users\S.M Wazid Ullah\Documents\Projects\WAZID-ULLAH-PLAYWRIGHT-467\pages\InteractionsPage.ts:61:20)
        at C:\Users\S.M Wazid Ullah\Documents\Projects\WAZID-ULLAH-PLAYWRIGHT-467\tests\interactions\dragAndDrop.spec.ts:52:32

    Error Context: test-results\interactions-dragAndDrop-S-5d10f-s-should-select-single-item-webkit\error-context.md


[1A[2K  211) [webkit] ΓÇ║ tests\interactions\dragAndDrop.spec.ts:58:9 ΓÇ║ Selectable Tests ΓÇ║ should select multiple items 

    [31mTest timeout of 30000ms exceeded.[39m

    Error: locator.click: Test timeout of 30000ms exceeded.
    Call log:
    [2m  - waiting for locator('.list-group-item').first()[22m


       at ..\pages\InteractionsPage.ts:68

      66 |             const item = this.selectableItem.nth(index);
      67 |             // Hold Ctrl/Cmd and click to select multiple
    > 68 |             await item.click({ modifiers: ['Control'] });
         |                        ^
      69 |         }
      70 |     }
      71 |
        at InteractionsPage.selectMultipleItems (C:\Users\S.M Wazid Ullah\Documents\Projects\WAZID-ULLAH-PLAYWRIGHT-467\pages\InteractionsPage.ts:68:24)
        at C:\Users\S.M Wazid Ullah\Documents\Projects\WAZID-ULLAH-PLAYWRIGHT-467\tests\interactions\dragAndDrop.spec.ts:61:32

    Error Context: test-results\interactions-dragAndDrop-S-17374-hould-select-multiple-items-webkit\error-context.md


[1A[2K  212) [webkit] ΓÇ║ tests\VerifyPageTitle_URL.spec.js:3:1 ΓÇ║ Verify Page Title and URL ΓöÇΓöÇΓöÇΓöÇΓöÇΓöÇΓöÇΓöÇΓöÇΓöÇΓöÇΓöÇΓöÇΓöÇΓöÇΓöÇ

    Error: [2mexpect([22m[31mpage[39m[2m).[22mtoHaveTitle[2m([22m[32mexpected[39m[2m)[22m failed

    Expected: [32m"DEMOQA"[39m
    Received: [31m"demosite"[39m
    Timeout:  5000ms

    Call log:
    [2m  - Expect "toHaveTitle" with timeout 5000ms[22m
    [2m    8 ├ù unexpected value "demosite"[22m


       8 | console.log('Page Title is: ', pageTitle);
       9 |
    > 10 | await expect(page).toHaveTitle('DEMOQA');
         |                    ^
      11 |
      12 | const pageUrl = page.url();
      13 | console.log('page URL is: ', pageUrl);
        at C:\Users\S.M Wazid Ullah\Documents\Projects\WAZID-ULLAH-PLAYWRIGHT-467\tests\VerifyPageTitle_URL.spec.js:10:20

    Error Context: test-results\VerifyPageTitle_URL-Verify-Page-Title-and-URL-webkit\error-context.md


[1A[2K[256/267] [webkit] ΓÇ║ tests\widgets\datePicker.spec.ts:9:9 ΓÇ║ Date Picker Tests ΓÇ║ should select date from date picker
[1A[2K[257/267] [webkit] ΓÇ║ tests\widgets\datePicker.spec.ts:18:9 ΓÇ║ Date Picker Tests ΓÇ║ should select date with specific offset
[1A[2K[258/267] [webkit] ΓÇ║ tests\widgets\datePicker.spec.ts:27:9 ΓÇ║ Date Picker Tests ΓÇ║ should clear and reselect date
[1A[2K  213) [webkit] ΓÇ║ tests\TextBox.spec.js:3:1 ΓÇ║ Fill out Text Boxes and Submit ΓöÇΓöÇΓöÇΓöÇΓöÇΓöÇΓöÇΓöÇΓöÇΓöÇΓöÇΓöÇΓöÇΓöÇΓöÇΓöÇΓöÇΓöÇΓöÇΓöÇΓöÇΓöÇΓöÇ

    [31mTest timeout of 30000ms exceeded.[39m

    Error: page.fill: Test timeout of 30000ms exceeded.
    Call log:
    [2m  - waiting for locator('#userName')[22m


       6 | await page.goto('https://demoqa.com/text-box');
       7 |
    >  8 | await page.fill('#userName', 'DSI');
         |            ^
       9 | await page.fill('#userEmail', 'DSI@dsi.com');
      10 | await page.fill('#currentAddress', 'Mohakhali');
      11 | await page.fill('#permanentAddress', 'Dhaka');
        at C:\Users\S.M Wazid Ullah\Documents\Projects\WAZID-ULLAH-PLAYWRIGHT-467\tests\TextBox.spec.js:8:12

    Error Context: test-results\TextBox-Fill-out-Text-Boxes-and-Submit-webkit\error-context.md


[1A[2K[259/267] [webkit] ΓÇ║ tests\widgets\datePicker.spec.ts:39:9 ΓÇ║ Date Picker Tests ΓÇ║ should select month and year
[1A[2K  214) [webkit] ΓÇ║ tests\widgets\datePicker.spec.ts:9:9 ΓÇ║ Date Picker Tests ΓÇ║ should select date from date picker 

    [31mTest timeout of 30000ms exceeded.[39m

    Error: locator.fill: Test timeout of 30000ms exceeded.
    Call log:
    [2m  - waiting for locator('#datePickerMonthYearInput')[22m


       at ..\pages\base\BasePage.ts:51

      49 |      */
      50 |     async enterText(locator: Locator, text: string) {
    > 51 |         await locator.fill(text);
         |                       ^
      52 |     }
      53 |
      54 |     /**
        at WidgetsPage.enterText (C:\Users\S.M Wazid Ullah\Documents\Projects\WAZID-ULLAH-PLAYWRIGHT-467\pages\base\BasePage.ts:51:23)
        at WidgetsPage.selectDate (C:\Users\S.M Wazid Ullah\Documents\Projects\WAZID-ULLAH-PLAYWRIGHT-467\pages\WidgetsPage.ts:44:20)
        at C:\Users\S.M Wazid Ullah\Documents\Projects\WAZID-ULLAH-PLAYWRIGHT-467\tests\widgets\datePicker.spec.ts:12:27

    Error Context: test-results\widgets-datePicker-Date-Pi-9a826-elect-date-from-date-picker-webkit\error-context.md


[1A[2K  215) [webkit] ΓÇ║ tests\widgets\datePicker.spec.ts:18:9 ΓÇ║ Date Picker Tests ΓÇ║ should select date with specific offset 

    [31mTest timeout of 30000ms exceeded.[39m

    Error: locator.fill: Test timeout of 30000ms exceeded.
    Call log:
    [2m  - waiting for locator('#datePickerMonthYearInput')[22m


       at ..\pages\base\BasePage.ts:51

      49 |      */
      50 |     async enterText(locator: Locator, text: string) {
    > 51 |         await locator.fill(text);
         |                       ^
      52 |     }
      53 |
      54 |     /**
        at WidgetsPage.enterText (C:\Users\S.M Wazid Ullah\Documents\Projects\WAZID-ULLAH-PLAYWRIGHT-467\pages\base\BasePage.ts:51:23)
        at WidgetsPage.selectDate (C:\Users\S.M Wazid Ullah\Documents\Projects\WAZID-ULLAH-PLAYWRIGHT-467\pages\WidgetsPage.ts:44:20)
        at C:\Users\S.M Wazid Ullah\Documents\Projects\WAZID-ULLAH-PLAYWRIGHT-467\tests\widgets\datePicker.spec.ts:21:27

    Error Context: test-results\widgets-datePicker-Date-Pi-b76b3-t-date-with-specific-offset-webkit\error-context.md


[1A[2K  216) [webkit] ΓÇ║ tests\widgets\datePicker.spec.ts:27:9 ΓÇ║ Date Picker Tests ΓÇ║ should clear and reselect date 

    [31mTest timeout of 30000ms exceeded.[39m

    Error: locator.fill: Test timeout of 30000ms exceeded.
    Call log:
    [2m  - waiting for locator('#datePickerMonthYearInput')[22m


       at ..\pages\base\BasePage.ts:51

      49 |      */
      50 |     async enterText(locator: Locator, text: string) {
    > 51 |         await locator.fill(text);
         |                       ^
      52 |     }
      53 |
      54 |     /**
        at WidgetsPage.enterText (C:\Users\S.M Wazid Ullah\Documents\Projects\WAZID-ULLAH-PLAYWRIGHT-467\pages\base\BasePage.ts:51:23)
        at WidgetsPage.selectDate (C:\Users\S.M Wazid Ullah\Documents\Projects\WAZID-ULLAH-PLAYWRIGHT-467\pages\WidgetsPage.ts:44:20)
        at C:\Users\S.M Wazid Ullah\Documents\Projects\WAZID-ULLAH-PLAYWRIGHT-467\tests\widgets\datePicker.spec.ts:31:27

    Error Context: test-results\widgets-datePicker-Date-Pi-0b8f1-uld-clear-and-reselect-date-webkit\error-context.md


[1A[2K[260/267] [webkit] ΓÇ║ tests\widgets\datePicker.spec.ts:48:9 ΓÇ║ Date Picker Tests ΓÇ║ should select time
[1A[2K[261/267] [webkit] ΓÇ║ tests\widgets\toolTips.spec.ts:15:9 ΓÇ║ ToolTips Tests ΓÇ║ should get tooltip text on hover
[1A[2K[262/267] [webkit] ΓÇ║ tests\widgets\toolTips.spec.ts:8:9 ΓÇ║ ToolTips Tests ΓÇ║ should hover over button to see tooltip
[1A[2K  217) [webkit] ΓÇ║ tests\widgets\datePicker.spec.ts:39:9 ΓÇ║ Date Picker Tests ΓÇ║ should select month and year 

    [31mTest timeout of 30000ms exceeded.[39m

    Error: locator.fill: Test timeout of 30000ms exceeded.
    Call log:
    [2m  - waiting for locator('#datePickerMonthYearInput')[22m


       at ..\pages\base\BasePage.ts:51

      49 |      */
      50 |     async enterText(locator: Locator, text: string) {
    > 51 |         await locator.fill(text);
         |                       ^
      52 |     }
      53 |
      54 |     /**
        at WidgetsPage.enterText (C:\Users\S.M Wazid Ullah\Documents\Projects\WAZID-ULLAH-PLAYWRIGHT-467\pages\base\BasePage.ts:51:23)
        at WidgetsPage.selectMonth (C:\Users\S.M Wazid Ullah\Documents\Projects\WAZID-ULLAH-PLAYWRIGHT-467\pages\WidgetsPage.ts:52:20)
        at C:\Users\S.M Wazid Ullah\Documents\Projects\WAZID-ULLAH-PLAYWRIGHT-467\tests\widgets\datePicker.spec.ts:42:27

    Error Context: test-results\widgets-datePicker-Date-Pi-fd19c-hould-select-month-and-year-webkit\error-context.md


[1A[2K[263/267] [webkit] ΓÇ║ tests\widgets\toolTips.spec.ts:23:9 ΓÇ║ ToolTips Tests ΓÇ║ should interact with slider
[1A[2K  218) [webkit] ΓÇ║ tests\widgets\datePicker.spec.ts:48:9 ΓÇ║ Date Picker Tests ΓÇ║ should select time ΓöÇΓöÇΓöÇ

    [31mTest timeout of 30000ms exceeded.[39m

    Error: locator.fill: Test timeout of 30000ms exceeded.
    Call log:
    [2m  - waiting for locator('#timePickerInput')[22m


       at ..\pages\base\BasePage.ts:51

      49 |      */
      50 |     async enterText(locator: Locator, text: string) {
    > 51 |         await locator.fill(text);
         |                       ^
      52 |     }
      53 |
      54 |     /**
        at WidgetsPage.enterText (C:\Users\S.M Wazid Ullah\Documents\Projects\WAZID-ULLAH-PLAYWRIGHT-467\pages\base\BasePage.ts:51:23)
        at WidgetsPage.selectTime (C:\Users\S.M Wazid Ullah\Documents\Projects\WAZID-ULLAH-PLAYWRIGHT-467\pages\WidgetsPage.ts:56:20)
        at C:\Users\S.M Wazid Ullah\Documents\Projects\WAZID-ULLAH-PLAYWRIGHT-467\tests\widgets\datePicker.spec.ts:51:27

    Error Context: test-results\widgets-datePicker-Date-Picker-Tests-should-select-time-webkit\error-context.md


[1A[2K  219) [webkit] ΓÇ║ tests\widgets\toolTips.spec.ts:8:9 ΓÇ║ ToolTips Tests ΓÇ║ should hover over button to see tooltip 

    [31mTest timeout of 30000ms exceeded.[39m

    Error: locator.hover: Test timeout of 30000ms exceeded.
    Call log:
    [2m  - waiting for locator('[data-testid="hooverMeToSeePrivateText"]')[22m


       at ..\pages\base\BasePage.ts:100

       98 |      */
       99 |     async hoverElement(locator: Locator) {
    > 100 |         await locator.hover();
          |                       ^
      101 |     }
      102 |
      103 |     /**
        at WidgetsPage.hoverElement (C:\Users\S.M Wazid Ullah\Documents\Projects\WAZID-ULLAH-PLAYWRIGHT-467\pages\base\BasePage.ts:100:23)
        at WidgetsPage.hoverToolTip (C:\Users\S.M Wazid Ullah\Documents\Projects\WAZID-ULLAH-PLAYWRIGHT-467\pages\WidgetsPage.ts:60:20)
        at C:\Users\S.M Wazid Ullah\Documents\Projects\WAZID-ULLAH-PLAYWRIGHT-467\tests\widgets\toolTips.spec.ts:9:27

    Error Context: test-results\widgets-toolTips-ToolTips--b6b86--over-button-to-see-tooltip-webkit\error-context.md


[1A[2K  220) [webkit] ΓÇ║ tests\widgets\toolTips.spec.ts:15:9 ΓÇ║ ToolTips Tests ΓÇ║ should get tooltip text on hover 

    [31mTest timeout of 30000ms exceeded.[39m

    Error: locator.hover: Test timeout of 30000ms exceeded.
    Call log:
    [2m  - waiting for locator('[data-testid="hooverMeToSeePrivateText"]')[22m


       at ..\pages\base\BasePage.ts:100

       98 |      */
       99 |     async hoverElement(locator: Locator) {
    > 100 |         await locator.hover();
          |                       ^
      101 |     }
      102 |
      103 |     /**
        at WidgetsPage.hoverElement (C:\Users\S.M Wazid Ullah\Documents\Projects\WAZID-ULLAH-PLAYWRIGHT-467\pages\base\BasePage.ts:100:23)
        at WidgetsPage.hoverToolTip (C:\Users\S.M Wazid Ullah\Documents\Projects\WAZID-ULLAH-PLAYWRIGHT-467\pages\WidgetsPage.ts:60:20)
        at C:\Users\S.M Wazid Ullah\Documents\Projects\WAZID-ULLAH-PLAYWRIGHT-467\tests\widgets\toolTips.spec.ts:16:27

    Error Context: test-results\widgets-toolTips-ToolTips--5723d-d-get-tooltip-text-on-hover-webkit\error-context.md


[1A[2K[264/267] [webkit] ΓÇ║ tests\widgets\toolTips.spec.ts:30:9 ΓÇ║ ToolTips Tests ΓÇ║ should set slider to maximum value
[1A[2K[265/267] [webkit] ΓÇ║ tests\widgets\toolTips.spec.ts:37:9 ΓÇ║ ToolTips Tests ΓÇ║ should set slider to minimum value
[1A[2K[266/267] [webkit] ΓÇ║ tests\widgets\toolTips.spec.ts:44:9 ΓÇ║ ToolTips Tests ΓÇ║ should start and reset progress bar
[1A[2K  221) [webkit] ΓÇ║ tests\widgets\toolTips.spec.ts:23:9 ΓÇ║ ToolTips Tests ΓÇ║ should interact with slider 

    [31mTest timeout of 30000ms exceeded.[39m

    Error: locator.fill: Test timeout of 30000ms exceeded.
    Call log:
    [2m  - waiting for locator('input[type="range"]')[22m


       at ..\pages\WidgetsPage.ts:68

      66 |
      67 |     async setSliderValue(value: string) {
    > 68 |         await this.sliderInput.fill(value);
         |                                ^
      69 |     }
      70 |
      71 |     async getSliderValue(): Promise<string> {
        at WidgetsPage.setSliderValue (C:\Users\S.M Wazid Ullah\Documents\Projects\WAZID-ULLAH-PLAYWRIGHT-467\pages\WidgetsPage.ts:68:32)
        at C:\Users\S.M Wazid Ullah\Documents\Projects\WAZID-ULLAH-PLAYWRIGHT-467\tests\widgets\toolTips.spec.ts:24:27

    Error Context: test-results\widgets-toolTips-ToolTips-Tests-should-interact-with-slider-webkit\error-context.md


[1A[2K[267/267] [webkit] ΓÇ║ tests\widgets\toolTips.spec.ts:54:9 ΓÇ║ ToolTips Tests ΓÇ║ should fill autocomplete field
[1A[2K  222) [webkit] ΓÇ║ tests\widgets\toolTips.spec.ts:30:9 ΓÇ║ ToolTips Tests ΓÇ║ should set slider to maximum value 

    [31mTest timeout of 30000ms exceeded.[39m

    Error: locator.fill: Test timeout of 30000ms exceeded.
    Call log:
    [2m  - waiting for locator('input[type="range"]')[22m


       at ..\pages\WidgetsPage.ts:68

      66 |
      67 |     async setSliderValue(value: string) {
    > 68 |         await this.sliderInput.fill(value);
         |                                ^
      69 |     }
      70 |
      71 |     async getSliderValue(): Promise<string> {
        at WidgetsPage.setSliderValue (C:\Users\S.M Wazid Ullah\Documents\Projects\WAZID-ULLAH-PLAYWRIGHT-467\pages\WidgetsPage.ts:68:32)
        at C:\Users\S.M Wazid Ullah\Documents\Projects\WAZID-ULLAH-PLAYWRIGHT-467\tests\widgets\toolTips.spec.ts:31:27

    Error Context: test-results\widgets-toolTips-ToolTips--7b961-set-slider-to-maximum-value-webkit\error-context.md


[1A[2K  223) [webkit] ΓÇ║ tests\widgets\toolTips.spec.ts:37:9 ΓÇ║ ToolTips Tests ΓÇ║ should set slider to minimum value 

    [31mTest timeout of 30000ms exceeded.[39m

    Error: locator.fill: Test timeout of 30000ms exceeded.
    Call log:
    [2m  - waiting for locator('input[type="range"]')[22m


       at ..\pages\WidgetsPage.ts:68

      66 |
      67 |     async setSliderValue(value: string) {
    > 68 |         await this.sliderInput.fill(value);
         |                                ^
      69 |     }
      70 |
      71 |     async getSliderValue(): Promise<string> {
        at WidgetsPage.setSliderValue (C:\Users\S.M Wazid Ullah\Documents\Projects\WAZID-ULLAH-PLAYWRIGHT-467\pages\WidgetsPage.ts:68:32)
        at C:\Users\S.M Wazid Ullah\Documents\Projects\WAZID-ULLAH-PLAYWRIGHT-467\tests\widgets\toolTips.spec.ts:38:27

    Error Context: test-results\widgets-toolTips-ToolTips--99f88-set-slider-to-minimum-value-webkit\error-context.md


[1A[2K  224) [webkit] ΓÇ║ tests\widgets\toolTips.spec.ts:44:9 ΓÇ║ ToolTips Tests ΓÇ║ should start and reset progress bar 

    [31mTest timeout of 30000ms exceeded.[39m

    Error: locator.click: Test timeout of 30000ms exceeded.
    Call log:
    [2m  - waiting for locator('#startStopButton')[22m


       at ..\pages\base\BasePage.ts:44

      42 |      */
      43 |     async selectElement(locator: Locator) {
    > 44 |         await locator.click();
         |                       ^
      45 |     }
      46 |
      47 |     /**
        at WidgetsPage.selectElement (C:\Users\S.M Wazid Ullah\Documents\Projects\WAZID-ULLAH-PLAYWRIGHT-467\pages\base\BasePage.ts:44:23)
        at WidgetsPage.startProgressBar (C:\Users\S.M Wazid Ullah\Documents\Projects\WAZID-ULLAH-PLAYWRIGHT-467\pages\WidgetsPage.ts:76:20)
        at C:\Users\S.M Wazid Ullah\Documents\Projects\WAZID-ULLAH-PLAYWRIGHT-467\tests\widgets\toolTips.spec.ts:45:27

    Error Context: test-results\widgets-toolTips-ToolTips--8742f-tart-and-reset-progress-bar-webkit\error-context.md


[1A[2K  225) [webkit] ΓÇ║ tests\widgets\toolTips.spec.ts:54:9 ΓÇ║ ToolTips Tests ΓÇ║ should fill autocomplete field 

    [31mTest timeout of 30000ms exceeded.[39m

    Error: locator.fill: Test timeout of 30000ms exceeded.
    Call log:
    [2m  - waiting for locator('#autoCompleteMultipleInput')[22m


       at ..\pages\base\BasePage.ts:51

      49 |      */
      50 |     async enterText(locator: Locator, text: string) {
    > 51 |         await locator.fill(text);
         |                       ^
      52 |     }
      53 |
      54 |     /**
        at WidgetsPage.enterText (C:\Users\S.M Wazid Ullah\Documents\Projects\WAZID-ULLAH-PLAYWRIGHT-467\pages\base\BasePage.ts:51:23)
        at WidgetsPage.fillAutoComplete (C:\Users\S.M Wazid Ullah\Documents\Projects\WAZID-ULLAH-PLAYWRIGHT-467\pages\WidgetsPage.ts:89:20)
        at C:\Users\S.M Wazid Ullah\Documents\Projects\WAZID-ULLAH-PLAYWRIGHT-467\tests\widgets\toolTips.spec.ts:55:27

    Error Context: test-results\widgets-toolTips-ToolTips--b22de-uld-fill-autocomplete-field-webkit\error-context.md


[1A[2K  225 failed
    [chromium] ΓÇ║ tests\alerts-frames\alerts.spec.ts:8:9 ΓÇ║ Alerts Tests ΓÇ║ should handle simple alert 
    [chromium] ΓÇ║ tests\alerts-frames\alerts.spec.ts:15:9 ΓÇ║ Alerts Tests ΓÇ║ should accept simple alert 
    [chromium] ΓÇ║ tests\alerts-frames\alerts.spec.ts:23:9 ΓÇ║ Alerts Tests ΓÇ║ should handle delayed alert 
    [chromium] ΓÇ║ tests\alerts-frames\alerts.spec.ts:29:9 ΓÇ║ Alerts Tests ΓÇ║ should accept confirm alert 
    [chromium] ΓÇ║ tests\alerts-frames\alerts.spec.ts:36:9 ΓÇ║ Alerts Tests ΓÇ║ should dismiss confirm alert 
    [chromium] ΓÇ║ tests\alerts-frames\alerts.spec.ts:43:9 ΓÇ║ Alerts Tests ΓÇ║ should handle prompt alert with text 
    [chromium] ΓÇ║ tests\alerts-frames\alerts.spec.ts:51:9 ΓÇ║ Alerts Tests ΓÇ║ should verify alert label is displayed 
    [chromium] ΓÇ║ tests\alerts-frames\frames.spec.ts:8:9 ΓÇ║ Frames Tests ΓÇ║ should verify large frame is visible 
    [chromium] ΓÇ║ tests\alerts-frames\frames.spec.ts:13:9 ΓÇ║ Frames Tests ΓÇ║ should verify small frame is visible 
    [chromium] ΓÇ║ tests\alerts-frames\frames.spec.ts:18:9 ΓÇ║ Frames Tests ΓÇ║ should get content from large frame 
    [chromium] ΓÇ║ tests\alerts-frames\frames.spec.ts:23:9 ΓÇ║ Frames Tests ΓÇ║ should get content from small frame 
    [chromium] ΓÇ║ tests\alerts-frames\frames.spec.ts:28:9 ΓÇ║ Frames Tests ΓÇ║ should verify large frame contains expected text 
    [chromium] ΓÇ║ tests\alerts-frames\frames.spec.ts:33:9 ΓÇ║ Frames Tests ΓÇ║ should verify small frame contains expected text 
    [chromium] ΓÇ║ tests\alerts-frames\frames.spec.ts:38:9 ΓÇ║ Frames Tests ΓÇ║ should navigate to frames and verify page structure 
    [chromium] ΓÇ║ tests\e2e\demoqa.e2e.spec.ts:4:9 ΓÇ║ Demo QA E2E Tests ΓÇ║ should navigate to demoqa and verify all sections visible 
    [chromium] ΓÇ║ tests\elements\buttons.spec.ts:8:9 ΓÇ║ Buttons Tests ΓÇ║ should handle double click button 
    [chromium] ΓÇ║ tests\elements\buttons.spec.ts:18:9 ΓÇ║ Buttons Tests ΓÇ║ should handle right click button 
    [chromium] ΓÇ║ tests\elements\buttons.spec.ts:28:9 ΓÇ║ Buttons Tests ΓÇ║ should handle single click button 
    [chromium] ΓÇ║ tests\elements\buttons.spec.ts:38:9 ΓÇ║ Buttons Tests ΓÇ║ should perform all button click actions 
    [chromium] ΓÇ║ tests\elements\checkBox.spec.ts:8:9 ΓÇ║ CheckBox Tests ΓÇ║ should expand all checkboxes 
    [chromium] ΓÇ║ tests\elements\checkBox.spec.ts:15:9 ΓÇ║ CheckBox Tests ΓÇ║ should select home checkbox 
    [chromium] ΓÇ║ tests\elements\checkBox.spec.ts:23:9 ΓÇ║ CheckBox Tests ΓÇ║ should select multiple checkboxes and verify 
    [chromium] ΓÇ║ tests\elements\checkBox.spec.ts:35:9 ΓÇ║ CheckBox Tests ΓÇ║ should display result when checkbox is selected 
    [chromium] ΓÇ║ tests\elements\checkBox.spec.ts:46:9 ΓÇ║ CheckBox Tests ΓÇ║ should verify checkbox item expansion 
    [chromium] ΓÇ║ tests\elements\links.spec.ts:8:9 ΓÇ║ Links Tests ΓÇ║ should click home link and verify navigation 
    [chromium] ΓÇ║ tests\elements\links.spec.ts:29:9 ΓÇ║ Links Tests ΓÇ║ should verify created link response 
    [chromium] ΓÇ║ tests\elements\links.spec.ts:39:9 ΓÇ║ Links Tests ΓÇ║ should verify no content link response 
    [chromium] ΓÇ║ tests\elements\links.spec.ts:49:9 ΓÇ║ Links Tests ΓÇ║ should verify moved permanently link response 
    [chromium] ΓÇ║ tests\elements\links.spec.ts:59:9 ΓÇ║ Links Tests ΓÇ║ should copy link href ΓöÇΓöÇΓöÇΓöÇΓöÇΓöÇΓöÇΓöÇΓöÇΓöÇΓöÇ
    [chromium] ΓÇ║ tests\elements\radioButton.spec.ts:8:9 ΓÇ║ RadioButton Tests ΓÇ║ should select yes radio button 
    [chromium] ΓÇ║ tests\elements\radioButton.spec.ts:15:9 ΓÇ║ RadioButton Tests ΓÇ║ should select impressive radio button 
    [chromium] ΓÇ║ tests\elements\radioButton.spec.ts:22:9 ΓÇ║ RadioButton Tests ΓÇ║ should not be able to select no option 
    [chromium] ΓÇ║ tests\elements\radioButton.spec.ts:27:9 ΓÇ║ RadioButton Tests ΓÇ║ should verify radio button selection with different values 
    [chromium] ΓÇ║ tests\elements\radioButton.spec.ts:37:9 ΓÇ║ RadioButton Tests ΓÇ║ should change selection from one radio button to another 
    [chromium] ΓÇ║ tests\elements\textBox.spec.ts:9:9 ΓÇ║ TextBox Tests ΓÇ║ should fill textbox with valid data and verify output 
    [chromium] ΓÇ║ tests\elements\textBox.spec.ts:25:9 ΓÇ║ TextBox Tests ΓÇ║ should fill only required fields and submit 
    [chromium] ΓÇ║ tests\elements\textBox.spec.ts:36:9 ΓÇ║ TextBox Tests ΓÇ║ should verify multiple text inputs filling 
    [chromium] ΓÇ║ tests\elements\textBox.spec.ts:48:9 ΓÇ║ TextBox Tests ΓÇ║ should clear and re-enter text in textbox 
    [chromium] ΓÇ║ tests\elements\textBox.spec.ts:60:9 ΓÇ║ TextBox Tests ΓÇ║ should verify email field validation with special characters 
    [chromium] ΓÇ║ tests\elements\uploadDownload.spec.ts:10:9 ΓÇ║ Upload and Download Tests ΓÇ║ should download file 
    [chromium] ΓÇ║ tests\elements\uploadDownload.spec.ts:16:9 ΓÇ║ Upload and Download Tests ΓÇ║ should upload file 
    [chromium] ΓÇ║ tests\elements\uploadDownload.spec.ts:28:9 ΓÇ║ Upload and Download Tests ΓÇ║ should verify uploaded file path in display 
    [chromium] ΓÇ║ tests\elements\webTables.spec.ts:9:9 ΓÇ║ WebTables Tests ΓÇ║ should verify web table is visible 
    [chromium] ΓÇ║ tests\elements\webTables.spec.ts:14:9 ΓÇ║ WebTables Tests ΓÇ║ should add new record to table 
    [chromium] ΓÇ║ tests\elements\webTables.spec.ts:33:9 ΓÇ║ WebTables Tests ΓÇ║ should search for record in table 
    [chromium] ΓÇ║ tests\elements\webTables.spec.ts:41:9 ΓÇ║ WebTables Tests ΓÇ║ should edit first record in table 
    [chromium] ΓÇ║ tests\elements\webTables.spec.ts:49:9 ΓÇ║ WebTables Tests ΓÇ║ should delete record from table 
    [chromium] ΓÇ║ tests\elements\webTables.spec.ts:61:9 ΓÇ║ WebTables Tests ΓÇ║ should change table rows per page 
    [chromium] ΓÇ║ tests\forms\practiceForm.spec.ts:9:9 ΓÇ║ Practice Form Tests ΓÇ║ should fill complete form with all fields 
    [chromium] ΓÇ║ tests\forms\practiceForm.spec.ts:30:9 ΓÇ║ Practice Form Tests ΓÇ║ should fill form with male gender 
    [chromium] ΓÇ║ tests\forms\practiceForm.spec.ts:46:9 ΓÇ║ Practice Form Tests ΓÇ║ should fill form with female gender 
    [chromium] ΓÇ║ tests\forms\practiceForm.spec.ts:62:9 ΓÇ║ Practice Form Tests ΓÇ║ should fill form with multiple hobbies 
    [chromium] ΓÇ║ tests\forms\practiceForm.spec.ts:83:9 ΓÇ║ Practice Form Tests ΓÇ║ should verify form validation with empty fields 
    [chromium] ΓÇ║ tests\forms\practiceForm.spec.ts:91:9 ΓÇ║ Practice Form Tests ΓÇ║ should clear and update form fields 
    [chromium] ΓÇ║ tests\HomePage.spec.ts:6:7 ΓÇ║ HomePage Tests ΓÇ║ verify homepage and  all cards ΓöÇΓöÇΓöÇΓöÇΓöÇΓöÇ
    [chromium] ΓÇ║ tests\interactions\dragAndDrop.spec.ts:8:9 ΓÇ║ Drag and Drop Tests ΓÇ║ should drag element and drop it 
    [chromium] ΓÇ║ tests\interactions\dragAndDrop.spec.ts:15:9 ΓÇ║ Drag and Drop Tests ΓÇ║ should verify drag and drop message text 
    [chromium] ΓÇ║ tests\interactions\dragAndDrop.spec.ts:22:9 ΓÇ║ Drag and Drop Tests ΓÇ║ should enter correct drag and drop behavior 
    [chromium] ΓÇ║ tests\interactions\dragAndDrop.spec.ts:37:9 ΓÇ║ Sortable Tests ΓÇ║ should sort items ΓöÇΓöÇ
    [chromium] ΓÇ║ tests\interactions\dragAndDrop.spec.ts:51:9 ΓÇ║ Selectable Tests ΓÇ║ should select single item 
    [chromium] ΓÇ║ tests\interactions\dragAndDrop.spec.ts:58:9 ΓÇ║ Selectable Tests ΓÇ║ should select multiple items 
    [chromium] ΓÇ║ tests\TextBox.spec.js:3:1 ΓÇ║ Fill out Text Boxes and Submit ΓöÇΓöÇΓöÇΓöÇΓöÇΓöÇΓöÇΓöÇΓöÇΓöÇΓöÇΓöÇΓöÇΓöÇΓöÇΓöÇΓöÇΓöÇΓöÇΓöÇΓöÇΓöÇΓöÇΓöÇ
    [chromium] ΓÇ║ tests\VerifyPageTitle_URL.spec.js:3:1 ΓÇ║ Verify Page Title and URL ΓöÇΓöÇΓöÇΓöÇΓöÇΓöÇΓöÇΓöÇΓöÇΓöÇΓöÇΓöÇΓöÇΓöÇΓöÇΓöÇΓöÇ
    [chromium] ΓÇ║ tests\widgets\datePicker.spec.ts:9:9 ΓÇ║ Date Picker Tests ΓÇ║ should select date from date picker 
    [chromium] ΓÇ║ tests\widgets\datePicker.spec.ts:18:9 ΓÇ║ Date Picker Tests ΓÇ║ should select date with specific offset 
    [chromium] ΓÇ║ tests\widgets\datePicker.spec.ts:27:9 ΓÇ║ Date Picker Tests ΓÇ║ should clear and reselect date 
    [chromium] ΓÇ║ tests\widgets\datePicker.spec.ts:39:9 ΓÇ║ Date Picker Tests ΓÇ║ should select month and year 
    [chromium] ΓÇ║ tests\widgets\datePicker.spec.ts:48:9 ΓÇ║ Date Picker Tests ΓÇ║ should select time ΓöÇΓöÇΓöÇΓöÇ
    [chromium] ΓÇ║ tests\widgets\toolTips.spec.ts:8:9 ΓÇ║ ToolTips Tests ΓÇ║ should hover over button to see tooltip 
    [chromium] ΓÇ║ tests\widgets\toolTips.spec.ts:15:9 ΓÇ║ ToolTips Tests ΓÇ║ should get tooltip text on hover 
    [chromium] ΓÇ║ tests\widgets\toolTips.spec.ts:23:9 ΓÇ║ ToolTips Tests ΓÇ║ should interact with slider 
    [chromium] ΓÇ║ tests\widgets\toolTips.spec.ts:30:9 ΓÇ║ ToolTips Tests ΓÇ║ should set slider to maximum value 
    [chromium] ΓÇ║ tests\widgets\toolTips.spec.ts:37:9 ΓÇ║ ToolTips Tests ΓÇ║ should set slider to minimum value 
    [chromium] ΓÇ║ tests\widgets\toolTips.spec.ts:44:9 ΓÇ║ ToolTips Tests ΓÇ║ should start and reset progress bar 
    [chromium] ΓÇ║ tests\widgets\toolTips.spec.ts:54:9 ΓÇ║ ToolTips Tests ΓÇ║ should fill autocomplete field 
    [firefox] ΓÇ║ tests\alerts-frames\alerts.spec.ts:8:9 ΓÇ║ Alerts Tests ΓÇ║ should handle simple alert ΓöÇ
    [firefox] ΓÇ║ tests\alerts-frames\alerts.spec.ts:15:9 ΓÇ║ Alerts Tests ΓÇ║ should accept simple alert 
    [firefox] ΓÇ║ tests\alerts-frames\alerts.spec.ts:23:9 ΓÇ║ Alerts Tests ΓÇ║ should handle delayed alert 
    [firefox] ΓÇ║ tests\alerts-frames\alerts.spec.ts:29:9 ΓÇ║ Alerts Tests ΓÇ║ should accept confirm alert 
    [firefox] ΓÇ║ tests\alerts-frames\alerts.spec.ts:36:9 ΓÇ║ Alerts Tests ΓÇ║ should dismiss confirm alert 
    [firefox] ΓÇ║ tests\alerts-frames\alerts.spec.ts:43:9 ΓÇ║ Alerts Tests ΓÇ║ should handle prompt alert with text 
    [firefox] ΓÇ║ tests\alerts-frames\alerts.spec.ts:51:9 ΓÇ║ Alerts Tests ΓÇ║ should verify alert label is displayed 
    [firefox] ΓÇ║ tests\alerts-frames\frames.spec.ts:8:9 ΓÇ║ Frames Tests ΓÇ║ should verify large frame is visible 
    [firefox] ΓÇ║ tests\alerts-frames\frames.spec.ts:13:9 ΓÇ║ Frames Tests ΓÇ║ should verify small frame is visible 
    [firefox] ΓÇ║ tests\alerts-frames\frames.spec.ts:18:9 ΓÇ║ Frames Tests ΓÇ║ should get content from large frame 
    [firefox] ΓÇ║ tests\alerts-frames\frames.spec.ts:23:9 ΓÇ║ Frames Tests ΓÇ║ should get content from small frame 
    [firefox] ΓÇ║ tests\alerts-frames\frames.spec.ts:28:9 ΓÇ║ Frames Tests ΓÇ║ should verify large frame contains expected text 
    [firefox] ΓÇ║ tests\alerts-frames\frames.spec.ts:33:9 ΓÇ║ Frames Tests ΓÇ║ should verify small frame contains expected text 
    [firefox] ΓÇ║ tests\alerts-frames\frames.spec.ts:38:9 ΓÇ║ Frames Tests ΓÇ║ should navigate to frames and verify page structure 
    [firefox] ΓÇ║ tests\e2e\demoqa.e2e.spec.ts:4:9 ΓÇ║ Demo QA E2E Tests ΓÇ║ should navigate to demoqa and verify all sections visible 
    [firefox] ΓÇ║ tests\elements\buttons.spec.ts:8:9 ΓÇ║ Buttons Tests ΓÇ║ should handle double click button 
    [firefox] ΓÇ║ tests\elements\buttons.spec.ts:18:9 ΓÇ║ Buttons Tests ΓÇ║ should handle right click button 
    [firefox] ΓÇ║ tests\elements\buttons.spec.ts:28:9 ΓÇ║ Buttons Tests ΓÇ║ should handle single click button 
    [firefox] ΓÇ║ tests\elements\buttons.spec.ts:38:9 ΓÇ║ Buttons Tests ΓÇ║ should perform all button click actions 
    [firefox] ΓÇ║ tests\elements\checkBox.spec.ts:8:9 ΓÇ║ CheckBox Tests ΓÇ║ should expand all checkboxes 
    [firefox] ΓÇ║ tests\elements\checkBox.spec.ts:15:9 ΓÇ║ CheckBox Tests ΓÇ║ should select home checkbox 
    [firefox] ΓÇ║ tests\elements\checkBox.spec.ts:23:9 ΓÇ║ CheckBox Tests ΓÇ║ should select multiple checkboxes and verify 
    [firefox] ΓÇ║ tests\elements\checkBox.spec.ts:35:9 ΓÇ║ CheckBox Tests ΓÇ║ should display result when checkbox is selected 
    [firefox] ΓÇ║ tests\elements\checkBox.spec.ts:46:9 ΓÇ║ CheckBox Tests ΓÇ║ should verify checkbox item expansion 
    [firefox] ΓÇ║ tests\elements\links.spec.ts:8:9 ΓÇ║ Links Tests ΓÇ║ should click home link and verify navigation 
    [firefox] ΓÇ║ tests\elements\links.spec.ts:29:9 ΓÇ║ Links Tests ΓÇ║ should verify created link response 
    [firefox] ΓÇ║ tests\elements\links.spec.ts:39:9 ΓÇ║ Links Tests ΓÇ║ should verify no content link response 
    [firefox] ΓÇ║ tests\elements\links.spec.ts:49:9 ΓÇ║ Links Tests ΓÇ║ should verify moved permanently link response 
    [firefox] ΓÇ║ tests\elements\links.spec.ts:59:9 ΓÇ║ Links Tests ΓÇ║ should copy link href ΓöÇΓöÇΓöÇΓöÇΓöÇΓöÇΓöÇΓöÇΓöÇΓöÇΓöÇΓöÇ
    [firefox] ΓÇ║ tests\elements\radioButton.spec.ts:8:9 ΓÇ║ RadioButton Tests ΓÇ║ should select yes radio button 
    [firefox] ΓÇ║ tests\elements\radioButton.spec.ts:15:9 ΓÇ║ RadioButton Tests ΓÇ║ should select impressive radio button 
    [firefox] ΓÇ║ tests\elements\radioButton.spec.ts:22:9 ΓÇ║ RadioButton Tests ΓÇ║ should not be able to select no option 
    [firefox] ΓÇ║ tests\elements\radioButton.spec.ts:27:9 ΓÇ║ RadioButton Tests ΓÇ║ should verify radio button selection with different values 
    [firefox] ΓÇ║ tests\elements\radioButton.spec.ts:37:9 ΓÇ║ RadioButton Tests ΓÇ║ should change selection from one radio button to another 
    [firefox] ΓÇ║ tests\elements\textBox.spec.ts:9:9 ΓÇ║ TextBox Tests ΓÇ║ should fill textbox with valid data and verify output 
    [firefox] ΓÇ║ tests\elements\textBox.spec.ts:25:9 ΓÇ║ TextBox Tests ΓÇ║ should fill only required fields and submit 
    [firefox] ΓÇ║ tests\elements\textBox.spec.ts:36:9 ΓÇ║ TextBox Tests ΓÇ║ should verify multiple text inputs filling 
    [firefox] ΓÇ║ tests\elements\textBox.spec.ts:48:9 ΓÇ║ TextBox Tests ΓÇ║ should clear and re-enter text in textbox 
    [firefox] ΓÇ║ tests\elements\textBox.spec.ts:60:9 ΓÇ║ TextBox Tests ΓÇ║ should verify email field validation with special characters 
    [firefox] ΓÇ║ tests\elements\uploadDownload.spec.ts:10:9 ΓÇ║ Upload and Download Tests ΓÇ║ should download file 
    [firefox] ΓÇ║ tests\elements\uploadDownload.spec.ts:16:9 ΓÇ║ Upload and Download Tests ΓÇ║ should upload file 
    [firefox] ΓÇ║ tests\elements\uploadDownload.spec.ts:28:9 ΓÇ║ Upload and Download Tests ΓÇ║ should verify uploaded file path in display 
    [firefox] ΓÇ║ tests\elements\webTables.spec.ts:9:9 ΓÇ║ WebTables Tests ΓÇ║ should verify web table is visible 
    [firefox] ΓÇ║ tests\elements\webTables.spec.ts:14:9 ΓÇ║ WebTables Tests ΓÇ║ should add new record to table 
    [firefox] ΓÇ║ tests\elements\webTables.spec.ts:33:9 ΓÇ║ WebTables Tests ΓÇ║ should search for record in table 
    [firefox] ΓÇ║ tests\elements\webTables.spec.ts:41:9 ΓÇ║ WebTables Tests ΓÇ║ should edit first record in table 
    [firefox] ΓÇ║ tests\elements\webTables.spec.ts:49:9 ΓÇ║ WebTables Tests ΓÇ║ should delete record from table 
    [firefox] ΓÇ║ tests\elements\webTables.spec.ts:61:9 ΓÇ║ WebTables Tests ΓÇ║ should change table rows per page 
    [firefox] ΓÇ║ tests\forms\practiceForm.spec.ts:9:9 ΓÇ║ Practice Form Tests ΓÇ║ should fill complete form with all fields 
    [firefox] ΓÇ║ tests\forms\practiceForm.spec.ts:30:9 ΓÇ║ Practice Form Tests ΓÇ║ should fill form with male gender 
    [firefox] ΓÇ║ tests\forms\practiceForm.spec.ts:46:9 ΓÇ║ Practice Form Tests ΓÇ║ should fill form with female gender 
    [firefox] ΓÇ║ tests\forms\practiceForm.spec.ts:62:9 ΓÇ║ Practice Form Tests ΓÇ║ should fill form with multiple hobbies 
    [firefox] ΓÇ║ tests\forms\practiceForm.spec.ts:83:9 ΓÇ║ Practice Form Tests ΓÇ║ should verify form validation with empty fields 
    [firefox] ΓÇ║ tests\forms\practiceForm.spec.ts:91:9 ΓÇ║ Practice Form Tests ΓÇ║ should clear and update form fields 
    [firefox] ΓÇ║ tests\HomePage.spec.ts:6:7 ΓÇ║ HomePage Tests ΓÇ║ verify homepage and  all cards ΓöÇΓöÇΓöÇΓöÇΓöÇΓöÇΓöÇ
    [firefox] ΓÇ║ tests\interactions\dragAndDrop.spec.ts:8:9 ΓÇ║ Drag and Drop Tests ΓÇ║ should drag element and drop it 
    [firefox] ΓÇ║ tests\interactions\dragAndDrop.spec.ts:15:9 ΓÇ║ Drag and Drop Tests ΓÇ║ should verify drag and drop message text 
    [firefox] ΓÇ║ tests\interactions\dragAndDrop.spec.ts:22:9 ΓÇ║ Drag and Drop Tests ΓÇ║ should enter correct drag and drop behavior 
    [firefox] ΓÇ║ tests\interactions\dragAndDrop.spec.ts:37:9 ΓÇ║ Sortable Tests ΓÇ║ should sort items ΓöÇΓöÇΓöÇ
    [firefox] ΓÇ║ tests\interactions\dragAndDrop.spec.ts:51:9 ΓÇ║ Selectable Tests ΓÇ║ should select single item 
    [firefox] ΓÇ║ tests\interactions\dragAndDrop.spec.ts:58:9 ΓÇ║ Selectable Tests ΓÇ║ should select multiple items 
    [firefox] ΓÇ║ tests\TextBox.spec.js:3:1 ΓÇ║ Fill out Text Boxes and Submit ΓöÇΓöÇΓöÇΓöÇΓöÇΓöÇΓöÇΓöÇΓöÇΓöÇΓöÇΓöÇΓöÇΓöÇΓöÇΓöÇΓöÇΓöÇΓöÇΓöÇΓöÇΓöÇΓöÇΓöÇΓöÇ
    [firefox] ΓÇ║ tests\VerifyPageTitle_URL.spec.js:3:1 ΓÇ║ Verify Page Title and URL ΓöÇΓöÇΓöÇΓöÇΓöÇΓöÇΓöÇΓöÇΓöÇΓöÇΓöÇΓöÇΓöÇΓöÇΓöÇΓöÇΓöÇΓöÇ
    [firefox] ΓÇ║ tests\widgets\datePicker.spec.ts:9:9 ΓÇ║ Date Picker Tests ΓÇ║ should select date from date picker 
    [firefox] ΓÇ║ tests\widgets\datePicker.spec.ts:18:9 ΓÇ║ Date Picker Tests ΓÇ║ should select date with specific offset 
    [firefox] ΓÇ║ tests\widgets\datePicker.spec.ts:27:9 ΓÇ║ Date Picker Tests ΓÇ║ should clear and reselect date 
    [firefox] ΓÇ║ tests\widgets\datePicker.spec.ts:39:9 ΓÇ║ Date Picker Tests ΓÇ║ should select month and year 
    [firefox] ΓÇ║ tests\widgets\datePicker.spec.ts:48:9 ΓÇ║ Date Picker Tests ΓÇ║ should select time ΓöÇΓöÇΓöÇΓöÇΓöÇ
    [firefox] ΓÇ║ tests\widgets\toolTips.spec.ts:8:9 ΓÇ║ ToolTips Tests ΓÇ║ should hover over button to see tooltip 
    [firefox] ΓÇ║ tests\widgets\toolTips.spec.ts:15:9 ΓÇ║ ToolTips Tests ΓÇ║ should get tooltip text on hover 
    [firefox] ΓÇ║ tests\widgets\toolTips.spec.ts:23:9 ΓÇ║ ToolTips Tests ΓÇ║ should interact with slider ΓöÇ
    [firefox] ΓÇ║ tests\widgets\toolTips.spec.ts:30:9 ΓÇ║ ToolTips Tests ΓÇ║ should set slider to maximum value 
    [firefox] ΓÇ║ tests\widgets\toolTips.spec.ts:37:9 ΓÇ║ ToolTips Tests ΓÇ║ should set slider to minimum value 
    [firefox] ΓÇ║ tests\widgets\toolTips.spec.ts:44:9 ΓÇ║ ToolTips Tests ΓÇ║ should start and reset progress bar 
    [firefox] ΓÇ║ tests\widgets\toolTips.spec.ts:54:9 ΓÇ║ ToolTips Tests ΓÇ║ should fill autocomplete field 
    [webkit] ΓÇ║ tests\alerts-frames\alerts.spec.ts:8:9 ΓÇ║ Alerts Tests ΓÇ║ should handle simple alert ΓöÇΓöÇ
    [webkit] ΓÇ║ tests\alerts-frames\alerts.spec.ts:15:9 ΓÇ║ Alerts Tests ΓÇ║ should accept simple alert ΓöÇ
    [webkit] ΓÇ║ tests\alerts-frames\alerts.spec.ts:23:9 ΓÇ║ Alerts Tests ΓÇ║ should handle delayed alert 
    [webkit] ΓÇ║ tests\alerts-frames\alerts.spec.ts:29:9 ΓÇ║ Alerts Tests ΓÇ║ should accept confirm alert 
    [webkit] ΓÇ║ tests\alerts-frames\alerts.spec.ts:36:9 ΓÇ║ Alerts Tests ΓÇ║ should dismiss confirm alert 
    [webkit] ΓÇ║ tests\alerts-frames\alerts.spec.ts:43:9 ΓÇ║ Alerts Tests ΓÇ║ should handle prompt alert with text 
    [webkit] ΓÇ║ tests\alerts-frames\alerts.spec.ts:51:9 ΓÇ║ Alerts Tests ΓÇ║ should verify alert label is displayed 
    [webkit] ΓÇ║ tests\alerts-frames\frames.spec.ts:8:9 ΓÇ║ Frames Tests ΓÇ║ should verify large frame is visible 
    [webkit] ΓÇ║ tests\alerts-frames\frames.spec.ts:13:9 ΓÇ║ Frames Tests ΓÇ║ should verify small frame is visible 
    [webkit] ΓÇ║ tests\alerts-frames\frames.spec.ts:18:9 ΓÇ║ Frames Tests ΓÇ║ should get content from large frame 
    [webkit] ΓÇ║ tests\alerts-frames\frames.spec.ts:23:9 ΓÇ║ Frames Tests ΓÇ║ should get content from small frame 
    [webkit] ΓÇ║ tests\alerts-frames\frames.spec.ts:28:9 ΓÇ║ Frames Tests ΓÇ║ should verify large frame contains expected text 
    [webkit] ΓÇ║ tests\alerts-frames\frames.spec.ts:33:9 ΓÇ║ Frames Tests ΓÇ║ should verify small frame contains expected text 
    [webkit] ΓÇ║ tests\alerts-frames\frames.spec.ts:38:9 ΓÇ║ Frames Tests ΓÇ║ should navigate to frames and verify page structure 
    [webkit] ΓÇ║ tests\e2e\demoqa.e2e.spec.ts:4:9 ΓÇ║ Demo QA E2E Tests ΓÇ║ should navigate to demoqa and verify all sections visible 
    [webkit] ΓÇ║ tests\elements\buttons.spec.ts:8:9 ΓÇ║ Buttons Tests ΓÇ║ should handle double click button 
    [webkit] ΓÇ║ tests\elements\buttons.spec.ts:18:9 ΓÇ║ Buttons Tests ΓÇ║ should handle right click button 
    [webkit] ΓÇ║ tests\elements\buttons.spec.ts:28:9 ΓÇ║ Buttons Tests ΓÇ║ should handle single click button 
    [webkit] ΓÇ║ tests\elements\buttons.spec.ts:38:9 ΓÇ║ Buttons Tests ΓÇ║ should perform all button click actions 
    [webkit] ΓÇ║ tests\elements\checkBox.spec.ts:8:9 ΓÇ║ CheckBox Tests ΓÇ║ should expand all checkboxes ΓöÇ
    [webkit] ΓÇ║ tests\elements\checkBox.spec.ts:15:9 ΓÇ║ CheckBox Tests ΓÇ║ should select home checkbox ΓöÇ
    [webkit] ΓÇ║ tests\elements\checkBox.spec.ts:23:9 ΓÇ║ CheckBox Tests ΓÇ║ should select multiple checkboxes and verify 
    [webkit] ΓÇ║ tests\elements\checkBox.spec.ts:35:9 ΓÇ║ CheckBox Tests ΓÇ║ should display result when checkbox is selected 
    [webkit] ΓÇ║ tests\elements\checkBox.spec.ts:46:9 ΓÇ║ CheckBox Tests ΓÇ║ should verify checkbox item expansion 
    [webkit] ΓÇ║ tests\elements\links.spec.ts:8:9 ΓÇ║ Links Tests ΓÇ║ should click home link and verify navigation 
    [webkit] ΓÇ║ tests\elements\links.spec.ts:29:9 ΓÇ║ Links Tests ΓÇ║ should verify created link response 
    [webkit] ΓÇ║ tests\elements\links.spec.ts:39:9 ΓÇ║ Links Tests ΓÇ║ should verify no content link response 
    [webkit] ΓÇ║ tests\elements\links.spec.ts:49:9 ΓÇ║ Links Tests ΓÇ║ should verify moved permanently link response 
    [webkit] ΓÇ║ tests\elements\links.spec.ts:59:9 ΓÇ║ Links Tests ΓÇ║ should copy link href ΓöÇΓöÇΓöÇΓöÇΓöÇΓöÇΓöÇΓöÇΓöÇΓöÇΓöÇΓöÇΓöÇ
    [webkit] ΓÇ║ tests\elements\radioButton.spec.ts:8:9 ΓÇ║ RadioButton Tests ΓÇ║ should select yes radio button 
    [webkit] ΓÇ║ tests\elements\radioButton.spec.ts:15:9 ΓÇ║ RadioButton Tests ΓÇ║ should select impressive radio button 
    [webkit] ΓÇ║ tests\elements\radioButton.spec.ts:22:9 ΓÇ║ RadioButton Tests ΓÇ║ should not be able to select no option 
    [webkit] ΓÇ║ tests\elements\radioButton.spec.ts:27:9 ΓÇ║ RadioButton Tests ΓÇ║ should verify radio button selection with different values 
    [webkit] ΓÇ║ tests\elements\radioButton.spec.ts:37:9 ΓÇ║ RadioButton Tests ΓÇ║ should change selection from one radio button to another 
    [webkit] ΓÇ║ tests\elements\textBox.spec.ts:9:9 ΓÇ║ TextBox Tests ΓÇ║ should fill textbox with valid data and verify output 
    [webkit] ΓÇ║ tests\elements\textBox.spec.ts:25:9 ΓÇ║ TextBox Tests ΓÇ║ should fill only required fields and submit 
    [webkit] ΓÇ║ tests\elements\textBox.spec.ts:36:9 ΓÇ║ TextBox Tests ΓÇ║ should verify multiple text inputs filling 
    [webkit] ΓÇ║ tests\elements\textBox.spec.ts:48:9 ΓÇ║ TextBox Tests ΓÇ║ should clear and re-enter text in textbox 
    [webkit] ΓÇ║ tests\elements\textBox.spec.ts:60:9 ΓÇ║ TextBox Tests ΓÇ║ should verify email field validation with special characters 
    [webkit] ΓÇ║ tests\elements\uploadDownload.spec.ts:10:9 ΓÇ║ Upload and Download Tests ΓÇ║ should download file 
    [webkit] ΓÇ║ tests\elements\uploadDownload.spec.ts:16:9 ΓÇ║ Upload and Download Tests ΓÇ║ should upload file 
    [webkit] ΓÇ║ tests\elements\uploadDownload.spec.ts:28:9 ΓÇ║ Upload and Download Tests ΓÇ║ should verify uploaded file path in display 
    [webkit] ΓÇ║ tests\elements\webTables.spec.ts:9:9 ΓÇ║ WebTables Tests ΓÇ║ should verify web table is visible 
    [webkit] ΓÇ║ tests\elements\webTables.spec.ts:14:9 ΓÇ║ WebTables Tests ΓÇ║ should add new record to table 
    [webkit] ΓÇ║ tests\elements\webTables.spec.ts:33:9 ΓÇ║ WebTables Tests ΓÇ║ should search for record in table 
    [webkit] ΓÇ║ tests\elements\webTables.spec.ts:41:9 ΓÇ║ WebTables Tests ΓÇ║ should edit first record in table 
    [webkit] ΓÇ║ tests\elements\webTables.spec.ts:49:9 ΓÇ║ WebTables Tests ΓÇ║ should delete record from table 
    [webkit] ΓÇ║ tests\elements\webTables.spec.ts:61:9 ΓÇ║ WebTables Tests ΓÇ║ should change table rows per page 
    [webkit] ΓÇ║ tests\forms\practiceForm.spec.ts:9:9 ΓÇ║ Practice Form Tests ΓÇ║ should fill complete form with all fields 
    [webkit] ΓÇ║ tests\forms\practiceForm.spec.ts:30:9 ΓÇ║ Practice Form Tests ΓÇ║ should fill form with male gender 
    [webkit] ΓÇ║ tests\forms\practiceForm.spec.ts:46:9 ΓÇ║ Practice Form Tests ΓÇ║ should fill form with female gender 
    [webkit] ΓÇ║ tests\forms\practiceForm.spec.ts:62:9 ΓÇ║ Practice Form Tests ΓÇ║ should fill form with multiple hobbies 
    [webkit] ΓÇ║ tests\forms\practiceForm.spec.ts:83:9 ΓÇ║ Practice Form Tests ΓÇ║ should verify form validation with empty fields 
    [webkit] ΓÇ║ tests\forms\practiceForm.spec.ts:91:9 ΓÇ║ Practice Form Tests ΓÇ║ should clear and update form fields 
    [webkit] ΓÇ║ tests\HomePage.spec.ts:6:7 ΓÇ║ HomePage Tests ΓÇ║ verify homepage and  all cards ΓöÇΓöÇΓöÇΓöÇΓöÇΓöÇΓöÇΓöÇ
    [webkit] ΓÇ║ tests\interactions\dragAndDrop.spec.ts:8:9 ΓÇ║ Drag and Drop Tests ΓÇ║ should drag element and drop it 
    [webkit] ΓÇ║ tests\interactions\dragAndDrop.spec.ts:15:9 ΓÇ║ Drag and Drop Tests ΓÇ║ should verify drag and drop message text 
    [webkit] ΓÇ║ tests\interactions\dragAndDrop.spec.ts:22:9 ΓÇ║ Drag and Drop Tests ΓÇ║ should enter correct drag and drop behavior 
    [webkit] ΓÇ║ tests\interactions\dragAndDrop.spec.ts:37:9 ΓÇ║ Sortable Tests ΓÇ║ should sort items ΓöÇΓöÇΓöÇΓöÇ
    [webkit] ΓÇ║ tests\interactions\dragAndDrop.spec.ts:51:9 ΓÇ║ Selectable Tests ΓÇ║ should select single item 
    [webkit] ΓÇ║ tests\interactions\dragAndDrop.spec.ts:58:9 ΓÇ║ Selectable Tests ΓÇ║ should select multiple items 
    [webkit] ΓÇ║ tests\TextBox.spec.js:3:1 ΓÇ║ Fill out Text Boxes and Submit ΓöÇΓöÇΓöÇΓöÇΓöÇΓöÇΓöÇΓöÇΓöÇΓöÇΓöÇΓöÇΓöÇΓöÇΓöÇΓöÇΓöÇΓöÇΓöÇΓöÇΓöÇΓöÇΓöÇΓöÇΓöÇΓöÇ
    [webkit] ΓÇ║ tests\VerifyPageTitle_URL.spec.js:3:1 ΓÇ║ Verify Page Title and URL ΓöÇΓöÇΓöÇΓöÇΓöÇΓöÇΓöÇΓöÇΓöÇΓöÇΓöÇΓöÇΓöÇΓöÇΓöÇΓöÇΓöÇΓöÇΓöÇ
    [webkit] ΓÇ║ tests\widgets\datePicker.spec.ts:9:9 ΓÇ║ Date Picker Tests ΓÇ║ should select date from date picker 
    [webkit] ΓÇ║ tests\widgets\datePicker.spec.ts:18:9 ΓÇ║ Date Picker Tests ΓÇ║ should select date with specific offset 
    [webkit] ΓÇ║ tests\widgets\datePicker.spec.ts:27:9 ΓÇ║ Date Picker Tests ΓÇ║ should clear and reselect date 
    [webkit] ΓÇ║ tests\widgets\datePicker.spec.ts:39:9 ΓÇ║ Date Picker Tests ΓÇ║ should select month and year 
    [webkit] ΓÇ║ tests\widgets\datePicker.spec.ts:48:9 ΓÇ║ Date Picker Tests ΓÇ║ should select time ΓöÇΓöÇΓöÇΓöÇΓöÇΓöÇ
    [webkit] ΓÇ║ tests\widgets\toolTips.spec.ts:8:9 ΓÇ║ ToolTips Tests ΓÇ║ should hover over button to see tooltip 
    [webkit] ΓÇ║ tests\widgets\toolTips.spec.ts:15:9 ΓÇ║ ToolTips Tests ΓÇ║ should get tooltip text on hover 
    [webkit] ΓÇ║ tests\widgets\toolTips.spec.ts:23:9 ΓÇ║ ToolTips Tests ΓÇ║ should interact with slider ΓöÇΓöÇ
    [webkit] ΓÇ║ tests\widgets\toolTips.spec.ts:30:9 ΓÇ║ ToolTips Tests ΓÇ║ should set slider to maximum value 
    [webkit] ΓÇ║ tests\widgets\toolTips.spec.ts:37:9 ΓÇ║ ToolTips Tests ΓÇ║ should set slider to minimum value 
    [webkit] ΓÇ║ tests\widgets\toolTips.spec.ts:44:9 ΓÇ║ ToolTips Tests ΓÇ║ should start and reset progress bar 
    [webkit] ΓÇ║ tests\widgets\toolTips.spec.ts:54:9 ΓÇ║ ToolTips Tests ΓÇ║ should fill autocomplete field 
  42 passed (26.6m)

[36m  Serving HTML report at http://localhost:61312. Press Ctrl+C to quit.[39m
